Archive member included to satisfy reference by file (symbol)

c:/st/stm32cubeide_1.4.0/stm32cubeide/plugins/com.st.stm32cube.ide.mcu.externaltools.gnu-tools-for-stm32.7-2018-q2-update.win32_1.4.0.202007081208/tools/bin/../lib/gcc/arm-none-eabi/7.3.1/../../../../arm-none-eabi/lib/thumb/v7e-m/fpv4-sp/hard\libc_nano.a(lib_a-atoi.o)
                              Core/Src/NMEA.o (atoi)
c:/st/stm32cubeide_1.4.0/stm32cubeide/plugins/com.st.stm32cube.ide.mcu.externaltools.gnu-tools-for-stm32.7-2018-q2-update.win32_1.4.0.202007081208/tools/bin/../lib/gcc/arm-none-eabi/7.3.1/../../../../arm-none-eabi/lib/thumb/v7e-m/fpv4-sp/hard\libc_nano.a(lib_a-errno.o)
                              Core/Src/syscalls.o (__errno)
c:/st/stm32cubeide_1.4.0/stm32cubeide/plugins/com.st.stm32cube.ide.mcu.externaltools.gnu-tools-for-stm32.7-2018-q2-update.win32_1.4.0.202007081208/tools/bin/../lib/gcc/arm-none-eabi/7.3.1/../../../../arm-none-eabi/lib/thumb/v7e-m/fpv4-sp/hard\libc_nano.a(lib_a-exit.o)
                              c:/st/stm32cubeide_1.4.0/stm32cubeide/plugins/com.st.stm32cube.ide.mcu.externaltools.gnu-tools-for-stm32.7-2018-q2-update.win32_1.4.0.202007081208/tools/bin/../lib/gcc/arm-none-eabi/7.3.1/../../../../arm-none-eabi/lib/thumb/v7e-m/fpv4-sp/hard/crt0.o (exit)
c:/st/stm32cubeide_1.4.0/stm32cubeide/plugins/com.st.stm32cube.ide.mcu.externaltools.gnu-tools-for-stm32.7-2018-q2-update.win32_1.4.0.202007081208/tools/bin/../lib/gcc/arm-none-eabi/7.3.1/../../../../arm-none-eabi/lib/thumb/v7e-m/fpv4-sp/hard\libc_nano.a(lib_a-impure.o)
                              c:/st/stm32cubeide_1.4.0/stm32cubeide/plugins/com.st.stm32cube.ide.mcu.externaltools.gnu-tools-for-stm32.7-2018-q2-update.win32_1.4.0.202007081208/tools/bin/../lib/gcc/arm-none-eabi/7.3.1/../../../../arm-none-eabi/lib/thumb/v7e-m/fpv4-sp/hard\libc_nano.a(lib_a-exit.o) (_global_impure_ptr)
c:/st/stm32cubeide_1.4.0/stm32cubeide/plugins/com.st.stm32cube.ide.mcu.externaltools.gnu-tools-for-stm32.7-2018-q2-update.win32_1.4.0.202007081208/tools/bin/../lib/gcc/arm-none-eabi/7.3.1/../../../../arm-none-eabi/lib/thumb/v7e-m/fpv4-sp/hard\libc_nano.a(lib_a-init.o)
                              c:/st/stm32cubeide_1.4.0/stm32cubeide/plugins/com.st.stm32cube.ide.mcu.externaltools.gnu-tools-for-stm32.7-2018-q2-update.win32_1.4.0.202007081208/tools/bin/../lib/gcc/arm-none-eabi/7.3.1/../../../../arm-none-eabi/lib/thumb/v7e-m/fpv4-sp/hard/crt0.o (__libc_init_array)
c:/st/stm32cubeide_1.4.0/stm32cubeide/plugins/com.st.stm32cube.ide.mcu.externaltools.gnu-tools-for-stm32.7-2018-q2-update.win32_1.4.0.202007081208/tools/bin/../lib/gcc/arm-none-eabi/7.3.1/../../../../arm-none-eabi/lib/thumb/v7e-m/fpv4-sp/hard\libc_nano.a(lib_a-memcmp.o)
                              ThirdParty/SEGGER/OS/SEGGER_SYSVIEW_FreeRTOS.o (memcmp)
c:/st/stm32cubeide_1.4.0/stm32cubeide/plugins/com.st.stm32cube.ide.mcu.externaltools.gnu-tools-for-stm32.7-2018-q2-update.win32_1.4.0.202007081208/tools/bin/../lib/gcc/arm-none-eabi/7.3.1/../../../../arm-none-eabi/lib/thumb/v7e-m/fpv4-sp/hard\libc_nano.a(lib_a-memcpy-stub.o)
                              ThirdParty/FreeRTOS/queue.o (memcpy)
c:/st/stm32cubeide_1.4.0/stm32cubeide/plugins/com.st.stm32cube.ide.mcu.externaltools.gnu-tools-for-stm32.7-2018-q2-update.win32_1.4.0.202007081208/tools/bin/../lib/gcc/arm-none-eabi/7.3.1/../../../../arm-none-eabi/lib/thumb/v7e-m/fpv4-sp/hard\libc_nano.a(lib_a-memset.o)
                              c:/st/stm32cubeide_1.4.0/stm32cubeide/plugins/com.st.stm32cube.ide.mcu.externaltools.gnu-tools-for-stm32.7-2018-q2-update.win32_1.4.0.202007081208/tools/bin/../lib/gcc/arm-none-eabi/7.3.1/../../../../arm-none-eabi/lib/thumb/v7e-m/fpv4-sp/hard/crt0.o (memset)
c:/st/stm32cubeide_1.4.0/stm32cubeide/plugins/com.st.stm32cube.ide.mcu.externaltools.gnu-tools-for-stm32.7-2018-q2-update.win32_1.4.0.202007081208/tools/bin/../lib/gcc/arm-none-eabi/7.3.1/../../../../arm-none-eabi/lib/thumb/v7e-m/fpv4-sp/hard\libc_nano.a(lib_a-strlen.o)
                              Core/Src/NMEA.o (strlen)
c:/st/stm32cubeide_1.4.0/stm32cubeide/plugins/com.st.stm32cube.ide.mcu.externaltools.gnu-tools-for-stm32.7-2018-q2-update.win32_1.4.0.202007081208/tools/bin/../lib/gcc/arm-none-eabi/7.3.1/../../../../arm-none-eabi/lib/thumb/v7e-m/fpv4-sp/hard\libc_nano.a(lib_a-strtod.o)
                              Core/Src/NMEA.o (strtof)
c:/st/stm32cubeide_1.4.0/stm32cubeide/plugins/com.st.stm32cube.ide.mcu.externaltools.gnu-tools-for-stm32.7-2018-q2-update.win32_1.4.0.202007081208/tools/bin/../lib/gcc/arm-none-eabi/7.3.1/../../../../arm-none-eabi/lib/thumb/v7e-m/fpv4-sp/hard\libc_nano.a(lib_a-strtol.o)
                              c:/st/stm32cubeide_1.4.0/stm32cubeide/plugins/com.st.stm32cube.ide.mcu.externaltools.gnu-tools-for-stm32.7-2018-q2-update.win32_1.4.0.202007081208/tools/bin/../lib/gcc/arm-none-eabi/7.3.1/../../../../arm-none-eabi/lib/thumb/v7e-m/fpv4-sp/hard\libc_nano.a(lib_a-atoi.o) (_strtol_r)
[...]
Memory Configuration

Name             Origin             Length             Attributes
RAM              0x0000000020000000 0x0000000000020000 xrw
FLASH            0x0000000008000000 0x0000000000080000 xr
*default*        0x0000000000000000 0xffffffffffffffff

Linker script and memory map

LOAD c:/st/stm32cubeide_1.4.0/stm32cubeide/plugins/com.st.stm32cube.ide.mcu.externaltools.gnu-tools-for-stm32.7-2018-q2-update.win32_1.4.0.202007081208/tools/bin/../lib/gcc/arm-none-eabi/7.3.1/thumb/v7e-m/fpv4-sp/hard/crti.o
LOAD c:/st/stm32cubeide_1.4.0/stm32cubeide/plugins/com.st.stm32cube.ide.mcu.externaltools.gnu-tools-for-stm32.7-2018-q2-update.win32_1.4.0.202007081208/tools/bin/../lib/gcc/arm-none-eabi/7.3.1/thumb/v7e-m/fpv4-sp/hard/crtbegin.o
LOAD c:/st/stm32cubeide_1.4.0/stm32cubeide/plugins/com.st.stm32cube.ide.mcu.externaltools.gnu-tools-for-stm32.7-2018-q2-update.win32_1.4.0.202007081208/tools/bin/../lib/gcc/arm-none-eabi/7.3.1/../../../../arm-none-eabi/lib/thumb/v7e-m/fpv4-sp/hard/crt0.o
LOAD Core/Src/Buzzer.o
LOAD Core/Src/Car_Control.o
LOAD Core/Src/GPS.o
LOAD Core/Src/Help_Functions.o
LOAD Core/Src/LCD_I2C.o
LOAD Core/Src/LightSensor.o
LOAD Core/Src/NMEA.o
LOAD Core/Src/Tasks.o
LOAD Core/Src/UartRingbuffer.o
LOAD Core/Src/bluetooth.o
LOAD Core/Src/calculateSpeed.o
LOAD Core/Src/main.o
LOAD Core/Src/stm32f4xx_hal_msp.o
LOAD Core/Src/stm32f4xx_hal_timebase_tim.o
LOAD Core/Src/stm32f4xx_it.o
LOAD Core/Src/syscalls.o
LOAD Core/Src/system_stm32f4xx.o
LOAD Core/Startup/startup_stm32f446retx.o
LOAD Drivers/STM32F4xx_HAL_Driver/Src/stm32f4xx_hal.o
LOAD Drivers/STM32F4xx_HAL_Driver/Src/stm32f4xx_hal_cortex.o
LOAD Drivers/STM32F4xx_HAL_Driver/Src/stm32f4xx_hal_dma.o
LOAD Drivers/STM32F4xx_HAL_Driver/Src/stm32f4xx_hal_dma_ex.o
LOAD Drivers/STM32F4xx_HAL_Driver/Src/stm32f4xx_hal_exti.o
LOAD Drivers/STM32F4xx_HAL_Driver/Src/stm32f4xx_hal_flash.o
LOAD Drivers/STM32F4xx_HAL_Driver/Src/stm32f4xx_hal_flash_ex.o
LOAD Drivers/STM32F4xx_HAL_Driver/Src/stm32f4xx_hal_flash_ramfunc.o
LOAD Drivers/STM32F4xx_HAL_Driver/Src/stm32f4xx_hal_gpio.o
LOAD Drivers/STM32F4xx_HAL_Driver/Src/stm32f4xx_hal_i2c.o
LOAD Drivers/STM32F4xx_HAL_Driver/Src/stm32f4xx_hal_i2c_ex.o
LOAD Drivers/STM32F4xx_HAL_Driver/Src/stm32f4xx_hal_pwr.o
LOAD Drivers/STM32F4xx_HAL_Driver/Src/stm32f4xx_hal_pwr_ex.o
LOAD Drivers/STM32F4xx_HAL_Driver/Src/stm32f4xx_hal_rcc.o
LOAD Drivers/STM32F4xx_HAL_Driver/Src/stm32f4xx_hal_rcc_ex.o
LOAD Drivers/STM32F4xx_HAL_Driver/Src/stm32f4xx_hal_tim.o
LOAD Drivers/STM32F4xx_HAL_Driver/Src/stm32f4xx_hal_tim_ex.o
LOAD Drivers/STM32F4xx_HAL_Driver/Src/stm32f4xx_hal_uart.o
LOAD ThirdParty/FreeRTOS/croutine.o
LOAD ThirdParty/FreeRTOS/event_groups.o
LOAD ThirdParty/FreeRTOS/list.o
LOAD ThirdParty/FreeRTOS/queue.o
LOAD ThirdParty/FreeRTOS/stream_buffer.o
LOAD ThirdParty/FreeRTOS/tasks.o
LOAD ThirdParty/FreeRTOS/timers.o
LOAD ThirdParty/FreeRTOS/portable/GCC/ARM_CM4F/port.o
LOAD ThirdParty/FreeRTOS/portable/MemMang/heap_4.o
LOAD ThirdParty/SEGGER/Config/SEGGER_SYSVIEW_Config_FreeRTOS.o
LOAD ThirdParty/SEGGER/OS/SEGGER_SYSVIEW_FreeRTOS.o
LOAD ThirdParty/SEGGER/SEGGER/SEGGER_RTT.o
LOAD ThirdParty/SEGGER/SEGGER/SEGGER_RTT_ASM_ARMv7M.o
LOAD ThirdParty/SEGGER/SEGGER/SEGGER_RTT_printf.o
LOAD ThirdParty/SEGGER/SEGGER/SEGGER_SYSVIEW.o
LOAD ThirdParty/SEGGER/SEGGER/Syscalls/SEGGER_RTT_Syscalls_GCC.o
START GROUP
LOAD c:/st/stm32cubeide_1.4.0/stm32cubeide/plugins/com.st.stm32cube.ide.mcu.externaltools.gnu-tools-for-stm32.7-2018-q2-update.win32_1.4.0.202007081208/tools/bin/../lib/gcc/arm-none-eabi/7.3.1/../../../../arm-none-eabi/lib/thumb/v7e-m/fpv4-sp/hard\libc_nano.a
LOAD c:/st/stm32cubeide_1.4.0/stm32cubeide/plugins/com.st.stm32cube.ide.mcu.externaltools.gnu-tools-for-stm32.7-2018-q2-update.win32_1.4.0.202007081208/tools/bin/../lib/gcc/arm-none-eabi/7.3.1/../../../../arm-none-eabi/lib/thumb/v7e-m/fpv4-sp/hard\libm.a
END GROUP
START GROUP
LOAD c:/st/stm32cubeide_1.4.0/stm32cubeide/plugins/com.st.stm32cube.ide.mcu.externaltools.gnu-tools-for-stm32.7-2018-q2-update.win32_1.4.0.202007081208/tools/bin/../lib/gcc/arm-none-eabi/7.3.1/thumb/v7e-m/fpv4-sp/hard\libgcc.a
LOAD c:/st/stm32cubeide_1.4.0/stm32cubeide/plugins/com.st.stm32cube.ide.mcu.externaltools.gnu-tools-for-stm32.7-2018-q2-update.win32_1.4.0.202007081208/tools/bin/../lib/gcc/arm-none-eabi/7.3.1/../../../../arm-none-eabi/lib/thumb/v7e-m/fpv4-sp/hard\libc_nano.a
END GROUP
START GROUP
LOAD c:/st/stm32cubeide_1.4.0/stm32cubeide/plugins/com.st.stm32cube.ide.mcu.externaltools.gnu-tools-for-stm32.7-2018-q2-update.win32_1.4.0.202007081208/tools/bin/../lib/gcc/arm-none-eabi/7.3.1/thumb/v7e-m/fpv4-sp/hard\libgcc.a
LOAD c:/st/stm32cubeide_1.4.0/stm32cubeide/plugins/com.st.stm32cube.ide.mcu.externaltools.gnu-tools-for-stm32.7-2018-q2-update.win32_1.4.0.202007081208/tools/bin/../lib/gcc/arm-none-eabi/7.3.1/../../../../arm-none-eabi/lib/thumb/v7e-m/fpv4-sp/hard\libc_nano.a
LOAD c:/st/stm32cubeide_1.4.0/stm32cubeide/plugins/com.st.stm32cube.ide.mcu.externaltools.gnu-tools-for-stm32.7-2018-q2-update.win32_1.4.0.202007081208/tools/bin/../lib/gcc/arm-none-eabi/7.3.1/../../../../arm-none-eabi/lib/thumb/v7e-m/fpv4-sp/hard\libnosys.a
END GROUP
START GROUP
LOAD c:/st/stm32cubeide_1.4.0/stm32cubeide/plugins/com.st.stm32cube.ide.mcu.externaltools.gnu-tools-for-stm32.7-2018-q2-update.win32_1.4.0.202007081208/tools/bin/../lib/gcc/arm-none-eabi/7.3.1/thumb/v7e-m/fpv4-sp/hard\libgcc.a
LOAD c:/st/stm32cubeide_1.4.0/stm32cubeide/plugins/com.st.stm32cube.ide.mcu.externaltools.gnu-tools-for-stm32.7-2018-q2-update.win32_1.4.0.202007081208/tools/bin/../lib/gcc/arm-none-eabi/7.3.1/../../../../arm-none-eabi/lib/thumb/v7e-m/fpv4-sp/hard\libc_nano.a
LOAD c:/st/stm32cubeide_1.4.0/stm32cubeide/plugins/com.st.stm32cube.ide.mcu.externaltools.gnu-tools-for-stm32.7-2018-q2-update.win32_1.4.0.202007081208/tools/bin/../lib/gcc/arm-none-eabi/7.3.1/../../../../arm-none-eabi/lib/thumb/v7e-m/fpv4-sp/hard\libnosys.a
END GROUP
LOAD c:/st/stm32cubeide_1.4.0/stm32cubeide/plugins/com.st.stm32cube.ide.mcu.externaltools.gnu-tools-for-stm32.7-2018-q2-update.win32_1.4.0.202007081208/tools/bin/../lib/gcc/arm-none-eabi/7.3.1/thumb/v7e-m/fpv4-sp/hard/crtend.o
LOAD c:/st/stm32cubeide_1.4.0/stm32cubeide/plugins/com.st.stm32cube.ide.mcu.externaltools.gnu-tools-for-stm32.7-2018-q2-update.win32_1.4.0.202007081208/tools/bin/../lib/gcc/arm-none-eabi/7.3.1/thumb/v7e-m/fpv4-sp/hard/crtn.o
                0x0000000020020000                _estack = (ORIGIN (RAM) + LENGTH (RAM))
                0x0000000000000200                _Min_Heap_Size = 0x200
                0x0000000000000400                _Min_Stack_Size = 0x400

.isr_vector     0x0000000008000000      0x1c4
                0x0000000008000000                . = ALIGN (0x4)
 *(.isr_vector)
 .isr_vector    0x0000000008000000      0x1c4 Core/Startup/startup_stm32f446retx.o
                0x0000000008000000                g_pfnVectors
                0x00000000080001c4                . = ALIGN (0x4)

.text           0x00000000080001d0     0x6ffc
                0x00000000080001d0                . = ALIGN (0x4)
 *(.text)
 .text          0x00000000080001d0       0x40 c:/st/stm32cubeide_1.4.0/stm32cubeide/plugins/com.st.stm32cube.ide.mcu.externaltools.gnu-tools-for-stm32.7-2018-q2-update.win32_1.4.0.202007081208/tools/bin/../lib/gcc/arm-none-eabi/7.3.1/thumb/v7e-m/fpv4-sp/hard/crtbegin.o
 .text          0x0000000008000210       0x94 ThirdParty/SEGGER/SEGGER/SEGGER_RTT_ASM_ARMv7M.o
                0x0000000008000210                SEGGER_RTT_ASM_WriteSkipNoLock
 .text          0x00000000080002a4      0x378 c:/st/stm32cubeide_1.4.0/stm32cubeide/plugins/com.st.stm32cube.ide.mcu.externaltools.gnu-tools-for-stm32.7-2018-q2-update.win32_1.4.0.202007081208/tools/bin/../lib/gcc/arm-none-eabi/7.3.1/thumb/v7e-m/fpv4-sp/hard\libgcc.a(_arm_addsubdf3.o)
                0x00000000080002a4                __aeabi_drsub
                0x00000000080002ac                __aeabi_dsub
                0x00000000080002ac                __subdf3
                0x00000000080002b0                __aeabi_dadd
                0x00000000080002b0                __adddf3
                0x0000000008000528                __floatunsidf
                0x0000000008000528                __aeabi_ui2d
                0x0000000008000548                __floatsidf
                0x0000000008000548                __aeabi_i2d
                0x000000000800056c                __aeabi_f2d
                0x000000000800056c                __extendsfdf2
                0x00000000080005b0                __floatundidf
                0x00000000080005b0                __aeabi_ul2d
                0x00000000080005c0                __floatdidf
                0x00000000080005c0                __aeabi_l2d
 .text          0x000000000800061c      0x424 c:/st/stm32cubeide_1.4.0/stm32cubeide/plugins/com.st.stm32cube.ide.mcu.externaltools.gnu-tools-for-stm32.7-2018-q2-update.win32_1.4.0.202007081208/tools/bin/../lib/gcc/arm-none-eabi/7.3.1/thumb/v7e-m/fpv4-sp/hard\libgcc.a(_arm_muldivdf3.o)
                0x000000000800061c                __aeabi_dmul
                0x000000000800061c                __muldf3
                0x0000000008000870                __divdf3
                0x0000000008000870                __aeabi_ddiv
 .text          0x0000000008000a40       0x40 c:/st/stm32cubeide_1.4.0/stm32cubeide/plugins/com.st.stm32cube.ide.mcu.externaltools.gnu-tools-for-stm32.7-2018-q2-update.win32_1.4.0.202007081208/tools/bin/../lib/gcc/arm-none-eabi/7.3.1/thumb/v7e-m/fpv4-sp/hard\libgcc.a(_arm_fixunsdfsi.o)
                0x0000000008000a40                __aeabi_d2uiz
                0x0000000008000a40                __fixunsdfsi
 .text          0x0000000008000a80       0xa0 c:/st/stm32cubeide_1.4.0/stm32cubeide/plugins/com.st.stm32cube.ide.mcu.externaltools.gnu-tools-for-stm32.7-2018-q2-update.win32_1.4.0.202007081208/tools/bin/../lib/gcc/arm-none-eabi/7.3.1/thumb/v7e-m/fpv4-sp/hard\libgcc.a(_arm_truncdfsf2.o)
                0x0000000008000a80                __truncdfsf2
                0x0000000008000a80                __aeabi_d2f
 .text          0x0000000008000b20       0x30 c:/st/stm32cubeide_1.4.0/stm32cubeide/plugins/com.st.stm32cube.ide.mcu.externaltools.gnu-tools-for-stm32.7-2018-q2-update.win32_1.4.0.202007081208/tools/bin/../lib/gcc/arm-none-eabi/7.3.1/thumb/v7e-m/fpv4-sp/hard\libgcc.a(_aeabi_uldivmod.o)
                0x0000000008000b20                __aeabi_uldivmod
 .text          0x0000000008000b50      0x2cc c:/st/stm32cubeide_1.4.0/stm32cubeide/plugins/com.st.stm32cube.ide.mcu.externaltools.gnu-tools-for-stm32.7-2018-q2-update.win32_1.4.0.202007081208/tools/bin/../lib/gcc/arm-none-eabi/7.3.1/thumb/v7e-m/fpv4-sp/hard\libgcc.a(_udivmoddi4.o)
                0x0000000008000b50                __udivmoddi4
 .text          0x0000000008000e1c        0x4 c:/st/stm32cubeide_1.4.0/stm32cubeide/plugins/com.st.stm32cube.ide.mcu.externaltools.gnu-tools-for-stm32.7-2018-q2-update.win32_1.4.0.202007081208/tools/bin/../lib/gcc/arm-none-eabi/7.3.1/thumb/v7e-m/fpv4-sp/hard\libgcc.a(_dvmd_tls.o)
                0x0000000008000e1c                __aeabi_idiv0
                0x0000000008000e1c                __aeabi_ldiv0
 *(.text*)
 .text.LCD_voidInit
                0x0000000008000e20       0x5c Core/Src/LCD_I2C.o
                0x0000000008000e20                LCD_voidInit
 .text.LCD_voidSendCommand
                0x0000000008000e7c       0x60 Core/Src/LCD_I2C.o
                0x0000000008000e7c                LCD_voidSendCommand
 .text.LightSensor_voidInit
                0x0000000008000edc       0x18 Core/Src/LightSensor.o
                0x0000000008000edc                LightSensor_voidInit
 .text.TSL2561_WriteByte
                0x0000000008000ef4       0x38 Core/Src/LightSensor.o
 .text.store_char
                0x0000000008000f2c       0x46 Core/Src/UartRingbuffer.o
                0x0000000008000f2c                store_char
 *fill*         0x0000000008000f72        0x2 
 .text.Uart_isr
                0x0000000008000f74       0xbc Core/Src/UartRingbuffer.o
                0x0000000008000f74                Uart_isr
 .text.Calculate_Car_Speed
                0x0000000008001030       0x54 Core/Src/calculateSpeed.o
                0x0000000008001030                Calculate_Car_Speed
 .text.main     0x0000000008001084       0x70 Core/Src/main.o
                0x0000000008001084                main
 .text.SystemClock_Config
                0x00000000080010f4       0xd8 Core/Src/main.o
                0x00000000080010f4                SystemClock_Config
 .text.MX_I2C1_Init
                0x00000000080011cc       0x5c Core/Src/main.o
 .text.MX_I2C2_Init
                0x0000000008001228       0x5c Core/Src/main.o
 .text.MX_I2C3_Init
                0x0000000008001284       0x5c Core/Src/main.o
 .text.MX_TIM2_Init
                0x00000000080012e0       0xc0 Core/Src/main.o
 .text.MX_TIM3_Init
                0x00000000080013a0       0xf4 Core/Src/main.o
 .text.MX_TIM6_Init
                0x0000000008001494       0x6c Core/Src/main.o
 .text.MX_TIM12_Init
                0x0000000008001500       0x88 Core/Src/main.o
 .text.MX_UART5_Init
                0x0000000008001588       0x54 Core/Src/main.o
 .text.MX_USART1_UART_Init
                0x00000000080015dc       0x54 Core/Src/main.o
 .text.MX_USART3_UART_Init
                0x0000000008001630       0x54 Core/Src/main.o
 .text.MX_GPIO_Init
                0x0000000008001684       0xf0 Core/Src/main.o
 .text.HAL_TIM_IC_CaptureCallback
                0x0000000008001774       0x3c Core/Src/main.o
                0x0000000008001774                HAL_TIM_IC_CaptureCallback
 .text.HAL_UART_RxCpltCallback
                0x00000000080017b0       0x30 Core/Src/main.o
                0x00000000080017b0                HAL_UART_RxCpltCallback
 .text.HAL_TIM_PeriodElapsedCallback
                0x00000000080017e0       0x24 Core/Src/main.o
                0x00000000080017e0                HAL_TIM_PeriodElapsedCallback
 .text.Error_Handler
                0x0000000008001804        0x8 Core/Src/main.o
                0x0000000008001804                Error_Handler
 .text.HAL_MspInit
                0x000000000800180c       0x50 Core/Src/stm32f4xx_hal_msp.o
                0x000000000800180c                HAL_MspInit
 .text.HAL_I2C_MspInit
                0x000000000800185c      0x1a4 Core/Src/stm32f4xx_hal_msp.o
                0x000000000800185c                HAL_I2C_MspInit
 .text.HAL_TIM_IC_MspInit
                0x0000000008001a00       0x9c Core/Src/stm32f4xx_hal_msp.o
                0x0000000008001a00                HAL_TIM_IC_MspInit
 .text.HAL_TIM_PWM_MspInit
                0x0000000008001a9c       0x70 Core/Src/stm32f4xx_hal_msp.o
                0x0000000008001a9c                HAL_TIM_PWM_MspInit
 .text.HAL_TIM_Base_MspInit
                0x0000000008001b0c       0x44 Core/Src/stm32f4xx_hal_msp.o
                0x0000000008001b0c                HAL_TIM_Base_MspInit
 .text.HAL_TIM_MspPostInit
                0x0000000008001b50      0x100 Core/Src/stm32f4xx_hal_msp.o
                0x0000000008001b50                HAL_TIM_MspPostInit
 .text.HAL_UART_MspInit
                0x0000000008001c50      0x1d8 Core/Src/stm32f4xx_hal_msp.o
                0x0000000008001c50                HAL_UART_MspInit
 .text.HAL_InitTick
                0x0000000008001e28       0xf8 Core/Src/stm32f4xx_hal_timebase_tim.o
                0x0000000008001e28                HAL_InitTick
 .text.NMI_Handler
                0x0000000008001f20        0x6 Core/Src/stm32f4xx_it.o
                0x0000000008001f20                NMI_Handler
 .text.HardFault_Handler
                0x0000000008001f26        0x6 Core/Src/stm32f4xx_it.o
                0x0000000008001f26                HardFault_Handler
 .text.MemManage_Handler
                0x0000000008001f2c        0x6 Core/Src/stm32f4xx_it.o
                0x0000000008001f2c                MemManage_Handler
 .text.BusFault_Handler
                0x0000000008001f32        0x6 Core/Src/stm32f4xx_it.o
                0x0000000008001f32                BusFault_Handler
 .text.UsageFault_Handler
                0x0000000008001f38        0x6 Core/Src/stm32f4xx_it.o
                0x0000000008001f38                UsageFault_Handler
 *fill*         0x0000000008001f3e        0x2 
 .text.TIM2_IRQHandler
                0x0000000008001f40       0x58 Core/Src/stm32f4xx_it.o
                0x0000000008001f40                TIM2_IRQHandler
 .text.USART1_IRQHandler
                0x0000000008001f98       0x18 Core/Src/stm32f4xx_it.o
                0x0000000008001f98                USART1_IRQHandler
 .text.USART3_IRQHandler
                0x0000000008001fb0       0x14 Core/Src/stm32f4xx_it.o
                0x0000000008001fb0                USART3_IRQHandler
 .text.UART5_IRQHandler
                0x0000000008001fc4       0x14 Core/Src/stm32f4xx_it.o
                0x0000000008001fc4                UART5_IRQHandler
 .text.TIM7_IRQHandler
                0x0000000008001fd8       0x14 Core/Src/stm32f4xx_it.o
                0x0000000008001fd8                TIM7_IRQHandler
 .text.SystemInit
                0x0000000008001fec       0x24 Core/Src/system_stm32f4xx.o
                0x0000000008001fec                SystemInit
 .text.Reset_Handler
                0x0000000008002010       0x50 Core/Startup/startup_stm32f446retx.o
                0x0000000008002010                Reset_Handler
 .text.Default_Handler
                0x0000000008002060        0x2 Core/Startup/startup_stm32f446retx.o
                0x0000000008002060                RTC_Alarm_IRQHandler
                0x0000000008002060                EXTI2_IRQHandler
                0x0000000008002060                TIM8_CC_IRQHandler
                0x0000000008002060                DebugMon_Handler
                0x0000000008002060                FMPI2C1_EV_IRQHandler
                0x0000000008002060                SPI4_IRQHandler
                0x0000000008002060                TIM1_CC_IRQHandler
                0x0000000008002060                DMA2_Stream5_IRQHandler
                0x0000000008002060                DMA1_Stream5_IRQHandler
                0x0000000008002060                PVD_IRQHandler
                0x0000000008002060                SDIO_IRQHandler
                0x0000000008002060                TAMP_STAMP_IRQHandler
                0x0000000008002060                CAN2_RX1_IRQHandler
                0x0000000008002060                EXTI3_IRQHandler
                0x0000000008002060                TIM8_TRG_COM_TIM14_IRQHandler
                0x0000000008002060                TIM1_UP_TIM10_IRQHandler
                0x0000000008002060                TIM8_UP_TIM13_IRQHandler
                0x0000000008002060                I2C3_ER_IRQHandler
                0x0000000008002060                EXTI0_IRQHandler
                0x0000000008002060                I2C2_EV_IRQHandler
                0x0000000008002060                DMA1_Stream2_IRQHandler
                0x0000000008002060                CAN1_RX0_IRQHandler
                0x0000000008002060                FPU_IRQHandler
                0x0000000008002060                OTG_HS_WKUP_IRQHandler
                0x0000000008002060                CAN2_SCE_IRQHandler
                0x0000000008002060                DMA2_Stream2_IRQHandler
                0x0000000008002060                SPI1_IRQHandler
                0x0000000008002060                TIM6_DAC_IRQHandler
                0x0000000008002060                TIM1_BRK_TIM9_IRQHandler
                0x0000000008002060                DCMI_IRQHandler
                0x0000000008002060                CAN2_RX0_IRQHandler
                0x0000000008002060                DMA2_Stream3_IRQHandler
                0x0000000008002060                SAI2_IRQHandler
                0x0000000008002060                USART6_IRQHandler
                0x0000000008002060                CAN1_RX1_IRQHandler
                0x0000000008002060                DMA2_Stream0_IRQHandler
                0x0000000008002060                TIM4_IRQHandler
                0x0000000008002060                QUADSPI_IRQHandler
                0x0000000008002060                I2C1_EV_IRQHandler
                0x0000000008002060                DMA1_Stream6_IRQHandler
                0x0000000008002060                DMA1_Stream1_IRQHandler
                0x0000000008002060                UART4_IRQHandler
                0x0000000008002060                TIM3_IRQHandler
                0x0000000008002060                RCC_IRQHandler
                0x0000000008002060                TIM8_BRK_TIM12_IRQHandler
                0x0000000008002060                Default_Handler
                0x0000000008002060                CEC_IRQHandler
                0x0000000008002060                EXTI15_10_IRQHandler
                0x0000000008002060                ADC_IRQHandler
                0x0000000008002060                DMA1_Stream7_IRQHandler
                0x0000000008002060                CAN2_TX_IRQHandler
                0x0000000008002060                TIM5_IRQHandler
                0x0000000008002060                DMA2_Stream7_IRQHandler
                0x0000000008002060                I2C3_EV_IRQHandler
                0x0000000008002060                EXTI9_5_IRQHandler
                0x0000000008002060                RTC_WKUP_IRQHandler
                0x0000000008002060                SPDIF_RX_IRQHandler
                0x0000000008002060                SPI2_IRQHandler
                0x0000000008002060                OTG_HS_EP1_IN_IRQHandler
                0x0000000008002060                DMA1_Stream0_IRQHandler
                0x0000000008002060                CAN1_TX_IRQHandler
                0x0000000008002060                FMPI2C1_ER_IRQHandler
                0x0000000008002060                EXTI4_IRQHandler
                0x0000000008002060                OTG_HS_EP1_OUT_IRQHandler
                0x0000000008002060                WWDG_IRQHandler
                0x0000000008002060                OTG_FS_WKUP_IRQHandler
                0x0000000008002060                TIM1_TRG_COM_TIM11_IRQHandler
                0x0000000008002060                OTG_HS_IRQHandler
                0x0000000008002060                EXTI1_IRQHandler
                0x0000000008002060                USART2_IRQHandler
                0x0000000008002060                I2C2_ER_IRQHandler
                0x0000000008002060                DMA2_Stream1_IRQHandler
                0x0000000008002060                CAN1_SCE_IRQHandler
                0x0000000008002060                FLASH_IRQHandler
                0x0000000008002060                DMA2_Stream4_IRQHandler
                0x0000000008002060                OTG_FS_IRQHandler
                0x0000000008002060                SPI3_IRQHandler
                0x0000000008002060                DMA1_Stream4_IRQHandler
                0x0000000008002060                I2C1_ER_IRQHandler
                0x0000000008002060                FMC_IRQHandler
                0x0000000008002060                DMA2_Stream6_IRQHandler
                0x0000000008002060                SAI1_IRQHandler
                0x0000000008002060                DMA1_Stream3_IRQHandler
 *fill*         0x0000000008002062        0x2 
 .text.HAL_Init
                0x0000000008002064       0x44 Drivers/STM32F4xx_HAL_Driver/Src/stm32f4xx_hal.o
                0x0000000008002064                HAL_Init
 .text.HAL_IncTick
                0x00000000080020a8       0x28 Drivers/STM32F4xx_HAL_Driver/Src/stm32f4xx_hal.o
                0x00000000080020a8                HAL_IncTick
 .text.HAL_GetTick
                0x00000000080020d0       0x18 Drivers/STM32F4xx_HAL_Driver/Src/stm32f4xx_hal.o
                0x00000000080020d0                HAL_GetTick
 .text.HAL_Delay
                0x00000000080020e8       0x44 Drivers/STM32F4xx_HAL_Driver/Src/stm32f4xx_hal.o
                0x00000000080020e8                HAL_Delay
 .text.__NVIC_SetPriorityGrouping
                0x000000000800212c       0x48 Drivers/STM32F4xx_HAL_Driver/Src/stm32f4xx_hal_cortex.o
 .text.__NVIC_GetPriorityGrouping
                0x0000000008002174       0x1c Drivers/STM32F4xx_HAL_Driver/Src/stm32f4xx_hal_cortex.o
 .text.__NVIC_EnableIRQ
                0x0000000008002190       0x3c Drivers/STM32F4xx_HAL_Driver/Src/stm32f4xx_hal_cortex.o
 .text.__NVIC_SetPriority
                0x00000000080021cc       0x54 Drivers/STM32F4xx_HAL_Driver/Src/stm32f4xx_hal_cortex.o
 .text.NVIC_EncodePriority
                0x0000000008002220       0x66 Drivers/STM32F4xx_HAL_Driver/Src/stm32f4xx_hal_cortex.o
 .text.HAL_NVIC_SetPriorityGrouping
                0x0000000008002286       0x16 Drivers/STM32F4xx_HAL_Driver/Src/stm32f4xx_hal_cortex.o
                0x0000000008002286                HAL_NVIC_SetPriorityGrouping
 .text.HAL_NVIC_SetPriority
                0x000000000800229c       0x38 Drivers/STM32F4xx_HAL_Driver/Src/stm32f4xx_hal_cortex.o
                0x000000000800229c                HAL_NVIC_SetPriority
 .text.HAL_NVIC_EnableIRQ
                0x00000000080022d4       0x1c Drivers/STM32F4xx_HAL_Driver/Src/stm32f4xx_hal_cortex.o
                0x00000000080022d4                HAL_NVIC_EnableIRQ
 .text.HAL_DMA_Abort
                0x00000000080022f0       0xe0 Drivers/STM32F4xx_HAL_Driver/Src/stm32f4xx_hal_dma.o
                0x00000000080022f0                HAL_DMA_Abort
 .text.HAL_DMA_Abort_IT
                0x00000000080023d0       0x44 Drivers/STM32F4xx_HAL_Driver/Src/stm32f4xx_hal_dma.o
                0x00000000080023d0                HAL_DMA_Abort_IT
 .text.HAL_GPIO_Init
                0x0000000008002414      0x324 Drivers/STM32F4xx_HAL_Driver/Src/stm32f4xx_hal_gpio.o
                0x0000000008002414                HAL_GPIO_Init
 .text.HAL_GPIO_WritePin
                0x0000000008002738       0x32 Drivers/STM32F4xx_HAL_Driver/Src/stm32f4xx_hal_gpio.o
                0x0000000008002738                HAL_GPIO_WritePin
 *fill*         0x000000000800276a        0x2 
 .text.HAL_I2C_Init
                0x000000000800276c      0x270 Drivers/STM32F4xx_HAL_Driver/Src/stm32f4xx_hal_i2c.o
                0x000000000800276c                HAL_I2C_Init
 .text.HAL_I2C_Master_Transmit
                0x00000000080029dc      0x1fc Drivers/STM32F4xx_HAL_Driver/Src/stm32f4xx_hal_i2c.o
                0x00000000080029dc                HAL_I2C_Master_Transmit
 .text.HAL_I2C_Mem_Write
                0x0000000008002bd8      0x1f4 Drivers/STM32F4xx_HAL_Driver/Src/stm32f4xx_hal_i2c.o
                0x0000000008002bd8                HAL_I2C_Mem_Write
 .text.I2C_MasterRequestWrite
                0x0000000008002dcc      0x104 Drivers/STM32F4xx_HAL_Driver/Src/stm32f4xx_hal_i2c.o
 .text.I2C_RequestMemoryWrite
                0x0000000008002ed0      0x12c Drivers/STM32F4xx_HAL_Driver/Src/stm32f4xx_hal_i2c.o
 .text.I2C_WaitOnFlagUntilTimeout
                0x0000000008002ffc       0xae Drivers/STM32F4xx_HAL_Driver/Src/stm32f4xx_hal_i2c.o
 .text.I2C_WaitOnMasterAddressFlagUntilTimeout
                0x00000000080030aa       0xfe Drivers/STM32F4xx_HAL_Driver/Src/stm32f4xx_hal_i2c.o
 .text.I2C_WaitOnTXEFlagUntilTimeout
                0x00000000080031a8       0x82 Drivers/STM32F4xx_HAL_Driver/Src/stm32f4xx_hal_i2c.o
 .text.I2C_WaitOnBTFFlagUntilTimeout
                0x000000000800322a       0x82 Drivers/STM32F4xx_HAL_Driver/Src/stm32f4xx_hal_i2c.o
 .text.I2C_IsAcknowledgeFailed
                0x00000000080032ac       0x5e Drivers/STM32F4xx_HAL_Driver/Src/stm32f4xx_hal_i2c.o
 *fill*         0x000000000800330a        0x2 
 .text.HAL_RCC_ClockConfig
                0x000000000800330c      0x1cc Drivers/STM32F4xx_HAL_Driver/Src/stm32f4xx_hal_rcc.o
                0x000000000800330c                HAL_RCC_ClockConfig
 .text.HAL_RCC_GetHCLKFreq
                0x00000000080034d8       0x18 Drivers/STM32F4xx_HAL_Driver/Src/stm32f4xx_hal_rcc.o
                0x00000000080034d8                HAL_RCC_GetHCLKFreq
 .text.HAL_RCC_GetPCLK1Freq
                0x00000000080034f0       0x28 Drivers/STM32F4xx_HAL_Driver/Src/stm32f4xx_hal_rcc.o
                0x00000000080034f0                HAL_RCC_GetPCLK1Freq
 .text.HAL_RCC_GetPCLK2Freq
                0x0000000008003518       0x28 Drivers/STM32F4xx_HAL_Driver/Src/stm32f4xx_hal_rcc.o
                0x0000000008003518                HAL_RCC_GetPCLK2Freq
 .text.HAL_RCC_GetClockConfig
                0x0000000008003540       0x64 Drivers/STM32F4xx_HAL_Driver/Src/stm32f4xx_hal_rcc.o
                0x0000000008003540                HAL_RCC_GetClockConfig
 .text.HAL_RCC_GetSysClockFreq
                0x00000000080035a4      0x2a4 Drivers/STM32F4xx_HAL_Driver/Src/stm32f4xx_hal_rcc_ex.o
                0x00000000080035a4                HAL_RCC_GetSysClockFreq
 .text.HAL_RCC_OscConfig
                0x0000000008003848      0x53c Drivers/STM32F4xx_HAL_Driver/Src/stm32f4xx_hal_rcc_ex.o
                0x0000000008003848                HAL_RCC_OscConfig
 .text.HAL_TIM_Base_Init
                0x0000000008003d84       0x9e Drivers/STM32F4xx_HAL_Driver/Src/stm32f4xx_hal_tim.o
                0x0000000008003d84                HAL_TIM_Base_Init
 *fill*         0x0000000008003e22        0x2 
 .text.HAL_TIM_Base_Start_IT
                0x0000000008003e24       0xe0 Drivers/STM32F4xx_HAL_Driver/Src/stm32f4xx_hal_tim.o
                0x0000000008003e24                HAL_TIM_Base_Start_IT
 .text.HAL_TIM_PWM_Init
                0x0000000008003f04       0x9e Drivers/STM32F4xx_HAL_Driver/Src/stm32f4xx_hal_tim.o
                0x0000000008003f04                HAL_TIM_PWM_Init
 .text.HAL_TIM_IC_Init
                0x0000000008003fa2       0x9e Drivers/STM32F4xx_HAL_Driver/Src/stm32f4xx_hal_tim.o
                0x0000000008003fa2                HAL_TIM_IC_Init
 .text.HAL_TIM_IC_Start_IT
                0x0000000008004040      0x250 Drivers/STM32F4xx_HAL_Driver/Src/stm32f4xx_hal_tim.o
                0x0000000008004040                HAL_TIM_IC_Start_IT
 .text.HAL_TIM_IRQHandler
                0x0000000008004290      0x210 Drivers/STM32F4xx_HAL_Driver/Src/stm32f4xx_hal_tim.o
                0x0000000008004290                HAL_TIM_IRQHandler
 .text.HAL_TIM_IC_ConfigChannel
                0x00000000080044a0      0x138 Drivers/STM32F4xx_HAL_Driver/Src/stm32f4xx_hal_tim.o
                0x00000000080044a0                HAL_TIM_IC_ConfigChannel
 .text.HAL_TIM_PWM_ConfigChannel
                0x00000000080045d8      0x184 Drivers/STM32F4xx_HAL_Driver/Src/stm32f4xx_hal_tim.o
                0x00000000080045d8                HAL_TIM_PWM_ConfigChannel
 .text.HAL_TIM_OC_DelayElapsedCallback
                0x000000000800475c       0x14 Drivers/STM32F4xx_HAL_Driver/Src/stm32f4xx_hal_tim.o
                0x000000000800475c                HAL_TIM_OC_DelayElapsedCallback
 .text.HAL_TIM_PWM_PulseFinishedCallback
                0x0000000008004770       0x14 Drivers/STM32F4xx_HAL_Driver/Src/stm32f4xx_hal_tim.o
                0x0000000008004770                HAL_TIM_PWM_PulseFinishedCallback
 .text.HAL_TIM_TriggerCallback
                0x0000000008004784       0x14 Drivers/STM32F4xx_HAL_Driver/Src/stm32f4xx_hal_tim.o
                0x0000000008004784                HAL_TIM_TriggerCallback
 .text.TIM_Base_SetConfig
                0x0000000008004798      0x140 Drivers/STM32F4xx_HAL_Driver/Src/stm32f4xx_hal_tim.o
                0x0000000008004798                TIM_Base_SetConfig
 .text.TIM_OC1_SetConfig
                0x00000000080048d8       0xe0 Drivers/STM32F4xx_HAL_Driver/Src/stm32f4xx_hal_tim.o
 .text.TIM_OC2_SetConfig
                0x00000000080049b8       0xec Drivers/STM32F4xx_HAL_Driver/Src/stm32f4xx_hal_tim.o
                0x00000000080049b8                TIM_OC2_SetConfig
 .text.TIM_OC3_SetConfig
                0x0000000008004aa4       0xe8 Drivers/STM32F4xx_HAL_Driver/Src/stm32f4xx_hal_tim.o
 .text.TIM_OC4_SetConfig
                0x0000000008004b8c       0xac Drivers/STM32F4xx_HAL_Driver/Src/stm32f4xx_hal_tim.o
 .text.TIM_TI1_SetConfig
                0x0000000008004c38       0xe8 Drivers/STM32F4xx_HAL_Driver/Src/stm32f4xx_hal_tim.o
                0x0000000008004c38                TIM_TI1_SetConfig
 .text.TIM_TI2_SetConfig
                0x0000000008004d20       0x7a Drivers/STM32F4xx_HAL_Driver/Src/stm32f4xx_hal_tim.o
 .text.TIM_TI3_SetConfig
                0x0000000008004d9a       0x78 Drivers/STM32F4xx_HAL_Driver/Src/stm32f4xx_hal_tim.o
 .text.TIM_TI4_SetConfig
                0x0000000008004e12       0x7a Drivers/STM32F4xx_HAL_Driver/Src/stm32f4xx_hal_tim.o
 .text.TIM_CCxChannelCmd
                0x0000000008004e8c       0x4a Drivers/STM32F4xx_HAL_Driver/Src/stm32f4xx_hal_tim.o
                0x0000000008004e8c                TIM_CCxChannelCmd
 *fill*         0x0000000008004ed6        0x2 
 .text.HAL_TIMEx_MasterConfigSynchronization
                0x0000000008004ed8       0xf8 Drivers/STM32F4xx_HAL_Driver/Src/stm32f4xx_hal_tim_ex.o
                0x0000000008004ed8                HAL_TIMEx_MasterConfigSynchronization
 .text.HAL_TIMEx_CommutCallback
                0x0000000008004fd0       0x14 Drivers/STM32F4xx_HAL_Driver/Src/stm32f4xx_hal_tim_ex.o
                0x0000000008004fd0                HAL_TIMEx_CommutCallback
 .text.HAL_TIMEx_BreakCallback
                0x0000000008004fe4       0x14 Drivers/STM32F4xx_HAL_Driver/Src/stm32f4xx_hal_tim_ex.o
                0x0000000008004fe4                HAL_TIMEx_BreakCallback
 .text.HAL_UART_Init
                0x0000000008004ff8       0x9a Drivers/STM32F4xx_HAL_Driver/Src/stm32f4xx_hal_uart.o
                0x0000000008004ff8                HAL_UART_Init
 .text.HAL_UART_Receive_IT
                0x0000000008005092       0x60 Drivers/STM32F4xx_HAL_Driver/Src/stm32f4xx_hal_uart.o
                0x0000000008005092                HAL_UART_Receive_IT
 *fill*         0x00000000080050f2        0x2 
 .text.HAL_UART_IRQHandler
                0x00000000080050f4      0x51c Drivers/STM32F4xx_HAL_Driver/Src/stm32f4xx_hal_uart.o
                0x00000000080050f4                HAL_UART_IRQHandler
 .text.HAL_UART_TxCpltCallback
                0x0000000008005610       0x14 Drivers/STM32F4xx_HAL_Driver/Src/stm32f4xx_hal_uart.o
                0x0000000008005610                HAL_UART_TxCpltCallback
 .text.HAL_UART_ErrorCallback
                0x0000000008005624       0x14 Drivers/STM32F4xx_HAL_Driver/Src/stm32f4xx_hal_uart.o
                0x0000000008005624                HAL_UART_ErrorCallback
 .text.HAL_UARTEx_RxEventCallback
                0x0000000008005638       0x18 Drivers/STM32F4xx_HAL_Driver/Src/stm32f4xx_hal_uart.o
                0x0000000008005638                HAL_UARTEx_RxEventCallback
 .text.UART_Start_Receive_IT
                0x0000000008005650       0x7c Drivers/STM32F4xx_HAL_Driver/Src/stm32f4xx_hal_uart.o
                0x0000000008005650                UART_Start_Receive_IT
 .text.UART_EndRxTransfer
                0x00000000080056cc       0xc6 Drivers/STM32F4xx_HAL_Driver/Src/stm32f4xx_hal_uart.o
 .text.UART_DMAAbortOnError
                0x0000000008005792       0x28 Drivers/STM32F4xx_HAL_Driver/Src/stm32f4xx_hal_uart.o
 .text.UART_Transmit_IT
                0x00000000080057ba       0xa0 Drivers/STM32F4xx_HAL_Driver/Src/stm32f4xx_hal_uart.o
 .text.UART_EndTransmit_IT
                0x000000000800585a       0x30 Drivers/STM32F4xx_HAL_Driver/Src/stm32f4xx_hal_uart.o
 .text.UART_Receive_IT
                0x000000000800588a      0x176 Drivers/STM32F4xx_HAL_Driver/Src/stm32f4xx_hal_uart.o
 .text.UART_SetConfig
                0x0000000008005a00      0x3b8 Drivers/STM32F4xx_HAL_Driver/Src/stm32f4xx_hal_uart.o
 .text.xTaskIncrementTick
                0x0000000008005db8      0x234 ThirdParty/FreeRTOS/tasks.o
                0x0000000008005db8                xTaskIncrementTick
 .text.vTaskSwitchContext
                0x0000000008005fec       0xd0 ThirdParty/FreeRTOS/tasks.o
                0x0000000008005fec                vTaskSwitchContext
 .text.prvResetNextTaskUnblockTime
                0x00000000080060bc       0x38 ThirdParty/FreeRTOS/tasks.o
 *fill*         0x00000000080060f4        0xc 
 .text.SVC_Handler
                0x0000000008006100       0x28 ThirdParty/FreeRTOS/portable/GCC/ARM_CM4F/port.o
                0x0000000008006100                SVC_Handler
 *fill*         0x0000000008006128        0x8 
 .text.PendSV_Handler
                0x0000000008006130       0x68 ThirdParty/FreeRTOS/portable/GCC/ARM_CM4F/port.o
                0x0000000008006130                PendSV_Handler
 .text.SysTick_Handler
                0x0000000008006198       0x50 ThirdParty/FreeRTOS/portable/GCC/ARM_CM4F/port.o
                0x0000000008006198                SysTick_Handler
 .text._DoInit  0x00000000080061e8       0xb0 ThirdParty/SEGGER/SEGGER/SEGGER_RTT.o
 .text.SEGGER_RTT_ReadNoLock
                0x0000000008006298      0x10c ThirdParty/SEGGER/SEGGER/SEGGER_RTT.o
                0x0000000008006298                SEGGER_RTT_ReadNoLock
 .text._EncodeStr
                0x00000000080063a4       0x9a ThirdParty/SEGGER/SEGGER/SEGGER_SYSVIEW.o
 .text._PreparePacket
                0x000000000800643e       0x18 ThirdParty/SEGGER/SEGGER/SEGGER_SYSVIEW.o
 *fill*         0x0000000008006456        0x2 
 .text._HandleIncomingPacket
                0x0000000008006458       0xd8 ThirdParty/SEGGER/SEGGER/SEGGER_SYSVIEW.o
 .text._TrySendOverflowPacket
                0x0000000008006530       0xe4 ThirdParty/SEGGER/SEGGER/SEGGER_SYSVIEW.o
 .text._SendPacket
                0x0000000008006614      0x1cc ThirdParty/SEGGER/SEGGER/SEGGER_SYSVIEW.o
 .text.SEGGER_SYSVIEW_RecordVoid
                0x00000000080067e0       0x3c ThirdParty/SEGGER/SEGGER/SEGGER_SYSVIEW.o
                0x00000000080067e0                SEGGER_SYSVIEW_RecordVoid
 .text.SEGGER_SYSVIEW_RecordU32
                0x000000000800681c       0x78 ThirdParty/SEGGER/SEGGER/SEGGER_SYSVIEW.o
                0x000000000800681c                SEGGER_SYSVIEW_RecordU32
 .text.SEGGER_SYSVIEW_RecordU32x2
                0x0000000008006894       0xb4 ThirdParty/SEGGER/SEGGER/SEGGER_SYSVIEW.o
                0x0000000008006894                SEGGER_SYSVIEW_RecordU32x2
 .text.SEGGER_SYSVIEW_Start
                0x0000000008006948      0x174 ThirdParty/SEGGER/SEGGER/SEGGER_SYSVIEW.o
                0x0000000008006948                SEGGER_SYSVIEW_Start
 .text.SEGGER_SYSVIEW_Stop
                0x0000000008006abc       0x4c ThirdParty/SEGGER/SEGGER/SEGGER_SYSVIEW.o
                0x0000000008006abc                SEGGER_SYSVIEW_Stop
 .text.SEGGER_SYSVIEW_GetSysDesc
                0x0000000008006b08      0x134 ThirdParty/SEGGER/SEGGER/SEGGER_SYSVIEW.o
                0x0000000008006b08                SEGGER_SYSVIEW_GetSysDesc
 .text.SEGGER_SYSVIEW_SendTaskList
                0x0000000008006c3c       0x28 ThirdParty/SEGGER/SEGGER/SEGGER_SYSVIEW.o
                0x0000000008006c3c                SEGGER_SYSVIEW_SendTaskList
 .text.SEGGER_SYSVIEW_RecordSystime
                0x0000000008006c64       0x60 ThirdParty/SEGGER/SEGGER/SEGGER_SYSVIEW.o
                0x0000000008006c64                SEGGER_SYSVIEW_RecordSystime
 .text.SEGGER_SYSVIEW_RecordEnterISR
                0x0000000008006cc4       0x84 ThirdParty/SEGGER/SEGGER/SEGGER_SYSVIEW.o
                0x0000000008006cc4                SEGGER_SYSVIEW_RecordEnterISR
 .text.SEGGER_SYSVIEW_RecordExitISR
                0x0000000008006d48       0x38 ThirdParty/SEGGER/SEGGER/SEGGER_SYSVIEW.o
                0x0000000008006d48                SEGGER_SYSVIEW_RecordExitISR
 .text.SEGGER_SYSVIEW_RecordExitISRToScheduler
                0x0000000008006d80       0x38 ThirdParty/SEGGER/SEGGER/SEGGER_SYSVIEW.o
                0x0000000008006d80                SEGGER_SYSVIEW_RecordExitISRToScheduler
 .text.SEGGER_SYSVIEW_OnIdle
                0x0000000008006db8       0x38 ThirdParty/SEGGER/SEGGER/SEGGER_SYSVIEW.o
                0x0000000008006db8                SEGGER_SYSVIEW_OnIdle
 .text.SEGGER_SYSVIEW_OnTaskStartExec
                0x0000000008006df0       0x84 ThirdParty/SEGGER/SEGGER/SEGGER_SYSVIEW.o
                0x0000000008006df0                SEGGER_SYSVIEW_OnTaskStartExec
 .text.SEGGER_SYSVIEW_OnTaskStartReady
                0x0000000008006e74       0x84 ThirdParty/SEGGER/SEGGER/SEGGER_SYSVIEW.o
                0x0000000008006e74                SEGGER_SYSVIEW_OnTaskStartReady
 .text.SEGGER_SYSVIEW_SendModule
                0x0000000008006ef8      0x100 ThirdParty/SEGGER/SEGGER/SEGGER_SYSVIEW.o
                0x0000000008006ef8                SEGGER_SYSVIEW_SendModule
 .text.SEGGER_SYSVIEW_SendModuleDescription
                0x0000000008006ff8       0x3c ThirdParty/SEGGER/SEGGER/SEGGER_SYSVIEW.o
                0x0000000008006ff8                SEGGER_SYSVIEW_SendModuleDescription
 .text.SEGGER_SYSVIEW_SendNumModules
                0x0000000008007034       0x7c ThirdParty/SEGGER/SEGGER/SEGGER_SYSVIEW.o
                0x0000000008007034                SEGGER_SYSVIEW_SendNumModules
 .text.__libc_init_array
                0x00000000080070b0       0x48 c:/st/stm32cubeide_1.4.0/stm32cubeide/plugins/com.st.stm32cube.ide.mcu.externaltools.gnu-tools-for-stm32.7-2018-q2-update.win32_1.4.0.202007081208/tools/bin/../lib/gcc/arm-none-eabi/7.3.1/../../../../arm-none-eabi/lib/thumb/v7e-m/fpv4-sp/hard\libc_nano.a(lib_a-init.o)
                0x00000000080070b0                __libc_init_array
 .text.memcpy   0x00000000080070f8       0x16 c:/st/stm32cubeide_1.4.0/stm32cubeide/plugins/com.st.stm32cube.ide.mcu.externaltools.gnu-tools-for-stm32.7-2018-q2-update.win32_1.4.0.202007081208/tools/bin/../lib/gcc/arm-none-eabi/7.3.1/../../../../arm-none-eabi/lib/thumb/v7e-m/fpv4-sp/hard\libc_nano.a(lib_a-memcpy-stub.o)
                0x00000000080070f8                memcpy
 .text.memset   0x000000000800710e       0x10 c:/st/stm32cubeide_1.4.0/stm32cubeide/plugins/com.st.stm32cube.ide.mcu.externaltools.gnu-tools-for-stm32.7-2018-q2-update.win32_1.4.0.202007081208/tools/bin/../lib/gcc/arm-none-eabi/7.3.1/../../../../arm-none-eabi/lib/thumb/v7e-m/fpv4-sp/hard\libc_nano.a(lib_a-memset.o)
                0x000000000800710e                memset
 *fill*         0x000000000800711e        0x2 
 .text.round    0x0000000008007120       0x94 c:/st/stm32cubeide_1.4.0/stm32cubeide/plugins/com.st.stm32cube.ide.mcu.externaltools.gnu-tools-for-stm32.7-2018-q2-update.win32_1.4.0.202007081208/tools/bin/../lib/gcc/arm-none-eabi/7.3.1/../../../../arm-none-eabi/lib/thumb/v7e-m/fpv4-sp/hard\libm.a(lib_a-s_round.o)
                0x0000000008007120                round
 *(.glue_7)
 .glue_7        0x00000000080071b4        0x0 linker stubs
 *(.glue_7t)
 .glue_7t       0x00000000080071b4        0x0 linker stubs
 *(.eh_frame)
 .eh_frame      0x00000000080071b4        0x0 c:/st/stm32cubeide_1.4.0/stm32cubeide/plugins/com.st.stm32cube.ide.mcu.externaltools.gnu-tools-for-stm32.7-2018-q2-update.win32_1.4.0.202007081208/tools/bin/../lib/gcc/arm-none-eabi/7.3.1/thumb/v7e-m/fpv4-sp/hard/crtbegin.o
 *(.init)
 .init          0x00000000080071b4        0x4 c:/st/stm32cubeide_1.4.0/stm32cubeide/plugins/com.st.stm32cube.ide.mcu.externaltools.gnu-tools-for-stm32.7-2018-q2-update.win32_1.4.0.202007081208/tools/bin/../lib/gcc/arm-none-eabi/7.3.1/thumb/v7e-m/fpv4-sp/hard/crti.o
                0x00000000080071b4                _init
 .init          0x00000000080071b8        0x8 c:/st/stm32cubeide_1.4.0/stm32cubeide/plugins/com.st.stm32cube.ide.mcu.externaltools.gnu-tools-for-stm32.7-2018-q2-update.win32_1.4.0.202007081208/tools/bin/../lib/gcc/arm-none-eabi/7.3.1/thumb/v7e-m/fpv4-sp/hard/crtn.o
 *(.fini)
 .fini          0x00000000080071c0        0x4 c:/st/stm32cubeide_1.4.0/stm32cubeide/plugins/com.st.stm32cube.ide.mcu.externaltools.gnu-tools-for-stm32.7-2018-q2-update.win32_1.4.0.202007081208/tools/bin/../lib/gcc/arm-none-eabi/7.3.1/thumb/v7e-m/fpv4-sp/hard/crti.o
                0x00000000080071c0                _fini
 .fini          0x00000000080071c4        0x8 c:/st/stm32cubeide_1.4.0/stm32cubeide/plugins/com.st.stm32cube.ide.mcu.externaltools.gnu-tools-for-stm32.7-2018-q2-update.win32_1.4.0.202007081208/tools/bin/../lib/gcc/arm-none-eabi/7.3.1/thumb/v7e-m/fpv4-sp/hard/crtn.o
                0x00000000080071cc                . = ALIGN (0x4)
                0x00000000080071cc                _etext = .

.vfp11_veneer   0x00000000080071cc        0x0
 .vfp11_veneer  0x00000000080071cc        0x0 linker stubs

.v4_bx          0x00000000080071cc        0x0
 .v4_bx         0x00000000080071cc        0x0 linker stubs

.iplt           0x00000000080071cc        0x0
 .iplt          0x00000000080071cc        0x0 c:/st/stm32cubeide_1.4.0/stm32cubeide/plugins/com.st.stm32cube.ide.mcu.externaltools.gnu-tools-for-stm32.7-2018-q2-update.win32_1.4.0.202007081208/tools/bin/../lib/gcc/arm-none-eabi/7.3.1/thumb/v7e-m/fpv4-sp/hard/crtbegin.o

.rodata         0x00000000080071cc       0x3c
                0x00000000080071cc                . = ALIGN (0x4)
 *(.rodata)
 .rodata        0x00000000080071cc       0x17 ThirdParty/SEGGER/SEGGER/SEGGER_RTT.o
 *(.rodata*)
 *fill*         0x00000000080071e3        0x1 
 .rodata.AHBPrescTable
                0x00000000080071e4       0x10 Core/Src/system_stm32f4xx.o
                0x00000000080071e4                AHBPrescTable
 .rodata.APBPrescTable
                0x00000000080071f4        0x8 Core/Src/system_stm32f4xx.o
                0x00000000080071f4                APBPrescTable
 .rodata._abSync
                0x00000000080071fc        0xa ThirdParty/SEGGER/SEGGER/SEGGER_SYSVIEW.o
                0x0000000008007208                . = ALIGN (0x4)
 *fill*         0x0000000008007206        0x2 

.ARM.extab      0x0000000008007208        0x0
                0x0000000008007208                . = ALIGN (0x4)
 *(.ARM.extab* .gnu.linkonce.armextab.*)
                0x0000000008007208                . = ALIGN (0x4)

.ARM            0x0000000008007208        0x8
                0x0000000008007208                . = ALIGN (0x4)
                0x0000000008007208                __exidx_start = .
 *(.ARM.exidx*)
 .ARM.exidx     0x0000000008007208        0x8 c:/st/stm32cubeide_1.4.0/stm32cubeide/plugins/com.st.stm32cube.ide.mcu.externaltools.gnu-tools-for-stm32.7-2018-q2-update.win32_1.4.0.202007081208/tools/bin/../lib/gcc/arm-none-eabi/7.3.1/thumb/v7e-m/fpv4-sp/hard\libgcc.a(_udivmoddi4.o)
                0x0000000008007210                __exidx_end = .
                0x0000000008007210                . = ALIGN (0x4)

.rel.dyn        0x0000000008007210        0x0
 .rel.iplt      0x0000000008007210        0x0 c:/st/stm32cubeide_1.4.0/stm32cubeide/plugins/com.st.stm32cube.ide.mcu.externaltools.gnu-tools-for-stm32.7-2018-q2-update.win32_1.4.0.202007081208/tools/bin/../lib/gcc/arm-none-eabi/7.3.1/thumb/v7e-m/fpv4-sp/hard/crtbegin.o

.preinit_array  0x0000000008007210        0x0
                0x0000000008007210                . = ALIGN (0x4)
                0x0000000008007210                PROVIDE (__preinit_array_start = .)
 *(.preinit_array*)
                0x0000000008007210                PROVIDE (__preinit_array_end = .)
                0x0000000008007210                . = ALIGN (0x4)

.init_array     0x0000000008007210        0x4
                0x0000000008007210                . = ALIGN (0x4)
                0x0000000008007210                PROVIDE (__init_array_start = .)
 *(SORT_BY_NAME(.init_array.*))
 *(.init_array*)
 .init_array    0x0000000008007210        0x4 c:/st/stm32cubeide_1.4.0/stm32cubeide/plugins/com.st.stm32cube.ide.mcu.externaltools.gnu-tools-for-stm32.7-2018-q2-update.win32_1.4.0.202007081208/tools/bin/../lib/gcc/arm-none-eabi/7.3.1/thumb/v7e-m/fpv4-sp/hard/crtbegin.o
                0x0000000008007214                PROVIDE (__init_array_end = .)
                0x0000000008007214                . = ALIGN (0x4)

.fini_array     0x0000000008007214        0x4
                0x0000000008007214                . = ALIGN (0x4)
                [!provide]                        PROVIDE (__fini_array_start = .)
 *(SORT_BY_NAME(.fini_array.*))
 *(.fini_array*)
 .fini_array    0x0000000008007214        0x4 c:/st/stm32cubeide_1.4.0/stm32cubeide/plugins/com.st.stm32cube.ide.mcu.externaltools.gnu-tools-for-stm32.7-2018-q2-update.win32_1.4.0.202007081208/tools/bin/../lib/gcc/arm-none-eabi/7.3.1/thumb/v7e-m/fpv4-sp/hard/crtbegin.o
                [!provide]                        PROVIDE (__fini_array_end = .)
                0x0000000008007218                . = ALIGN (0x4)
                0x0000000008007218                _sidata = LOADADDR (.data)

.data           0x0000000020000000        0xc load address 0x0000000008007218
                0x0000000020000000                . = ALIGN (0x4)
                0x0000000020000000                _sdata = .
 *(.data)
 *(.data*)
 .data.SystemCoreClock
                0x0000000020000000        0x4 Core/Src/system_stm32f4xx.o
                0x0000000020000000                SystemCoreClock
 .data.uwTickPrio
                0x0000000020000004        0x4 Drivers/STM32F4xx_HAL_Driver/Src/stm32f4xx_hal.o
                0x0000000020000004                uwTickPrio
 .data.uwTickFreq
                0x0000000020000008        0x1 Drivers/STM32F4xx_HAL_Driver/Src/stm32f4xx_hal.o
                0x0000000020000008                uwTickFreq
 *(.RamFunc)
 *(.RamFunc*)
                0x000000002000000c                . = ALIGN (0x4)
 *fill*         0x0000000020000009        0x3 
                0x000000002000000c                _edata = .

.igot.plt       0x000000002000000c        0x0 load address 0x0000000008007224
 .igot.plt      0x000000002000000c        0x0 c:/st/stm32cubeide_1.4.0/stm32cubeide/plugins/com.st.stm32cube.ide.mcu.externaltools.gnu-tools-for-stm32.7-2018-q2-update.win32_1.4.0.202007081208/tools/bin/../lib/gcc/arm-none-eabi/7.3.1/thumb/v7e-m/fpv4-sp/hard/crtbegin.o
                0x000000002000000c                . = ALIGN (0x4)

.bss            0x000000002000000c      0xbcc load address 0x0000000008007224
                0x000000002000000c                _sbss = .
                0x000000002000000c                __bss_start__ = _sbss
 *(.bss)
 .bss           0x000000002000000c       0x1c c:/st/stm32cubeide_1.4.0/stm32cubeide/plugins/com.st.stm32cube.ide.mcu.externaltools.gnu-tools-for-stm32.7-2018-q2-update.win32_1.4.0.202007081208/tools/bin/../lib/gcc/arm-none-eabi/7.3.1/thumb/v7e-m/fpv4-sp/hard/crtbegin.o
 *(.bss*)
 .bss.tx_buffer
                0x0000000020000028      0x208 Core/Src/UartRingbuffer.o
                0x0000000020000028                tx_buffer
 .bss.edges_counter
                0x0000000020000230        0x4 Core/Src/main.o
                0x0000000020000230                edges_counter
 .bss.pxCurrentTCB
                0x0000000020000234        0x4 ThirdParty/FreeRTOS/tasks.o
                0x0000000020000234                pxCurrentTCB
 .bss.pxReadyTasksLists
                0x0000000020000238       0x64 ThirdParty/FreeRTOS/tasks.o
 .bss.pxDelayedTaskList
                0x000000002000029c        0x4 ThirdParty/FreeRTOS/tasks.o
 .bss.pxOverflowDelayedTaskList
                0x00000000200002a0        0x4 ThirdParty/FreeRTOS/tasks.o
 .bss.xTickCount
                0x00000000200002a4        0x4 ThirdParty/FreeRTOS/tasks.o
 .bss.uxTopReadyPriority
                0x00000000200002a8        0x4 ThirdParty/FreeRTOS/tasks.o
 .bss.xPendedTicks
                0x00000000200002ac        0x4 ThirdParty/FreeRTOS/tasks.o
 .bss.xYieldPending
                0x00000000200002b0        0x4 ThirdParty/FreeRTOS/tasks.o
 .bss.xNumOfOverflows
                0x00000000200002b4        0x4 ThirdParty/FreeRTOS/tasks.o
 .bss.xNextTaskUnblockTime
                0x00000000200002b8        0x4 ThirdParty/FreeRTOS/tasks.o
 .bss.xIdleTaskHandle
                0x00000000200002bc        0x4 ThirdParty/FreeRTOS/tasks.o
 .bss.uxSchedulerSuspended
                0x00000000200002c0        0x4 ThirdParty/FreeRTOS/tasks.o
 .bss._acUpBuffer
                0x00000000200002c4      0x400 ThirdParty/SEGGER/SEGGER/SEGGER_RTT.o
 .bss._acDownBuffer
                0x00000000200006c4       0x10 ThirdParty/SEGGER/SEGGER/SEGGER_RTT.o
 .bss._SYSVIEW_Globals
                0x00000000200006d4       0x28 ThirdParty/SEGGER/SEGGER/SEGGER_SYSVIEW.o
 .bss._pFirstModule
                0x00000000200006fc        0x4 ThirdParty/SEGGER/SEGGER/SEGGER_SYSVIEW.o
 .bss._NumModules
                0x0000000020000700        0x1 ThirdParty/SEGGER/SEGGER/SEGGER_SYSVIEW.o
 *fill*         0x0000000020000701        0x3 
 .bss._aPacket  0x0000000020000704       0xe3 ThirdParty/SEGGER/SEGGER/SEGGER_SYSVIEW.o
 *(COMMON)
 *fill*         0x00000000200007e7        0x1 
 COMMON         0x00000000200007e8        0xa Core/Src/UartRingbuffer.o
                0x00000000200007e8                _tx_buffer
                0x00000000200007ec                _rx_buffer
                0x00000000200007f0                timeout
 *fill*         0x00000000200007f2        0x2 
 COMMON         0x00000000200007f4      0x2ed Core/Src/main.o
                0x00000000200007f4                hi2c3
                0x0000000020000848                huart3
                0x000000002000088c                hi2c1
                0x00000000200008e0                hi2c2
                0x0000000020000934                htim3
                0x000000002000097c                huart5
                0x00000000200009c0                Global_Speed
                0x00000000200009c4                huart1
                0x0000000020000a08                htim6
                0x0000000020000a50                htim2
                0x0000000020000a98                htim12
                0x0000000020000ae0                received_char
 *fill*         0x0000000020000ae1        0x3 
 COMMON         0x0000000020000ae4       0x48 Core/Src/stm32f4xx_hal_timebase_tim.o
                0x0000000020000ae4                htim7
 COMMON         0x0000000020000b2c        0x4 Drivers/STM32F4xx_HAL_Driver/Src/stm32f4xx_hal.o
                0x0000000020000b2c                uwTick
 COMMON         0x0000000020000b30       0xa8 ThirdParty/SEGGER/SEGGER/SEGGER_RTT.o
                0x0000000020000b30                _SEGGER_RTT
                0x0000000020000bd8                . = ALIGN (0x4)
                0x0000000020000bd8                _ebss = .
                0x0000000020000bd8                __bss_end__ = _ebss

._user_heap_stack
                0x0000000020000bd8      0x600 load address 0x0000000008007224
                0x0000000020000bd8                . = ALIGN (0x8)
                0x0000000020000bd8                PROVIDE (end = .)
                [!provide]                        PROVIDE (_end = .)
                0x0000000020000dd8                . = (. + _Min_Heap_Size)
 *fill*         0x0000000020000bd8      0x200 
                0x00000000200011d8                . = (. + _Min_Stack_Size)
 *fill*         0x0000000020000dd8      0x400 
                0x00000000200011d8                . = ALIGN (0x8)

/DISCARD/
 libc.a(*)
 libm.a(*)
 libgcc.a(*)

.ARM.attributes
                0x0000000000000000       0x30
 *(.ARM.attributes)
 .ARM.attributes
                0x0000000000000000       0x22 c:/st/stm32cubeide_1.4.0/stm32cubeide/plugins/com.st.stm32cube.ide.mcu.externaltools.gnu-tools-for-stm32.7-2018-q2-update.win32_1.4.0.202007081208/tools/bin/../lib/gcc/arm-none-eabi/7.3.1/thumb/v7e-m/fpv4-sp/hard/crti.o
 .ARM.attributes
                0x0000000000000022       0x34 c:/st/stm32cubeide_1.4.0/stm32cubeide/plugins/com.st.stm32cube.ide.mcu.externaltools.gnu-tools-for-stm32.7-2018-q2-update.win32_1.4.0.202007081208/tools/bin/../lib/gcc/arm-none-eabi/7.3.1/thumb/v7e-m/fpv4-sp/hard/crtbegin.o
 .ARM.attributes
                0x0000000000000056       0x39 Core/Src/LCD_I2C.o
 .ARM.attributes
                0x000000000000008f       0x39 Core/Src/LightSensor.o
 .ARM.attributes
                0x00000000000000c8       0x39 Core/Src/UartRingbuffer.o
 .ARM.attributes
                0x0000000000000101       0x39 Core/Src/calculateSpeed.o
 .ARM.attributes
                0x000000000000013a       0x39 Core/Src/main.o
 .ARM.attributes
                0x0000000000000173       0x39 Core/Src/stm32f4xx_hal_msp.o
 .ARM.attributes
                0x00000000000001ac       0x39 Core/Src/stm32f4xx_hal_timebase_tim.o
 .ARM.attributes
                0x00000000000001e5       0x39 Core/Src/stm32f4xx_it.o
 .ARM.attributes
                0x000000000000021e       0x39 Core/Src/system_stm32f4xx.o
 .ARM.attributes
                0x0000000000000257       0x21 Core/Startup/startup_stm32f446retx.o
 .ARM.attributes
                0x0000000000000278       0x39 Drivers/STM32F4xx_HAL_Driver/Src/stm32f4xx_hal.o
 .ARM.attributes
                0x00000000000002b1       0x39 Drivers/STM32F4xx_HAL_Driver/Src/stm32f4xx_hal_cortex.o
 .ARM.attributes
                0x00000000000002ea       0x39 Drivers/STM32F4xx_HAL_Driver/Src/stm32f4xx_hal_dma.o
 .ARM.attributes
                0x0000000000000323       0x39 Drivers/STM32F4xx_HAL_Driver/Src/stm32f4xx_hal_gpio.o
 .ARM.attributes
                0x000000000000035c       0x39 Drivers/STM32F4xx_HAL_Driver/Src/stm32f4xx_hal_i2c.o
 .ARM.attributes
                0x0000000000000395       0x39 Drivers/STM32F4xx_HAL_Driver/Src/stm32f4xx_hal_rcc.o
 .ARM.attributes
                0x00000000000003ce       0x39 Drivers/STM32F4xx_HAL_Driver/Src/stm32f4xx_hal_rcc_ex.o
 .ARM.attributes
                0x0000000000000407       0x39 Drivers/STM32F4xx_HAL_Driver/Src/stm32f4xx_hal_tim.o
 .ARM.attributes
                0x0000000000000440       0x39 Drivers/STM32F4xx_HAL_Driver/Src/stm32f4xx_hal_tim_ex.o
 .ARM.attributes
                0x0000000000000479       0x39 Drivers/STM32F4xx_HAL_Driver/Src/stm32f4xx_hal_uart.o
 .ARM.attributes
                0x00000000000004b2       0x39 ThirdParty/FreeRTOS/tasks.o
 .ARM.attributes
                0x00000000000004eb       0x39 ThirdParty/FreeRTOS/portable/GCC/ARM_CM4F/port.o
 .ARM.attributes
                0x0000000000000524       0x39 ThirdParty/SEGGER/SEGGER/SEGGER_RTT.o
 .ARM.attributes
                0x000000000000055d       0x25 ThirdParty/SEGGER/SEGGER/SEGGER_RTT_ASM_ARMv7M.o
 .ARM.attributes
                0x0000000000000582       0x39 ThirdParty/SEGGER/SEGGER/SEGGER_SYSVIEW.o
 .ARM.attributes
                0x00000000000005bb       0x34 c:/st/stm32cubeide_1.4.0/stm32cubeide/plugins/com.st.stm32cube.ide.mcu.externaltools.gnu-tools-for-stm32.7-2018-q2-update.win32_1.4.0.202007081208/tools/bin/../lib/gcc/arm-none-eabi/7.3.1/../../../../arm-none-eabi/lib/thumb/v7e-m/fpv4-sp/hard\libc_nano.a(lib_a-init.o)
 .ARM.attributes
                0x00000000000005ef       0x34 c:/st/stm32cubeide_1.4.0/stm32cubeide/plugins/com.st.stm32cube.ide.mcu.externaltools.gnu-tools-for-stm32.7-2018-q2-update.win32_1.4.0.202007081208/tools/bin/../lib/gcc/arm-none-eabi/7.3.1/../../../../arm-none-eabi/lib/thumb/v7e-m/fpv4-sp/hard\libc_nano.a(lib_a-memcpy-stub.o)
 .ARM.attributes
                0x0000000000000623       0x34 c:/st/stm32cubeide_1.4.0/stm32cubeide/plugins/com.st.stm32cube.ide.mcu.externaltools.gnu-tools-for-stm32.7-2018-q2-update.win32_1.4.0.202007081208/tools/bin/../lib/gcc/arm-none-eabi/7.3.1/../../../../arm-none-eabi/lib/thumb/v7e-m/fpv4-sp/hard\libc_nano.a(lib_a-memset.o)
 .ARM.attributes
                0x0000000000000657       0x34 c:/st/stm32cubeide_1.4.0/stm32cubeide/plugins/com.st.stm32cube.ide.mcu.externaltools.gnu-tools-for-stm32.7-2018-q2-update.win32_1.4.0.202007081208/tools/bin/../lib/gcc/arm-none-eabi/7.3.1/../../../../arm-none-eabi/lib/thumb/v7e-m/fpv4-sp/hard\libm.a(lib_a-s_round.o)
 .ARM.attributes
                0x000000000000068b       0x22 c:/st/stm32cubeide_1.4.0/stm32cubeide/plugins/com.st.stm32cube.ide.mcu.externaltools.gnu-tools-for-stm32.7-2018-q2-update.win32_1.4.0.202007081208/tools/bin/../lib/gcc/arm-none-eabi/7.3.1/thumb/v7e-m/fpv4-sp/hard\libgcc.a(_arm_addsubdf3.o)
 .ARM.attributes
                0x00000000000006ad       0x22 c:/st/stm32cubeide_1.4.0/stm32cubeide/plugins/com.st.stm32cube.ide.mcu.externaltools.gnu-tools-for-stm32.7-2018-q2-update.win32_1.4.0.202007081208/tools/bin/../lib/gcc/arm-none-eabi/7.3.1/thumb/v7e-m/fpv4-sp/hard\libgcc.a(_arm_muldivdf3.o)
 .ARM.attributes
                0x00000000000006cf       0x22 c:/st/stm32cubeide_1.4.0/stm32cubeide/plugins/com.st.stm32cube.ide.mcu.externaltools.gnu-tools-for-stm32.7-2018-q2-update.win32_1.4.0.202007081208/tools/bin/../lib/gcc/arm-none-eabi/7.3.1/thumb/v7e-m/fpv4-sp/hard\libgcc.a(_arm_fixunsdfsi.o)
 .ARM.attributes
                0x00000000000006f1       0x22 c:/st/stm32cubeide_1.4.0/stm32cubeide/plugins/com.st.stm32cube.ide.mcu.externaltools.gnu-tools-for-stm32.7-2018-q2-update.win32_1.4.0.202007081208/tools/bin/../lib/gcc/arm-none-eabi/7.3.1/thumb/v7e-m/fpv4-sp/hard\libgcc.a(_arm_truncdfsf2.o)
 .ARM.attributes
                0x0000000000000713       0x22 c:/st/stm32cubeide_1.4.0/stm32cubeide/plugins/com.st.stm32cube.ide.mcu.externaltools.gnu-tools-for-stm32.7-2018-q2-update.win32_1.4.0.202007081208/tools/bin/../lib/gcc/arm-none-eabi/7.3.1/thumb/v7e-m/fpv4-sp/hard\libgcc.a(_aeabi_uldivmod.o)
 .ARM.attributes
                0x0000000000000735       0x34 c:/st/stm32cubeide_1.4.0/stm32cubeide/plugins/com.st.stm32cube.ide.mcu.externaltools.gnu-tools-for-stm32.7-2018-q2-update.win32_1.4.0.202007081208/tools/bin/../lib/gcc/arm-none-eabi/7.3.1/thumb/v7e-m/fpv4-sp/hard\libgcc.a(_udivmoddi4.o)
 .ARM.attributes
                0x0000000000000769       0x22 c:/st/stm32cubeide_1.4.0/stm32cubeide/plugins/com.st.stm32cube.ide.mcu.externaltools.gnu-tools-for-stm32.7-2018-q2-update.win32_1.4.0.202007081208/tools/bin/../lib/gcc/arm-none-eabi/7.3.1/thumb/v7e-m/fpv4-sp/hard\libgcc.a(_dvmd_tls.o)
 .ARM.attributes
                0x000000000000078b       0x22 c:/st/stm32cubeide_1.4.0/stm32cubeide/plugins/com.st.stm32cube.ide.mcu.externaltools.gnu-tools-for-stm32.7-2018-q2-update.win32_1.4.0.202007081208/tools/bin/../lib/gcc/arm-none-eabi/7.3.1/thumb/v7e-m/fpv4-sp/hard/crtn.o
OUTPUT(First_car.elf elf32-littlearm)

.debug_info     0x0000000000000000    0x1db67
 .debug_info    0x0000000000000000      0x869 Core/Src/LCD_I2C.o
 .debug_info    0x0000000000000869     0x10d4 Core/Src/LightSensor.o
 .debug_info    0x000000000000193d     0x12c4 Core/Src/UartRingbuffer.o
 .debug_info    0x0000000000002c01       0xc0 Core/Src/calculateSpeed.o
 .debug_info    0x0000000000002cc1     0x1528 Core/Src/main.o
 .debug_info    0x00000000000041e9     0x1529 Core/Src/stm32f4xx_hal_msp.o
 .debug_info    0x0000000000005712      0xc3b Core/Src/stm32f4xx_hal_timebase_tim.o
 .debug_info    0x000000000000634d     0x129d Core/Src/stm32f4xx_it.o
 .debug_info    0x00000000000075ea      0x588 Core/Src/system_stm32f4xx.o
 .debug_info    0x0000000000007b72       0x22 Core/Startup/startup_stm32f446retx.o
 .debug_info    0x0000000000007b94      0x997 Drivers/STM32F4xx_HAL_Driver/Src/stm32f4xx_hal.o
 .debug_info    0x000000000000852b      0xe46 Drivers/STM32F4xx_HAL_Driver/Src/stm32f4xx_hal_cortex.o
 .debug_info    0x0000000000009371      0x968 Drivers/STM32F4xx_HAL_Driver/Src/stm32f4xx_hal_dma.o
 .debug_info    0x0000000000009cd9      0x812 Drivers/STM32F4xx_HAL_Driver/Src/stm32f4xx_hal_gpio.o
 .debug_info    0x000000000000a4eb     0x244c Drivers/STM32F4xx_HAL_Driver/Src/stm32f4xx_hal_i2c.o
 .debug_info    0x000000000000c937      0x944 Drivers/STM32F4xx_HAL_Driver/Src/stm32f4xx_hal_rcc.o
 .debug_info    0x000000000000d27b      0x9e4 Drivers/STM32F4xx_HAL_Driver/Src/stm32f4xx_hal_rcc_ex.o
 .debug_info    0x000000000000dc5f     0x29af Drivers/STM32F4xx_HAL_Driver/Src/stm32f4xx_hal_tim.o
 .debug_info    0x000000000001060e     0x146b Drivers/STM32F4xx_HAL_Driver/Src/stm32f4xx_hal_tim_ex.o
 .debug_info    0x0000000000011a79     0x34dc Drivers/STM32F4xx_HAL_Driver/Src/stm32f4xx_hal_uart.o
 .debug_info    0x0000000000014f55     0x2da8 ThirdParty/FreeRTOS/tasks.o
 .debug_info    0x0000000000017cfd      0x608 ThirdParty/FreeRTOS/portable/GCC/ARM_CM4F/port.o
 .debug_info    0x0000000000018305     0x1bab ThirdParty/SEGGER/SEGGER/SEGGER_RTT.o
 .debug_info    0x0000000000019eb0       0x26 ThirdParty/SEGGER/SEGGER/SEGGER_RTT_ASM_ARMv7M.o
 .debug_info    0x0000000000019ed6     0x3c91 ThirdParty/SEGGER/SEGGER/SEGGER_SYSVIEW.o

.debug_abbrev   0x0000000000000000     0x3294
 .debug_abbrev  0x0000000000000000      0x181 Core/Src/LCD_I2C.o
 .debug_abbrev  0x0000000000000181      0x224 Core/Src/LightSensor.o
 .debug_abbrev  0x00000000000003a5      0x376 Core/Src/UartRingbuffer.o
 .debug_abbrev  0x000000000000071b       0x74 Core/Src/calculateSpeed.o
 .debug_abbrev  0x000000000000078f      0x27a Core/Src/main.o
 .debug_abbrev  0x0000000000000a09      0x1f8 Core/Src/stm32f4xx_hal_msp.o
 .debug_abbrev  0x0000000000000c01      0x19d Core/Src/stm32f4xx_hal_timebase_tim.o
 .debug_abbrev  0x0000000000000d9e      0x222 Core/Src/stm32f4xx_it.o
 .debug_abbrev  0x0000000000000fc0      0x12b Core/Src/system_stm32f4xx.o
 .debug_abbrev  0x00000000000010eb       0x12 Core/Startup/startup_stm32f446retx.o
 .debug_abbrev  0x00000000000010fd      0x1c7 Drivers/STM32F4xx_HAL_Driver/Src/stm32f4xx_hal.o
 .debug_abbrev  0x00000000000012c4      0x2fa Drivers/STM32F4xx_HAL_Driver/Src/stm32f4xx_hal_cortex.o
 .debug_abbrev  0x00000000000015be      0x229 Drivers/STM32F4xx_HAL_Driver/Src/stm32f4xx_hal_dma.o
 .debug_abbrev  0x00000000000017e7      0x1c9 Drivers/STM32F4xx_HAL_Driver/Src/stm32f4xx_hal_gpio.o
 .debug_abbrev  0x00000000000019b0      0x254 Drivers/STM32F4xx_HAL_Driver/Src/stm32f4xx_hal_i2c.o
 .debug_abbrev  0x0000000000001c04      0x245 Drivers/STM32F4xx_HAL_Driver/Src/stm32f4xx_hal_rcc.o
 .debug_abbrev  0x0000000000001e49      0x1bc Drivers/STM32F4xx_HAL_Driver/Src/stm32f4xx_hal_rcc_ex.o
 .debug_abbrev  0x0000000000002005      0x230 Drivers/STM32F4xx_HAL_Driver/Src/stm32f4xx_hal_tim.o
 .debug_abbrev  0x0000000000002235      0x236 Drivers/STM32F4xx_HAL_Driver/Src/stm32f4xx_hal_tim_ex.o
 .debug_abbrev  0x000000000000246b      0x2b3 Drivers/STM32F4xx_HAL_Driver/Src/stm32f4xx_hal_uart.o
 .debug_abbrev  0x000000000000271e      0x373 ThirdParty/FreeRTOS/tasks.o
 .debug_abbrev  0x0000000000002a91      0x210 ThirdParty/FreeRTOS/portable/GCC/ARM_CM4F/port.o
 .debug_abbrev  0x0000000000002ca1      0x2a7 ThirdParty/SEGGER/SEGGER/SEGGER_RTT.o
 .debug_abbrev  0x0000000000002f48       0x14 ThirdParty/SEGGER/SEGGER/SEGGER_RTT_ASM_ARMv7M.o
 .debug_abbrev  0x0000000000002f5c      0x338 ThirdParty/SEGGER/SEGGER/SEGGER_SYSVIEW.o

.debug_aranges  0x0000000000000000     0x1790
 .debug_aranges
                0x0000000000000000       0x58 Core/Src/LCD_I2C.o
 .debug_aranges
                0x0000000000000058       0x60 Core/Src/LightSensor.o
 .debug_aranges
                0x00000000000000b8       0x88 Core/Src/UartRingbuffer.o
 .debug_aranges
                0x0000000000000140       0x20 Core/Src/calculateSpeed.o
 .debug_aranges
                0x0000000000000160       0xa0 Core/Src/main.o
 .debug_aranges
                0x0000000000000200       0x78 Core/Src/stm32f4xx_hal_msp.o
 .debug_aranges
                0x0000000000000278       0x30 Core/Src/stm32f4xx_hal_timebase_tim.o
 .debug_aranges
                0x00000000000002a8       0x68 Core/Src/stm32f4xx_it.o
 .debug_aranges
                0x0000000000000310       0x28 Core/Src/system_stm32f4xx.o
 .debug_aranges
                0x0000000000000338       0x28 Core/Startup/startup_stm32f446retx.o
 .debug_aranges
                0x0000000000000360       0xf0 Drivers/STM32F4xx_HAL_Driver/Src/stm32f4xx_hal.o
 .debug_aranges
                0x0000000000000450      0x118 Drivers/STM32F4xx_HAL_Driver/Src/stm32f4xx_hal_cortex.o
 .debug_aranges
                0x0000000000000568       0x90 Drivers/STM32F4xx_HAL_Driver/Src/stm32f4xx_hal_dma.o
 .debug_aranges
                0x00000000000005f8       0x58 Drivers/STM32F4xx_HAL_Driver/Src/stm32f4xx_hal_gpio.o
 .debug_aranges
                0x0000000000000650      0x2a0 Drivers/STM32F4xx_HAL_Driver/Src/stm32f4xx_hal_i2c.o
 .debug_aranges
                0x00000000000008f0       0x88 Drivers/STM32F4xx_HAL_Driver/Src/stm32f4xx_hal_rcc.o
 .debug_aranges
                0x0000000000000978       0x78 Drivers/STM32F4xx_HAL_Driver/Src/stm32f4xx_hal_rcc_ex.o
 .debug_aranges
                0x00000000000009f0      0x3d0 Drivers/STM32F4xx_HAL_Driver/Src/stm32f4xx_hal_tim.o
 .debug_aranges
                0x0000000000000dc0      0x168 Drivers/STM32F4xx_HAL_Driver/Src/stm32f4xx_hal_tim_ex.o
 .debug_aranges
                0x0000000000000f28      0x200 Drivers/STM32F4xx_HAL_Driver/Src/stm32f4xx_hal_uart.o
 .debug_aranges
                0x0000000000001128      0x208 ThirdParty/FreeRTOS/tasks.o
 .debug_aranges
                0x0000000000001330       0x88 ThirdParty/FreeRTOS/portable/GCC/ARM_CM4F/port.o
 .debug_aranges
                0x00000000000013b8      0x138 ThirdParty/SEGGER/SEGGER/SEGGER_RTT.o
 .debug_aranges
                0x00000000000014f0       0x20 ThirdParty/SEGGER/SEGGER/SEGGER_RTT_ASM_ARMv7M.o
 .debug_aranges
                0x0000000000001510      0x280 ThirdParty/SEGGER/SEGGER/SEGGER_SYSVIEW.o

.debug_ranges   0x0000000000000000     0x1658
 .debug_ranges  0x0000000000000000       0x48 Core/Src/LCD_I2C.o
 .debug_ranges  0x0000000000000048       0x50 Core/Src/LightSensor.o
 .debug_ranges  0x0000000000000098       0x90 Core/Src/UartRingbuffer.o
 .debug_ranges  0x0000000000000128       0x10 Core/Src/calculateSpeed.o
 .debug_ranges  0x0000000000000138       0x90 Core/Src/main.o
 .debug_ranges  0x00000000000001c8       0x68 Core/Src/stm32f4xx_hal_msp.o
 .debug_ranges  0x0000000000000230       0x20 Core/Src/stm32f4xx_hal_timebase_tim.o
 .debug_ranges  0x0000000000000250       0x58 Core/Src/stm32f4xx_it.o
 .debug_ranges  0x00000000000002a8       0x18 Core/Src/system_stm32f4xx.o
 .debug_ranges  0x00000000000002c0       0x20 Core/Startup/startup_stm32f446retx.o
 .debug_ranges  0x00000000000002e0       0xe0 Drivers/STM32F4xx_HAL_Driver/Src/stm32f4xx_hal.o
 .debug_ranges  0x00000000000003c0      0x108 Drivers/STM32F4xx_HAL_Driver/Src/stm32f4xx_hal_cortex.o
 .debug_ranges  0x00000000000004c8       0x80 Drivers/STM32F4xx_HAL_Driver/Src/stm32f4xx_hal_dma.o
 .debug_ranges  0x0000000000000548       0x48 Drivers/STM32F4xx_HAL_Driver/Src/stm32f4xx_hal_gpio.o
 .debug_ranges  0x0000000000000590      0x2a8 Drivers/STM32F4xx_HAL_Driver/Src/stm32f4xx_hal_i2c.o
 .debug_ranges  0x0000000000000838       0x78 Drivers/STM32F4xx_HAL_Driver/Src/stm32f4xx_hal_rcc.o
 .debug_ranges  0x00000000000008b0       0x68 Drivers/STM32F4xx_HAL_Driver/Src/stm32f4xx_hal_rcc_ex.o
 .debug_ranges  0x0000000000000918      0x3c0 Drivers/STM32F4xx_HAL_Driver/Src/stm32f4xx_hal_tim.o
 .debug_ranges  0x0000000000000cd8      0x158 Drivers/STM32F4xx_HAL_Driver/Src/stm32f4xx_hal_tim_ex.o
 .debug_ranges  0x0000000000000e30      0x220 Drivers/STM32F4xx_HAL_Driver/Src/stm32f4xx_hal_uart.o
 .debug_ranges  0x0000000000001050      0x1f8 ThirdParty/FreeRTOS/tasks.o
 .debug_ranges  0x0000000000001248       0x78 ThirdParty/FreeRTOS/portable/GCC/ARM_CM4F/port.o
 .debug_ranges  0x00000000000012c0      0x128 ThirdParty/SEGGER/SEGGER/SEGGER_RTT.o
 .debug_ranges  0x00000000000013e8      0x270 ThirdParty/SEGGER/SEGGER/SEGGER_SYSVIEW.o

.debug_macro    0x0000000000000000     0x46ee
 .debug_macro   0x0000000000000000      0x201 Core/Src/LCD_I2C.o
 .debug_macro   0x0000000000000201      0x298 Core/Src/LightSensor.o
 .debug_macro   0x0000000000000499       0x76 Core/Src/LightSensor.o
 .debug_macro   0x000000000000050f      0x2c4 Core/Src/UartRingbuffer.o
 .debug_macro   0x00000000000007d3       0x10 Core/Src/UartRingbuffer.o
 .debug_macro   0x00000000000007e3       0x6d Core/Src/calculateSpeed.o
 .debug_macro   0x0000000000000850      0x2f0 Core/Src/main.o
 .debug_macro   0x0000000000000b40      0x106 Core/Src/main.o
 .debug_macro   0x0000000000000c46       0x58 Core/Src/main.o
 .debug_macro   0x0000000000000c9e       0x46 Core/Src/main.o
 .debug_macro   0x0000000000000ce4       0x64 Core/Src/main.o
 .debug_macro   0x0000000000000d48       0x49 Core/Src/main.o
 .debug_macro   0x0000000000000d91       0xc3 Core/Src/main.o
 .debug_macro   0x0000000000000e54      0x204 Core/Src/main.o
 .debug_macro   0x0000000000001058      0x450 Core/Src/main.o
 .debug_macro   0x00000000000014a8      0x15a Core/Src/main.o
 .debug_macro   0x0000000000001602       0xea Core/Src/main.o
 .debug_macro   0x00000000000016ec       0x28 Core/Src/main.o
 .debug_macro   0x0000000000001714       0x1f Core/Src/main.o
 .debug_macro   0x0000000000001733       0x12 Core/Src/main.o
 .debug_macro   0x0000000000001745      0x400 Core/Src/main.o
 .debug_macro   0x0000000000001b45       0xc3 Core/Src/main.o
 .debug_macro   0x0000000000001c08      0x120 Core/Src/main.o
 .debug_macro   0x0000000000001d28      0x1f1 Core/Src/stm32f4xx_hal_msp.o
 .debug_macro   0x0000000000001f19      0x1e7 Core/Src/stm32f4xx_hal_timebase_tim.o
 .debug_macro   0x0000000000002100      0x2a3 Core/Src/stm32f4xx_it.o
 .debug_macro   0x00000000000023a3      0x1e7 Core/Src/system_stm32f4xx.o
 .debug_macro   0x000000000000258a      0x247 Drivers/STM32F4xx_HAL_Driver/Src/stm32f4xx_hal.o
 .debug_macro   0x00000000000027d1      0x1e7 Drivers/STM32F4xx_HAL_Driver/Src/stm32f4xx_hal_cortex.o
 .debug_macro   0x00000000000029b8      0x1ed Drivers/STM32F4xx_HAL_Driver/Src/stm32f4xx_hal_dma.o
 .debug_macro   0x0000000000002ba5      0x1ed Drivers/STM32F4xx_HAL_Driver/Src/stm32f4xx_hal_gpio.o
 .debug_macro   0x0000000000002d92      0x22e Drivers/STM32F4xx_HAL_Driver/Src/stm32f4xx_hal_i2c.o
 .debug_macro   0x0000000000002fc0      0x20b Drivers/STM32F4xx_HAL_Driver/Src/stm32f4xx_hal_rcc.o
 .debug_macro   0x00000000000031cb      0x1e7 Drivers/STM32F4xx_HAL_Driver/Src/stm32f4xx_hal_rcc_ex.o
 .debug_macro   0x00000000000033b2      0x1e8 Drivers/STM32F4xx_HAL_Driver/Src/stm32f4xx_hal_tim.o
 .debug_macro   0x000000000000359a      0x1e7 Drivers/STM32F4xx_HAL_Driver/Src/stm32f4xx_hal_tim_ex.o
 .debug_macro   0x0000000000003781      0x1e8 Drivers/STM32F4xx_HAL_Driver/Src/stm32f4xx_hal_uart.o
 .debug_macro   0x0000000000003969      0x2d2 ThirdParty/FreeRTOS/tasks.o
 .debug_macro   0x0000000000003c3b       0x17 ThirdParty/FreeRTOS/tasks.o
 .debug_macro   0x0000000000003c52      0x208 ThirdParty/FreeRTOS/portable/GCC/ARM_CM4F/port.o
 .debug_macro   0x0000000000003e5a      0x1b0 ThirdParty/SEGGER/SEGGER/SEGGER_RTT.o
 .debug_macro   0x000000000000400a       0x34 ThirdParty/SEGGER/SEGGER/SEGGER_RTT.o
 .debug_macro   0x000000000000403e      0x138 ThirdParty/SEGGER/SEGGER/SEGGER_RTT.o
 .debug_macro   0x0000000000004176      0x206 ThirdParty/SEGGER/SEGGER/SEGGER_SYSVIEW.o
 .debug_macro   0x000000000000437c      0x204 ThirdParty/SEGGER/SEGGER/SEGGER_SYSVIEW.o
 .debug_macro   0x0000000000004580      0x16e ThirdParty/SEGGER/SEGGER/SEGGER_SYSVIEW.o

.debug_line     0x0000000000000000    0x1392f
 .debug_line    0x0000000000000000      0x7c6 Core/Src/LCD_I2C.o
 .debug_line    0x00000000000007c6      0x8e3 Core/Src/LightSensor.o
 .debug_line    0x00000000000010a9      0xac8 Core/Src/UartRingbuffer.o
 .debug_line    0x0000000000001b71      0x3b0 Core/Src/calculateSpeed.o
 .debug_line    0x0000000000001f21      0xc6e Core/Src/main.o
 .debug_line    0x0000000000002b8f      0x87b Core/Src/stm32f4xx_hal_msp.o
 .debug_line    0x000000000000340a      0x72d Core/Src/stm32f4xx_hal_timebase_tim.o
 .debug_line    0x0000000000003b37      0x8f4 Core/Src/stm32f4xx_it.o
 .debug_line    0x000000000000442b      0x70c Core/Src/system_stm32f4xx.o
 .debug_line    0x0000000000004b37       0x88 Core/Startup/startup_stm32f446retx.o
 .debug_line    0x0000000000004bbf      0x8f7 Drivers/STM32F4xx_HAL_Driver/Src/stm32f4xx_hal.o
 .debug_line    0x00000000000054b6      0xa1b Drivers/STM32F4xx_HAL_Driver/Src/stm32f4xx_hal_cortex.o
 .debug_line    0x0000000000005ed1      0x9c0 Drivers/STM32F4xx_HAL_Driver/Src/stm32f4xx_hal_dma.o
 .debug_line    0x0000000000006891      0x8b0 Drivers/STM32F4xx_HAL_Driver/Src/stm32f4xx_hal_gpio.o
 .debug_line    0x0000000000007141     0x1c1f Drivers/STM32F4xx_HAL_Driver/Src/stm32f4xx_hal_i2c.o
 .debug_line    0x0000000000008d60      0x955 Drivers/STM32F4xx_HAL_Driver/Src/stm32f4xx_hal_rcc.o
 .debug_line    0x00000000000096b5      0xafb Drivers/STM32F4xx_HAL_Driver/Src/stm32f4xx_hal_rcc_ex.o
 .debug_line    0x000000000000a1b0     0x22c9 Drivers/STM32F4xx_HAL_Driver/Src/stm32f4xx_hal_tim.o
 .debug_line    0x000000000000c479     0x129b Drivers/STM32F4xx_HAL_Driver/Src/stm32f4xx_hal_tim_ex.o
 .debug_line    0x000000000000d714     0x1e22 Drivers/STM32F4xx_HAL_Driver/Src/stm32f4xx_hal_uart.o
 .debug_line    0x000000000000f536     0x1734 ThirdParty/FreeRTOS/tasks.o
 .debug_line    0x0000000000010c6a      0x94f ThirdParty/FreeRTOS/portable/GCC/ARM_CM4F/port.o
 .debug_line    0x00000000000115b9      0xa1a ThirdParty/SEGGER/SEGGER/SEGGER_RTT.o
 .debug_line    0x0000000000011fd3       0xa0 ThirdParty/SEGGER/SEGGER/SEGGER_RTT_ASM_ARMv7M.o
 .debug_line    0x0000000000012073     0x18bc ThirdParty/SEGGER/SEGGER/SEGGER_SYSVIEW.o

.debug_str      0x0000000000000000    0xe0b66
 .debug_str     0x0000000000000000    0xcae07 Core/Src/LCD_I2C.o
                                      0xcb10c (size before relaxing)
 .debug_str     0x00000000000cae07     0x3ba3 Core/Src/LightSensor.o
                                      0xceb45 (size before relaxing)
 .debug_str     0x00000000000ce9aa      0x46e Core/Src/UartRingbuffer.o
                                      0xcdfd3 (size before relaxing)
 .debug_str     0x00000000000cee18       0x68 Core/Src/calculateSpeed.o
                                       0x3c63 (size before relaxing)
 .debug_str     0x00000000000cee80     0x9757 Core/Src/main.o
                                      0xd4b06 (size before relaxing)
 .debug_str     0x00000000000d85d7      0x626 Core/Src/stm32f4xx_hal_msp.o
                                      0xcbb39 (size before relaxing)
 .debug_str     0x00000000000d8bfd       0xba Core/Src/stm32f4xx_hal_timebase_tim.o
                                      0xcb676 (size before relaxing)
 .debug_str     0x00000000000d8cb7       0xef Core/Src/stm32f4xx_it.o
                                      0xce9ee (size before relaxing)
 .debug_str     0x00000000000d8da6       0xaf Core/Src/system_stm32f4xx.o
                                      0xcab91 (size before relaxing)
 .debug_str     0x00000000000d8e55       0x36 Core/Startup/startup_stm32f446retx.o
                                         0x75 (size before relaxing)
 .debug_str     0x00000000000d8e8b      0x542 Drivers/STM32F4xx_HAL_Driver/Src/stm32f4xx_hal.o
                                      0xcb6b4 (size before relaxing)
 .debug_str     0x00000000000d93cd      0x392 Drivers/STM32F4xx_HAL_Driver/Src/stm32f4xx_hal_cortex.o
                                      0xcb47e (size before relaxing)
 .debug_str     0x00000000000d975f      0x315 Drivers/STM32F4xx_HAL_Driver/Src/stm32f4xx_hal_dma.o
                                      0xcaf96 (size before relaxing)
 .debug_str     0x00000000000d9a74      0x15f Drivers/STM32F4xx_HAL_Driver/Src/stm32f4xx_hal_gpio.o
                                      0xcad38 (size before relaxing)
 .debug_str     0x00000000000d9bd3      0xab1 Drivers/STM32F4xx_HAL_Driver/Src/stm32f4xx_hal_i2c.o
                                      0xcbaf3 (size before relaxing)
 .debug_str     0x00000000000da684      0x244 Drivers/STM32F4xx_HAL_Driver/Src/stm32f4xx_hal_rcc.o
                                      0xcaf98 (size before relaxing)
 .debug_str     0x00000000000da8c8      0x324 Drivers/STM32F4xx_HAL_Driver/Src/stm32f4xx_hal_rcc_ex.o
                                      0xcaff5 (size before relaxing)
 .debug_str     0x00000000000dabec      0xd29 Drivers/STM32F4xx_HAL_Driver/Src/stm32f4xx_hal_tim.o
                                      0xcbe9b (size before relaxing)
 .debug_str     0x00000000000db915      0x4ee Drivers/STM32F4xx_HAL_Driver/Src/stm32f4xx_hal_tim_ex.o
                                      0xcb64c (size before relaxing)
 .debug_str     0x00000000000dbe03      0x5cd Drivers/STM32F4xx_HAL_Driver/Src/stm32f4xx_hal_uart.o
                                      0xcb4f4 (size before relaxing)
 .debug_str     0x00000000000dc3d0     0x1ef9 ThirdParty/FreeRTOS/tasks.o
                                      0x11df7 (size before relaxing)
 .debug_str     0x00000000000de2c9      0x86a ThirdParty/FreeRTOS/portable/GCC/ARM_CM4F/port.o
                                       0xd786 (size before relaxing)
 .debug_str     0x00000000000deb33     0x104d ThirdParty/SEGGER/SEGGER/SEGGER_RTT.o
                                       0x78f9 (size before relaxing)
 .debug_str     0x00000000000dfb80       0x34 ThirdParty/SEGGER/SEGGER/SEGGER_RTT_ASM_ARMv7M.o
                                         0x81 (size before relaxing)
 .debug_str     0x00000000000dfbb4      0xfb2 ThirdParty/SEGGER/SEGGER/SEGGER_SYSVIEW.o
                                       0x98b3 (size before relaxing)

.comment        0x0000000000000000       0x7b
 .comment       0x0000000000000000       0x7b Core/Src/LCD_I2C.o
                                         0x7c (size before relaxing)
 .comment       0x000000000000007b       0x7c Core/Src/LightSensor.o
 .comment       0x000000000000007b       0x7c Core/Src/UartRingbuffer.o
 .comment       0x000000000000007b       0x7c Core/Src/calculateSpeed.o
 .comment       0x000000000000007b       0x7c Core/Src/main.o
 .comment       0x000000000000007b       0x7c Core/Src/stm32f4xx_hal_msp.o
 .comment       0x000000000000007b       0x7c Core/Src/stm32f4xx_hal_timebase_tim.o
 .comment       0x000000000000007b       0x7c Core/Src/stm32f4xx_it.o
 .comment       0x000000000000007b       0x7c Core/Src/system_stm32f4xx.o
 .comment       0x000000000000007b       0x7c Drivers/STM32F4xx_HAL_Driver/Src/stm32f4xx_hal.o
 .comment       0x000000000000007b       0x7c Drivers/STM32F4xx_HAL_Driver/Src/stm32f4xx_hal_cortex.o
 .comment       0x000000000000007b       0x7c Drivers/STM32F4xx_HAL_Driver/Src/stm32f4xx_hal_dma.o
 .comment       0x000000000000007b       0x7c Drivers/STM32F4xx_HAL_Driver/Src/stm32f4xx_hal_gpio.o
 .comment       0x000000000000007b       0x7c Drivers/STM32F4xx_HAL_Driver/Src/stm32f4xx_hal_i2c.o
 .comment       0x000000000000007b       0x7c Drivers/STM32F4xx_HAL_Driver/Src/stm32f4xx_hal_rcc.o
 .comment       0x000000000000007b       0x7c Drivers/STM32F4xx_HAL_Driver/Src/stm32f4xx_hal_rcc_ex.o
 .comment       0x000000000000007b       0x7c Drivers/STM32F4xx_HAL_Driver/Src/stm32f4xx_hal_tim.o
 .comment       0x000000000000007b       0x7c Drivers/STM32F4xx_HAL_Driver/Src/stm32f4xx_hal_tim_ex.o
 .comment       0x000000000000007b       0x7c Drivers/STM32F4xx_HAL_Driver/Src/stm32f4xx_hal_uart.o
 .comment       0x000000000000007b       0x7c ThirdParty/FreeRTOS/tasks.o
 .comment       0x000000000000007b       0x7c ThirdParty/FreeRTOS/portable/GCC/ARM_CM4F/port.o
 .comment       0x000000000000007b       0x7c ThirdParty/SEGGER/SEGGER/SEGGER_RTT.o
 .comment       0x000000000000007b       0x7c ThirdParty/SEGGER/SEGGER/SEGGER_SYSVIEW.o

.debug_frame    0x0000000000000000     0x6594
 .debug_frame   0x0000000000000000      0x120 Core/Src/LCD_I2C.o
 .debug_frame   0x0000000000000120      0x140 Core/Src/LightSensor.o
 .debug_frame   0x0000000000000260      0x200 Core/Src/UartRingbuffer.o
 .debug_frame   0x0000000000000460       0x38 Core/Src/calculateSpeed.o
 .debug_frame   0x0000000000000498      0x234 Core/Src/main.o
 .debug_frame   0x00000000000006cc      0x1d4 Core/Src/stm32f4xx_hal_msp.o
 .debug_frame   0x00000000000008a0       0x74 Core/Src/stm32f4xx_hal_timebase_tim.o
 .debug_frame   0x0000000000000914      0x120 Core/Src/stm32f4xx_it.o
 .debug_frame   0x0000000000000a34       0x58 Core/Src/system_stm32f4xx.o
 .debug_frame   0x0000000000000a8c      0x374 Drivers/STM32F4xx_HAL_Driver/Src/stm32f4xx_hal.o
 .debug_frame   0x0000000000000e00      0x498 Drivers/STM32F4xx_HAL_Driver/Src/stm32f4xx_hal_cortex.o
 .debug_frame   0x0000000000001298      0x250 Drivers/STM32F4xx_HAL_Driver/Src/stm32f4xx_hal_dma.o
 .debug_frame   0x00000000000014e8      0x14c Drivers/STM32F4xx_HAL_Driver/Src/stm32f4xx_hal_gpio.o
 .debug_frame   0x0000000000001634      0xc5c Drivers/STM32F4xx_HAL_Driver/Src/stm32f4xx_hal_i2c.o
 .debug_frame   0x0000000000002290      0x1f0 Drivers/STM32F4xx_HAL_Driver/Src/stm32f4xx_hal_rcc.o
 .debug_frame   0x0000000000002480      0x1e0 Drivers/STM32F4xx_HAL_Driver/Src/stm32f4xx_hal_rcc_ex.o
 .debug_frame   0x0000000000002660     0x11c4 Drivers/STM32F4xx_HAL_Driver/Src/stm32f4xx_hal_tim.o
 .debug_frame   0x0000000000003824      0x638 Drivers/STM32F4xx_HAL_Driver/Src/stm32f4xx_hal_tim_ex.o
 .debug_frame   0x0000000000003e5c      0x92c Drivers/STM32F4xx_HAL_Driver/Src/stm32f4xx_hal_uart.o
 .debug_frame   0x0000000000004788      0x900 ThirdParty/FreeRTOS/tasks.o
 .debug_frame   0x0000000000005088      0x1d0 ThirdParty/FreeRTOS/portable/GCC/ARM_CM4F/port.o
 .debug_frame   0x0000000000005258      0x530 ThirdParty/SEGGER/SEGGER/SEGGER_RTT.o
 .debug_frame   0x0000000000005788      0xbc4 ThirdParty/SEGGER/SEGGER/SEGGER_SYSVIEW.o
 .debug_frame   0x000000000000634c       0x2c c:/st/stm32cubeide_1.4.0/stm32cubeide/plugins/com.st.stm32cube.ide.mcu.externaltools.gnu-tools-for-stm32.7-2018-q2-update.win32_1.4.0.202007081208/tools/bin/../lib/gcc/arm-none-eabi/7.3.1/../../../../arm-none-eabi/lib/thumb/v7e-m/fpv4-sp/hard\libc_nano.a(lib_a-init.o)
 .debug_frame   0x0000000000006378       0x28 c:/st/stm32cubeide_1.4.0/stm32cubeide/plugins/com.st.stm32cube.ide.mcu.externaltools.gnu-tools-for-stm32.7-2018-q2-update.win32_1.4.0.202007081208/tools/bin/../lib/gcc/arm-none-eabi/7.3.1/../../../../arm-none-eabi/lib/thumb/v7e-m/fpv4-sp/hard\libc_nano.a(lib_a-memcpy-stub.o)
 .debug_frame   0x00000000000063a0       0x20 c:/st/stm32cubeide_1.4.0/stm32cubeide/plugins/com.st.stm32cube.ide.mcu.externaltools.gnu-tools-for-stm32.7-2018-q2-update.win32_1.4.0.202007081208/tools/bin/../lib/gcc/arm-none-eabi/7.3.1/../../../../arm-none-eabi/lib/thumb/v7e-m/fpv4-sp/hard\libc_nano.a(lib_a-memset.o)
 .debug_frame   0x00000000000063c0       0x30 c:/st/stm32cubeide_1.4.0/stm32cubeide/plugins/com.st.stm32cube.ide.mcu.externaltools.gnu-tools-for-stm32.7-2018-q2-update.win32_1.4.0.202007081208/tools/bin/../lib/gcc/arm-none-eabi/7.3.1/../../../../arm-none-eabi/lib/thumb/v7e-m/fpv4-sp/hard\libm.a(lib_a-s_round.o)
 .debug_frame   0x00000000000063f0       0xac c:/st/stm32cubeide_1.4.0/stm32cubeide/plugins/com.st.stm32cube.ide.mcu.externaltools.gnu-tools-for-stm32.7-2018-q2-update.win32_1.4.0.202007081208/tools/bin/../lib/gcc/arm-none-eabi/7.3.1/thumb/v7e-m/fpv4-sp/hard\libgcc.a(_arm_addsubdf3.o)
 .debug_frame   0x000000000000649c       0x50 c:/st/stm32cubeide_1.4.0/stm32cubeide/plugins/com.st.stm32cube.ide.mcu.externaltools.gnu-tools-for-stm32.7-2018-q2-update.win32_1.4.0.202007081208/tools/bin/../lib/gcc/arm-none-eabi/7.3.1/thumb/v7e-m/fpv4-sp/hard\libgcc.a(_arm_muldivdf3.o)
 .debug_frame   0x00000000000064ec       0x24 c:/st/stm32cubeide_1.4.0/stm32cubeide/plugins/com.st.stm32cube.ide.mcu.externaltools.gnu-tools-for-stm32.7-2018-q2-update.win32_1.4.0.202007081208/tools/bin/../lib/gcc/arm-none-eabi/7.3.1/thumb/v7e-m/fpv4-sp/hard\libgcc.a(_arm_fixunsdfsi.o)
 .debug_frame   0x0000000000006510       0x24 c:/st/stm32cubeide_1.4.0/stm32cubeide/plugins/com.st.stm32cube.ide.mcu.externaltools.gnu-tools-for-stm32.7-2018-q2-update.win32_1.4.0.202007081208/tools/bin/../lib/gcc/arm-none-eabi/7.3.1/thumb/v7e-m/fpv4-sp/hard\libgcc.a(_arm_truncdfsf2.o)
 .debug_frame   0x0000000000006534       0x2c c:/st/stm32cubeide_1.4.0/stm32cubeide/plugins/com.st.stm32cube.ide.mcu.externaltools.gnu-tools-for-stm32.7-2018-q2-update.win32_1.4.0.202007081208/tools/bin/../lib/gcc/arm-none-eabi/7.3.1/thumb/v7e-m/fpv4-sp/hard\libgcc.a(_aeabi_uldivmod.o)
 .debug_frame   0x0000000000006560       0x34 c:/st/stm32cubeide_1.4.0/stm32cubeide/plugins/com.st.stm32cube.ide.mcu.externaltools.gnu-tools-for-stm32.7-2018-q2-update.win32_1.4.0.202007081208/tools/bin/../lib/gcc/arm-none-eabi/7.3.1/thumb/v7e-m/fpv4-sp/hard\libgcc.a(_udivmoddi4.o)
