Archive member included to satisfy reference by file (symbol)

D:/GP/IMP_Files/STM32CubeIDE_1.4.0/STM32CubeIDE/plugins/com.st.stm32cube.ide.mcu.externaltools.gnu-tools-for-stm32.11.3.rel1.win32_1.1.100.202309141235/tools/bin/../lib/gcc/arm-none-eabi/11.3.1/../../../../arm-none-eabi/lib/thumb/v7e-m+fp/hard\libc_nano.a(libc_a-atoi.o)
                              ./Core/Src/NMEA.o (atoi)
D:/GP/IMP_Files/STM32CubeIDE_1.4.0/STM32CubeIDE/plugins/com.st.stm32cube.ide.mcu.externaltools.gnu-tools-for-stm32.11.3.rel1.win32_1.1.100.202309141235/tools/bin/../lib/gcc/arm-none-eabi/11.3.1/../../../../arm-none-eabi/lib/thumb/v7e-m+fp/hard\libc_nano.a(libc_a-exit.o)
                              D:/GP/IMP_Files/STM32CubeIDE_1.4.0/STM32CubeIDE/plugins/com.st.stm32cube.ide.mcu.externaltools.gnu-tools-for-stm32.11.3.rel1.win32_1.1.100.202309141235/tools/bin/../lib/gcc/arm-none-eabi/11.3.1/../../../../arm-none-eabi/lib/thumb/v7e-m+fp/hard/crt0.o (exit)
D:/GP/IMP_Files/STM32CubeIDE_1.4.0/STM32CubeIDE/plugins/com.st.stm32cube.ide.mcu.externaltools.gnu-tools-for-stm32.11.3.rel1.win32_1.1.100.202309141235/tools/bin/../lib/gcc/arm-none-eabi/11.3.1/../../../../arm-none-eabi/lib/thumb/v7e-m+fp/hard\libc_nano.a(libc_a-strtod.o)
                              ./Core/Src/NMEA.o (strtof)
D:/GP/IMP_Files/STM32CubeIDE_1.4.0/STM32CubeIDE/plugins/com.st.stm32cube.ide.mcu.externaltools.gnu-tools-for-stm32.11.3.rel1.win32_1.1.100.202309141235/tools/bin/../lib/gcc/arm-none-eabi/11.3.1/../../../../arm-none-eabi/lib/thumb/v7e-m+fp/hard\libc_nano.a(libc_a-strtol.o)
                              D:/GP/IMP_Files/STM32CubeIDE_1.4.0/STM32CubeIDE/plugins/com.st.stm32cube.ide.mcu.externaltools.gnu-tools-for-stm32.11.3.rel1.win32_1.1.100.202309141235/tools/bin/../lib/gcc/arm-none-eabi/11.3.1/../../../../arm-none-eabi/lib/thumb/v7e-m+fp/hard\libc_nano.a(libc_a-atoi.o) (_strtol_r)
D:/GP/IMP_Files/STM32CubeIDE_1.4.0/STM32CubeIDE/plugins/com.st.stm32cube.ide.mcu.externaltools.gnu-tools-for-stm32.11.3.rel1.win32_1.1.100.202309141235/tools/bin/../lib/gcc/arm-none-eabi/11.3.1/../../../../arm-none-eabi/lib/thumb/v7e-m+fp/hard\libc_nano.a(libc_a-ctype_.o)
                              D:/GP/IMP_Files/STM32CubeIDE_1.4.0/STM32CubeIDE/plugins/com.st.stm32cube.ide.mcu.externaltools.gnu-tools-for-stm32.11.3.rel1.win32_1.1.100.202309141235/tools/bin/../lib/gcc/arm-none-eabi/11.3.1/../../../../arm-none-eabi/lib/thumb/v7e-m+fp/hard\libc_nano.a(libc_a-strtol.o) (_ctype_)
D:/GP/IMP_Files/STM32CubeIDE_1.4.0/STM32CubeIDE/plugins/com.st.stm32cube.ide.mcu.externaltools.gnu-tools-for-stm32.11.3.rel1.win32_1.1.100.202309141235/tools/bin/../lib/gcc/arm-none-eabi/11.3.1/../../../../arm-none-eabi/lib/thumb/v7e-m+fp/hard\libc_nano.a(libc_a-nano-vfprintf_float.o)
                              (_printf_float)
D:/GP/IMP_Files/STM32CubeIDE_1.4.0/STM32CubeIDE/plugins/com.st.stm32cube.ide.mcu.externaltools.gnu-tools-for-stm32.11.3.rel1.win32_1.1.100.202309141235/tools/bin/../lib/gcc/arm-none-eabi/11.3.1/../../../../arm-none-eabi/lib/thumb/v7e-m+fp/hard\libc_nano.a(libc_a-nano-vfprintf_i.o)
                              D:/GP/IMP_Files/STM32CubeIDE_1.4.0/STM32CubeIDE/plugins/com.st.stm32cube.ide.mcu.externaltools.gnu-tools-for-stm32.11.3.rel1.win32_1.1.100.202309141235/tools/bin/../lib/gcc/arm-none-eabi/11.3.1/../../../../arm-none-eabi/lib/thumb/v7e-m+fp/hard\libc_nano.a(libc_a-nano-vfprintf_float.o) (_printf_common)
D:/GP/IMP_Files/STM32CubeIDE_1.4.0/STM32CubeIDE/plugins/com.st.stm32cube.ide.mcu.externaltools.gnu-tools-for-stm32.11.3.rel1.win32_1.1.100.202309141235/tools/bin/../lib/gcc/arm-none-eabi/11.3.1/../../../../arm-none-eabi/lib/thumb/v7e-m+fp/hard\libc_nano.a(libc_a-findfp.o)
                              D:/GP/IMP_Files/STM32CubeIDE_1.4.0/STM32CubeIDE/plugins/com.st.stm32cube.ide.mcu.externaltools.gnu-tools-for-stm32.11.3.rel1.win32_1.1.100.202309141235/tools/bin/../lib/gcc/arm-none-eabi/11.3.1/../../../../arm-none-eabi/lib/thumb/v7e-m+fp/hard\libc_nano.a(libc_a-exit.o) (__stdio_exit_handler)
D:/GP/IMP_Files/STM32CubeIDE_1.4.0/STM32CubeIDE/plugins/com.st.stm32cube.ide.mcu.externaltools.gnu-tools-for-stm32.11.3.rel1.win32_1.1.100.202309141235/tools/bin/../lib/gcc/arm-none-eabi/11.3.1/../../../../arm-none-eabi/lib/thumb/v7e-m+fp/hard\libc_nano.a(libc_a-fwalk.o)
                              D:/GP/IMP_Files/STM32CubeIDE_1.4.0/STM32CubeIDE/plugins/com.st.stm32cube.ide.mcu.externaltools.gnu-tools-for-stm32.11.3.rel1.win32_1.1.100.202309141235/tools/bin/../lib/gcc/arm-none-eabi/11.3.1/../../../../arm-none-eabi/lib/thumb/v7e-m+fp/hard\libc_nano.a(libc_a-findfp.o) (_fwalk_sglue)
D:/GP/IMP_Files/STM32CubeIDE_1.4.0/STM32CubeIDE/plugins/com.st.stm32cube.ide.mcu.externaltools.gnu-tools-for-stm32.11.3.rel1.win32_1.1.100.202309141235/tools/bin/../lib/gcc/arm-none-eabi/11.3.1/../../../../arm-none-eabi/lib/thumb/v7e-m+fp/hard\libc_nano.a(libc_a-snprintf.o)
                              ./Core/Src/Build_msg.o (snprintf)
[...]
Memory Configuration

Name             Origin             Length             Attributes
RAM              0x0000000020000000 0x0000000000020000 xrw
FLASH            0x0000000008000000 0x0000000000080000 xr
*default*        0x0000000000000000 0xffffffffffffffff

Linker script and memory map

LOAD D:/GP/IMP_Files/STM32CubeIDE_1.4.0/STM32CubeIDE/plugins/com.st.stm32cube.ide.mcu.externaltools.gnu-tools-for-stm32.11.3.rel1.win32_1.1.100.202309141235/tools/bin/../lib/gcc/arm-none-eabi/11.3.1/thumb/v7e-m+fp/hard/crti.o
LOAD D:/GP/IMP_Files/STM32CubeIDE_1.4.0/STM32CubeIDE/plugins/com.st.stm32cube.ide.mcu.externaltools.gnu-tools-for-stm32.11.3.rel1.win32_1.1.100.202309141235/tools/bin/../lib/gcc/arm-none-eabi/11.3.1/thumb/v7e-m+fp/hard/crtbegin.o
LOAD D:/GP/IMP_Files/STM32CubeIDE_1.4.0/STM32CubeIDE/plugins/com.st.stm32cube.ide.mcu.externaltools.gnu-tools-for-stm32.11.3.rel1.win32_1.1.100.202309141235/tools/bin/../lib/gcc/arm-none-eabi/11.3.1/../../../../arm-none-eabi/lib/thumb/v7e-m+fp/hard/crt0.o
LOAD ./Core/Src/Build_msg.o
LOAD ./Core/Src/Buzzer.o
LOAD ./Core/Src/Call_Back_functions.o
LOAD ./Core/Src/Car_Control.o
LOAD ./Core/Src/GPS.o
LOAD ./Core/Src/Help_Functions.o
LOAD ./Core/Src/LCD_I2C.o
LOAD ./Core/Src/LightSensor.o
LOAD ./Core/Src/NMEA.o
LOAD ./Core/Src/Tasks.o
LOAD ./Core/Src/UartRingbuffer.o
LOAD ./Core/Src/bluetooth.o
LOAD ./Core/Src/calculateSpeed.o
LOAD ./Core/Src/main.o
LOAD ./Core/Src/stm32f4xx_hal_msp.o
LOAD ./Core/Src/stm32f4xx_hal_timebase_tim.o
LOAD ./Core/Src/stm32f4xx_it.o
LOAD ./Core/Src/syscalls.o
LOAD ./Core/Src/system_stm32f4xx.o
LOAD ./Core/Startup/startup_stm32f446retx.o
LOAD ./Drivers/STM32F4xx_HAL_Driver/Src/stm32f4xx_hal.o
LOAD ./Drivers/STM32F4xx_HAL_Driver/Src/stm32f4xx_hal_cortex.o
LOAD ./Drivers/STM32F4xx_HAL_Driver/Src/stm32f4xx_hal_dma.o
LOAD ./Drivers/STM32F4xx_HAL_Driver/Src/stm32f4xx_hal_dma_ex.o
LOAD ./Drivers/STM32F4xx_HAL_Driver/Src/stm32f4xx_hal_exti.o
LOAD ./Drivers/STM32F4xx_HAL_Driver/Src/stm32f4xx_hal_flash.o
LOAD ./Drivers/STM32F4xx_HAL_Driver/Src/stm32f4xx_hal_flash_ex.o
LOAD ./Drivers/STM32F4xx_HAL_Driver/Src/stm32f4xx_hal_flash_ramfunc.o
LOAD ./Drivers/STM32F4xx_HAL_Driver/Src/stm32f4xx_hal_gpio.o
LOAD ./Drivers/STM32F4xx_HAL_Driver/Src/stm32f4xx_hal_i2c.o
LOAD ./Drivers/STM32F4xx_HAL_Driver/Src/stm32f4xx_hal_i2c_ex.o
LOAD ./Drivers/STM32F4xx_HAL_Driver/Src/stm32f4xx_hal_pwr.o
LOAD ./Drivers/STM32F4xx_HAL_Driver/Src/stm32f4xx_hal_pwr_ex.o
LOAD ./Drivers/STM32F4xx_HAL_Driver/Src/stm32f4xx_hal_rcc.o
LOAD ./Drivers/STM32F4xx_HAL_Driver/Src/stm32f4xx_hal_rcc_ex.o
LOAD ./Drivers/STM32F4xx_HAL_Driver/Src/stm32f4xx_hal_tim.o
LOAD ./Drivers/STM32F4xx_HAL_Driver/Src/stm32f4xx_hal_tim_ex.o
LOAD ./Drivers/STM32F4xx_HAL_Driver/Src/stm32f4xx_hal_uart.o
LOAD ./ThirdParty/FreeRTOS/croutine.o
LOAD ./ThirdParty/FreeRTOS/event_groups.o
LOAD ./ThirdParty/FreeRTOS/list.o
LOAD ./ThirdParty/FreeRTOS/queue.o
LOAD ./ThirdParty/FreeRTOS/stream_buffer.o
LOAD ./ThirdParty/FreeRTOS/tasks.o
LOAD ./ThirdParty/FreeRTOS/timers.o
LOAD ./ThirdParty/FreeRTOS/portable/GCC/ARM_CM4F/port.o
LOAD ./ThirdParty/FreeRTOS/portable/MemMang/heap_4.o
LOAD ./ThirdParty/SEGGER/Config/SEGGER_SYSVIEW_Config_FreeRTOS.o
LOAD ./ThirdParty/SEGGER/OS/SEGGER_SYSVIEW_FreeRTOS.o
LOAD ./ThirdParty/SEGGER/SEGGER/SEGGER_RTT.o
LOAD ./ThirdParty/SEGGER/SEGGER/SEGGER_RTT_ASM_ARMv7M.o
LOAD ./ThirdParty/SEGGER/SEGGER/SEGGER_RTT_printf.o
LOAD ./ThirdParty/SEGGER/SEGGER/SEGGER_SYSVIEW.o
LOAD ./ThirdParty/SEGGER/SEGGER/Syscalls/SEGGER_RTT_Syscalls_GCC.o
START GROUP
LOAD D:/GP/IMP_Files/STM32CubeIDE_1.4.0/STM32CubeIDE/plugins/com.st.stm32cube.ide.mcu.externaltools.gnu-tools-for-stm32.11.3.rel1.win32_1.1.100.202309141235/tools/bin/../lib/gcc/arm-none-eabi/11.3.1/../../../../arm-none-eabi/lib/thumb/v7e-m+fp/hard\libc_nano.a
LOAD D:/GP/IMP_Files/STM32CubeIDE_1.4.0/STM32CubeIDE/plugins/com.st.stm32cube.ide.mcu.externaltools.gnu-tools-for-stm32.11.3.rel1.win32_1.1.100.202309141235/tools/bin/../lib/gcc/arm-none-eabi/11.3.1/../../../../arm-none-eabi/lib/thumb/v7e-m+fp/hard\libm.a
END GROUP
START GROUP
LOAD D:/GP/IMP_Files/STM32CubeIDE_1.4.0/STM32CubeIDE/plugins/com.st.stm32cube.ide.mcu.externaltools.gnu-tools-for-stm32.11.3.rel1.win32_1.1.100.202309141235/tools/bin/../lib/gcc/arm-none-eabi/11.3.1/thumb/v7e-m+fp/hard\libgcc.a
LOAD D:/GP/IMP_Files/STM32CubeIDE_1.4.0/STM32CubeIDE/plugins/com.st.stm32cube.ide.mcu.externaltools.gnu-tools-for-stm32.11.3.rel1.win32_1.1.100.202309141235/tools/bin/../lib/gcc/arm-none-eabi/11.3.1/../../../../arm-none-eabi/lib/thumb/v7e-m+fp/hard\libc_nano.a
END GROUP
START GROUP
LOAD D:/GP/IMP_Files/STM32CubeIDE_1.4.0/STM32CubeIDE/plugins/com.st.stm32cube.ide.mcu.externaltools.gnu-tools-for-stm32.11.3.rel1.win32_1.1.100.202309141235/tools/bin/../lib/gcc/arm-none-eabi/11.3.1/thumb/v7e-m+fp/hard\libgcc.a
LOAD D:/GP/IMP_Files/STM32CubeIDE_1.4.0/STM32CubeIDE/plugins/com.st.stm32cube.ide.mcu.externaltools.gnu-tools-for-stm32.11.3.rel1.win32_1.1.100.202309141235/tools/bin/../lib/gcc/arm-none-eabi/11.3.1/../../../../arm-none-eabi/lib/thumb/v7e-m+fp/hard\libc_nano.a
LOAD D:/GP/IMP_Files/STM32CubeIDE_1.4.0/STM32CubeIDE/plugins/com.st.stm32cube.ide.mcu.externaltools.gnu-tools-for-stm32.11.3.rel1.win32_1.1.100.202309141235/tools/bin/../lib/gcc/arm-none-eabi/11.3.1/../../../../arm-none-eabi/lib/thumb/v7e-m+fp/hard\libnosys.a
END GROUP
START GROUP
LOAD D:/GP/IMP_Files/STM32CubeIDE_1.4.0/STM32CubeIDE/plugins/com.st.stm32cube.ide.mcu.externaltools.gnu-tools-for-stm32.11.3.rel1.win32_1.1.100.202309141235/tools/bin/../lib/gcc/arm-none-eabi/11.3.1/thumb/v7e-m+fp/hard\libgcc.a
LOAD D:/GP/IMP_Files/STM32CubeIDE_1.4.0/STM32CubeIDE/plugins/com.st.stm32cube.ide.mcu.externaltools.gnu-tools-for-stm32.11.3.rel1.win32_1.1.100.202309141235/tools/bin/../lib/gcc/arm-none-eabi/11.3.1/../../../../arm-none-eabi/lib/thumb/v7e-m+fp/hard\libc_nano.a
LOAD D:/GP/IMP_Files/STM32CubeIDE_1.4.0/STM32CubeIDE/plugins/com.st.stm32cube.ide.mcu.externaltools.gnu-tools-for-stm32.11.3.rel1.win32_1.1.100.202309141235/tools/bin/../lib/gcc/arm-none-eabi/11.3.1/../../../../arm-none-eabi/lib/thumb/v7e-m+fp/hard\libnosys.a
END GROUP
LOAD D:/GP/IMP_Files/STM32CubeIDE_1.4.0/STM32CubeIDE/plugins/com.st.stm32cube.ide.mcu.externaltools.gnu-tools-for-stm32.11.3.rel1.win32_1.1.100.202309141235/tools/bin/../lib/gcc/arm-none-eabi/11.3.1/thumb/v7e-m+fp/hard/crtend.o
LOAD D:/GP/IMP_Files/STM32CubeIDE_1.4.0/STM32CubeIDE/plugins/com.st.stm32cube.ide.mcu.externaltools.gnu-tools-for-stm32.11.3.rel1.win32_1.1.100.202309141235/tools/bin/../lib/gcc/arm-none-eabi/11.3.1/thumb/v7e-m+fp/hard/crtn.o
                0x0000000020020000                _estack = (ORIGIN (RAM) + LENGTH (RAM))
                0x0000000000000200                _Min_Heap_Size = 0x200
                0x0000000000000400                _Min_Stack_Size = 0x400

.isr_vector     0x0000000008000000      0x1c4
                0x0000000008000000                . = ALIGN (0x4)
 *(.isr_vector)
 .isr_vector    0x0000000008000000      0x1c4 ./Core/Startup/startup_stm32f446retx.o
                0x0000000008000000                g_pfnVectors
                0x00000000080001c4                . = ALIGN (0x4)

.text           0x00000000080001d0    0x10f58
                0x00000000080001d0                . = ALIGN (0x4)
 *(.text)
 .text          0x00000000080001d0       0x40 D:/GP/IMP_Files/STM32CubeIDE_1.4.0/STM32CubeIDE/plugins/com.st.stm32cube.ide.mcu.externaltools.gnu-tools-for-stm32.11.3.rel1.win32_1.1.100.202309141235/tools/bin/../lib/gcc/arm-none-eabi/11.3.1/thumb/v7e-m+fp/hard/crtbegin.o
 .text          0x0000000008000210       0x94 ./ThirdParty/SEGGER/SEGGER/SEGGER_RTT_ASM_ARMv7M.o
                0x0000000008000210                SEGGER_RTT_ASM_WriteSkipNoLock
 *fill*         0x00000000080002a4        0xc 
 .text          0x00000000080002b0       0xa0 D:/GP/IMP_Files/STM32CubeIDE_1.4.0/STM32CubeIDE/plugins/com.st.stm32cube.ide.mcu.externaltools.gnu-tools-for-stm32.11.3.rel1.win32_1.1.100.202309141235/tools/bin/../lib/gcc/arm-none-eabi/11.3.1/../../../../arm-none-eabi/lib/thumb/v7e-m+fp/hard\libc_nano.a(libc_a-memchr.o)
                0x00000000080002b0                memchr
 .text          0x0000000008000350       0x10 D:/GP/IMP_Files/STM32CubeIDE_1.4.0/STM32CubeIDE/plugins/com.st.stm32cube.ide.mcu.externaltools.gnu-tools-for-stm32.11.3.rel1.win32_1.1.100.202309141235/tools/bin/../lib/gcc/arm-none-eabi/11.3.1/../../../../arm-none-eabi/lib/thumb/v7e-m+fp/hard\libc_nano.a(libc_a-strlen.o)
                0x0000000008000350                strlen
 .text          0x0000000008000360      0x378 D:/GP/IMP_Files/STM32CubeIDE_1.4.0/STM32CubeIDE/plugins/com.st.stm32cube.ide.mcu.externaltools.gnu-tools-for-stm32.11.3.rel1.win32_1.1.100.202309141235/tools/bin/../lib/gcc/arm-none-eabi/11.3.1/thumb/v7e-m+fp/hard\libgcc.a(_arm_addsubdf3.o)
                0x0000000008000360                __aeabi_drsub
                0x0000000008000368                __aeabi_dsub
                0x0000000008000368                __subdf3
                0x000000000800036c                __aeabi_dadd
                0x000000000800036c                __adddf3
                0x00000000080005e4                __floatunsidf
                0x00000000080005e4                __aeabi_ui2d
                0x0000000008000604                __floatsidf
                0x0000000008000604                __aeabi_i2d
                0x0000000008000628                __aeabi_f2d
                0x0000000008000628                __extendsfdf2
                0x000000000800066c                __floatundidf
                0x000000000800066c                __aeabi_ul2d
                0x000000000800067c                __floatdidf
                0x000000000800067c                __aeabi_l2d
 .text          0x00000000080006d8      0x424 D:/GP/IMP_Files/STM32CubeIDE_1.4.0/STM32CubeIDE/plugins/com.st.stm32cube.ide.mcu.externaltools.gnu-tools-for-stm32.11.3.rel1.win32_1.1.100.202309141235/tools/bin/../lib/gcc/arm-none-eabi/11.3.1/thumb/v7e-m+fp/hard\libgcc.a(_arm_muldivdf3.o)
                0x00000000080006d8                __aeabi_dmul
                0x00000000080006d8                __muldf3
                0x000000000800092c                __divdf3
                0x000000000800092c                __aeabi_ddiv
 .text          0x0000000008000afc      0x110 D:/GP/IMP_Files/STM32CubeIDE_1.4.0/STM32CubeIDE/plugins/com.st.stm32cube.ide.mcu.externaltools.gnu-tools-for-stm32.11.3.rel1.win32_1.1.100.202309141235/tools/bin/../lib/gcc/arm-none-eabi/11.3.1/thumb/v7e-m+fp/hard\libgcc.a(_arm_cmpdf2.o)
                0x0000000008000afc                __gtdf2
                0x0000000008000afc                __gedf2
                0x0000000008000b04                __ltdf2
                0x0000000008000b04                __ledf2
                0x0000000008000b0c                __nedf2
                0x0000000008000b0c                __eqdf2
                0x0000000008000b0c                __cmpdf2
                0x0000000008000b88                __aeabi_cdrcmple
                0x0000000008000b98                __aeabi_cdcmpeq
                0x0000000008000b98                __aeabi_cdcmple
                0x0000000008000ba8                __aeabi_dcmpeq
                0x0000000008000bbc                __aeabi_dcmplt
                0x0000000008000bd0                __aeabi_dcmple
                0x0000000008000be4                __aeabi_dcmpge
                0x0000000008000bf8                __aeabi_dcmpgt
 .text          0x0000000008000c0c       0x2c D:/GP/IMP_Files/STM32CubeIDE_1.4.0/STM32CubeIDE/plugins/com.st.stm32cube.ide.mcu.externaltools.gnu-tools-for-stm32.11.3.rel1.win32_1.1.100.202309141235/tools/bin/../lib/gcc/arm-none-eabi/11.3.1/thumb/v7e-m+fp/hard\libgcc.a(_arm_unorddf2.o)
                0x0000000008000c0c                __unorddf2
                0x0000000008000c0c                __aeabi_dcmpun
 .text          0x0000000008000c38       0x50 D:/GP/IMP_Files/STM32CubeIDE_1.4.0/STM32CubeIDE/plugins/com.st.stm32cube.ide.mcu.externaltools.gnu-tools-for-stm32.11.3.rel1.win32_1.1.100.202309141235/tools/bin/../lib/gcc/arm-none-eabi/11.3.1/thumb/v7e-m+fp/hard\libgcc.a(_arm_fixdfsi.o)
                0x0000000008000c38                __aeabi_d2iz
                0x0000000008000c38                __fixdfsi
 .text          0x0000000008000c88       0x40 D:/GP/IMP_Files/STM32CubeIDE_1.4.0/STM32CubeIDE/plugins/com.st.stm32cube.ide.mcu.externaltools.gnu-tools-for-stm32.11.3.rel1.win32_1.1.100.202309141235/tools/bin/../lib/gcc/arm-none-eabi/11.3.1/thumb/v7e-m+fp/hard\libgcc.a(_arm_fixunsdfsi.o)
                0x0000000008000c88                __aeabi_d2uiz
                0x0000000008000c88                __fixunsdfsi
 .text          0x0000000008000cc8       0xa0 D:/GP/IMP_Files/STM32CubeIDE_1.4.0/STM32CubeIDE/plugins/com.st.stm32cube.ide.mcu.externaltools.gnu-tools-for-stm32.11.3.rel1.win32_1.1.100.202309141235/tools/bin/../lib/gcc/arm-none-eabi/11.3.1/thumb/v7e-m+fp/hard\libgcc.a(_arm_truncdfsf2.o)
                0x0000000008000cc8                __truncdfsf2
                0x0000000008000cc8                __aeabi_d2f
 .text          0x0000000008000d68       0x30 D:/GP/IMP_Files/STM32CubeIDE_1.4.0/STM32CubeIDE/plugins/com.st.stm32cube.ide.mcu.externaltools.gnu-tools-for-stm32.11.3.rel1.win32_1.1.100.202309141235/tools/bin/../lib/gcc/arm-none-eabi/11.3.1/thumb/v7e-m+fp/hard\libgcc.a(_aeabi_uldivmod.o)
                0x0000000008000d68                __aeabi_uldivmod
 .text          0x0000000008000d98      0x2c8 D:/GP/IMP_Files/STM32CubeIDE_1.4.0/STM32CubeIDE/plugins/com.st.stm32cube.ide.mcu.externaltools.gnu-tools-for-stm32.11.3.rel1.win32_1.1.100.202309141235/tools/bin/../lib/gcc/arm-none-eabi/11.3.1/thumb/v7e-m+fp/hard\libgcc.a(_udivmoddi4.o)
                0x0000000008000d98                __udivmoddi4
 .text          0x0000000008001060        0x4 D:/GP/IMP_Files/STM32CubeIDE_1.4.0/STM32CubeIDE/plugins/com.st.stm32cube.ide.mcu.externaltools.gnu-tools-for-stm32.11.3.rel1.win32_1.1.100.202309141235/tools/bin/../lib/gcc/arm-none-eabi/11.3.1/thumb/v7e-m+fp/hard\libgcc.a(_dvmd_tls.o)
                0x0000000008001060                __aeabi_idiv0
                0x0000000008001060                __aeabi_ldiv0
 *(.text*)
 .text.GPSSPEED_voidBuildMsg
                0x0000000008001064      0x200 ./Core/Src/Build_msg.o
                0x0000000008001064                GPSSPEED_voidBuildMsg
 .text.Buzzer_voidHighSound
                0x0000000008001264       0x20 ./Core/Src/Buzzer.o
                0x0000000008001264                Buzzer_voidHighSound
 .text.Buzzer_voidStop
                0x0000000008001284       0x14 ./Core/Src/Buzzer.o
                0x0000000008001284                Buzzer_voidStop
 .text.HAL_TIM_IC_CaptureCallback
                0x0000000008001298       0x3c ./Core/Src/Call_Back_functions.o
                0x0000000008001298                HAL_TIM_IC_CaptureCallback
 .text.HAL_UART_RxCpltCallback
                0x00000000080012d4       0x88 ./Core/Src/Call_Back_functions.o
                0x00000000080012d4                HAL_UART_RxCpltCallback
 .text.vApplicationIdleHook
                0x000000000800135c       0x10 ./Core/Src/Call_Back_functions.o
                0x000000000800135c                vApplicationIdleHook
 .text.CallBack_TimerLCDBuzzer
                0x000000000800136c       0x18 ./Core/Src/Call_Back_functions.o
                0x000000000800136c                CallBack_TimerLCDBuzzer
 .text.Car_Move_Forward_High_Speed
                0x0000000008001384       0x5c ./Core/Src/Car_Control.o
                0x0000000008001384                Car_Move_Forward_High_Speed
 .text.Car_Move_Backward
                0x00000000080013e0       0x5c ./Core/Src/Car_Control.o
                0x00000000080013e0                Car_Move_Backward
 .text.Car_Rotate_Right
                0x000000000800143c       0x5c ./Core/Src/Car_Control.o
                0x000000000800143c                Car_Rotate_Right
 .text.Car_Rotate_Left
                0x0000000008001498       0x5c ./Core/Src/Car_Control.o
                0x0000000008001498                Car_Rotate_Left
 .text.Car_Rotate_RightForward
                0x00000000080014f4       0x5c ./Core/Src/Car_Control.o
                0x00000000080014f4                Car_Rotate_RightForward
 .text.Car_Rotate_LeftForward
                0x0000000008001550       0x5c ./Core/Src/Car_Control.o
                0x0000000008001550                Car_Rotate_LeftForward
 .text.Car_Stop
                0x00000000080015ac       0x30 ./Core/Src/Car_Control.o
                0x00000000080015ac                Car_Stop
 .text.Motors_Disabling
                0x00000000080015dc       0x68 ./Core/Src/Car_Control.o
 .text.Motor1_Rotate_CW
                0x0000000008001644       0x24 ./Core/Src/Car_Control.o
                0x0000000008001644                Motor1_Rotate_CW
 .text.Motor1_Rotate_CCW
                0x0000000008001668       0x24 ./Core/Src/Car_Control.o
                0x0000000008001668                Motor1_Rotate_CCW
 .text.Motor2_Rotate_CW
                0x000000000800168c       0x20 ./Core/Src/Car_Control.o
                0x000000000800168c                Motor2_Rotate_CW
 .text.Motor2_Rotate_CCW
                0x00000000080016ac       0x20 ./Core/Src/Car_Control.o
                0x00000000080016ac                Motor2_Rotate_CCW
 .text.Motor3_Rotate_CW
                0x00000000080016cc       0x24 ./Core/Src/Car_Control.o
                0x00000000080016cc                Motor3_Rotate_CW
 .text.Motor3_Rotate_CCW
                0x00000000080016f0       0x24 ./Core/Src/Car_Control.o
                0x00000000080016f0                Motor3_Rotate_CCW
 .text.Motor4_Rotate_CW
                0x0000000008001714       0x24 ./Core/Src/Car_Control.o
                0x0000000008001714                Motor4_Rotate_CW
 .text.Motor4_Rotate_CCW
                0x0000000008001738       0x24 ./Core/Src/Car_Control.o
                0x0000000008001738                Motor4_Rotate_CCW
 .text.GPS_uint8DecodeGGAData
                0x000000000800175c       0xa8 ./Core/Src/GPS.o
                0x000000000800175c                GPS_uint8DecodeGGAData
 .text.LCD_AvoidHardBraking
                0x0000000008001804       0x30 ./Core/Src/Help_Functions.o
                0x0000000008001804                LCD_AvoidHardBraking
 .text.LCD_Print_WarningSign
                0x0000000008001834      0x12c ./Core/Src/Help_Functions.o
 .text.LCD_voidInit
                0x0000000008001960       0x5c ./Core/Src/LCD_I2C.o
                0x0000000008001960                LCD_voidInit
 .text.LCD_voidSendCommand
                0x00000000080019bc       0x60 ./Core/Src/LCD_I2C.o
                0x00000000080019bc                LCD_voidSendCommand
 .text.LCD_voidSendCharachter
                0x0000000008001a1c       0x60 ./Core/Src/LCD_I2C.o
                0x0000000008001a1c                LCD_voidSendCharachter
 .text.LCD_voidSendString
                0x0000000008001a7c       0x38 ./Core/Src/LCD_I2C.o
                0x0000000008001a7c                LCD_voidSendString
 .text.LCD_voidSetPositionXY
                0x0000000008001ab4       0x8c ./Core/Src/LCD_I2C.o
                0x0000000008001ab4                LCD_voidSetPositionXY
 .text.LCD_voidClearDisplay
                0x0000000008001b40        0xe ./Core/Src/LCD_I2C.o
                0x0000000008001b40                LCD_voidClearDisplay
 .text.LCD_voidDrawSpecialCharachter
                0x0000000008001b4e       0x68 ./Core/Src/LCD_I2C.o
                0x0000000008001b4e                LCD_voidDrawSpecialCharachter
 .text.LightSensor_voidInit
                0x0000000008001bb6       0x18 ./Core/Src/LightSensor.o
                0x0000000008001bb6                LightSensor_voidInit
 *fill*         0x0000000008001bce        0x2 
 .text.LightSensor_uint8ReadIntensity
                0x0000000008001bd0      0x280 ./Core/Src/LightSensor.o
                0x0000000008001bd0                LightSensor_uint8ReadIntensity
 .text.TSL2561_GetChannelsReadings
                0x0000000008001e50       0x6a ./Core/Src/LightSensor.o
 *fill*         0x0000000008001eba        0x2 
 .text.TSL2561_WriteByte
                0x0000000008001ebc       0x38 ./Core/Src/LightSensor.o
 .text.TSL2561_ReadByte
                0x0000000008001ef4       0x34 ./Core/Src/LightSensor.o
 .text.decodeGGA
                0x0000000008001f28      0x744 ./Core/Src/NMEA.o
                0x0000000008001f28                decodeGGA
 .text.TASK_GPS
                0x000000000800266c       0x58 ./Core/Src/Tasks.o
                0x000000000800266c                TASK_GPS
 .text.TASK_CarControl
                0x00000000080026c4      0x158 ./Core/Src/Tasks.o
                0x00000000080026c4                TASK_CarControl
 .text.TASK_LightSensor
                0x000000000800281c       0x50 ./Core/Src/Tasks.o
                0x000000000800281c                TASK_LightSensor
 .text.TASK_ESPSend_PeriodicData
                0x000000000800286c       0x78 ./Core/Src/Tasks.o
                0x000000000800286c                TASK_ESPSend_PeriodicData
 .text.TASK_ESP_SendStatus
                0x00000000080028e4       0x58 ./Core/Src/Tasks.o
                0x00000000080028e4                TASK_ESP_SendStatus
 .text.TASK_ESP_Receive
                0x000000000800293c       0x68 ./Core/Src/Tasks.o
                0x000000000800293c                TASK_ESP_Receive
 .text.store_char
                0x00000000080029a4       0x46 ./Core/Src/UartRingbuffer.o
                0x00000000080029a4                store_char
 *fill*         0x00000000080029ea        0x2 
 .text.Uart_read
                0x00000000080029ec       0x58 ./Core/Src/UartRingbuffer.o
                0x00000000080029ec                Uart_read
 .text.IsDataAvailable
                0x0000000008002a44       0x34 ./Core/Src/UartRingbuffer.o
                0x0000000008002a44                IsDataAvailable
 .text.Uart_peek
                0x0000000008002a78       0x3c ./Core/Src/UartRingbuffer.o
                0x0000000008002a78                Uart_peek
 .text.Copy_upto
                0x0000000008002ab4      0x100 ./Core/Src/UartRingbuffer.o
                0x0000000008002ab4                Copy_upto
 .text.Wait_for
                0x0000000008002bb4      0x110 ./Core/Src/UartRingbuffer.o
                0x0000000008002bb4                Wait_for
 .text.Uart_isr
                0x0000000008002cc4       0xbc ./Core/Src/UartRingbuffer.o
                0x0000000008002cc4                Uart_isr
 .text.main     0x0000000008002d80      0x264 ./Core/Src/main.o
                0x0000000008002d80                main
 .text.SystemClock_Config
                0x0000000008002fe4       0xc0 ./Core/Src/main.o
                0x0000000008002fe4                SystemClock_Config
 .text.MX_I2C1_Init
                0x00000000080030a4       0x5c ./Core/Src/main.o
 .text.MX_I2C2_Init
                0x0000000008003100       0x5c ./Core/Src/main.o
 .text.MX_I2C3_Init
                0x000000000800315c       0x5c ./Core/Src/main.o
 .text.MX_TIM2_Init
                0x00000000080031b8       0xc8 ./Core/Src/main.o
 .text.MX_TIM3_Init
                0x0000000008003280       0xf4 ./Core/Src/main.o
 .text.MX_TIM6_Init
                0x0000000008003374       0x6c ./Core/Src/main.o
 .text.MX_TIM12_Init
                0x00000000080033e0       0x88 ./Core/Src/main.o
 .text.MX_UART4_Init
                0x0000000008003468       0x54 ./Core/Src/main.o
 .text.MX_USART1_UART_Init
                0x00000000080034bc       0x54 ./Core/Src/main.o
 .text.MX_USART3_UART_Init
                0x0000000008003510       0x54 ./Core/Src/main.o
 .text.MX_USART6_UART_Init
                0x0000000008003564       0x54 ./Core/Src/main.o
 .text.MX_GPIO_Init
                0x00000000080035b8       0xd4 ./Core/Src/main.o
 .text.HAL_TIM_PeriodElapsedCallback
                0x000000000800368c       0x24 ./Core/Src/main.o
                0x000000000800368c                HAL_TIM_PeriodElapsedCallback
 .text.Error_Handler
                0x00000000080036b0        0xa ./Core/Src/main.o
                0x00000000080036b0                Error_Handler
 *fill*         0x00000000080036ba        0x2 
 .text.HAL_MspInit
                0x00000000080036bc       0x50 ./Core/Src/stm32f4xx_hal_msp.o
                0x00000000080036bc                HAL_MspInit
 .text.HAL_I2C_MspInit
                0x000000000800370c      0x1e4 ./Core/Src/stm32f4xx_hal_msp.o
                0x000000000800370c                HAL_I2C_MspInit
 .text.HAL_TIM_OC_MspInit
                0x00000000080038f0       0x40 ./Core/Src/stm32f4xx_hal_msp.o
                0x00000000080038f0                HAL_TIM_OC_MspInit
 .text.HAL_TIM_PWM_MspInit
                0x0000000008003930       0x70 ./Core/Src/stm32f4xx_hal_msp.o
                0x0000000008003930                HAL_TIM_PWM_MspInit
 .text.HAL_TIM_Base_MspInit
                0x00000000080039a0       0x44 ./Core/Src/stm32f4xx_hal_msp.o
                0x00000000080039a0                HAL_TIM_Base_MspInit
 .text.HAL_TIM_MspPostInit
                0x00000000080039e4      0x148 ./Core/Src/stm32f4xx_hal_msp.o
                0x00000000080039e4                HAL_TIM_MspPostInit
 .text.HAL_UART_MspInit
                0x0000000008003b2c      0x22c ./Core/Src/stm32f4xx_hal_msp.o
                0x0000000008003b2c                HAL_UART_MspInit
 .text.HAL_InitTick
                0x0000000008003d58       0xf8 ./Core/Src/stm32f4xx_hal_timebase_tim.o
                0x0000000008003d58                HAL_InitTick
 .text.NMI_Handler
                0x0000000008003e50        0x6 ./Core/Src/stm32f4xx_it.o
                0x0000000008003e50                NMI_Handler
 .text.HardFault_Handler
                0x0000000008003e56        0x6 ./Core/Src/stm32f4xx_it.o
                0x0000000008003e56                HardFault_Handler
 .text.MemManage_Handler
                0x0000000008003e5c        0x6 ./Core/Src/stm32f4xx_it.o
                0x0000000008003e5c                MemManage_Handler
 .text.BusFault_Handler
                0x0000000008003e62        0x6 ./Core/Src/stm32f4xx_it.o
                0x0000000008003e62                BusFault_Handler
 .text.UsageFault_Handler
                0x0000000008003e68        0x6 ./Core/Src/stm32f4xx_it.o
                0x0000000008003e68                UsageFault_Handler
 *fill*         0x0000000008003e6e        0x2 
 .text.USART1_IRQHandler
                0x0000000008003e70       0x18 ./Core/Src/stm32f4xx_it.o
                0x0000000008003e70                USART1_IRQHandler
 .text.USART3_IRQHandler
                0x0000000008003e88       0x14 ./Core/Src/stm32f4xx_it.o
                0x0000000008003e88                USART3_IRQHandler
 .text.TIM7_IRQHandler
                0x0000000008003e9c       0x14 ./Core/Src/stm32f4xx_it.o
                0x0000000008003e9c                TIM7_IRQHandler
 .text._getpid  0x0000000008003eb0       0x10 ./Core/Src/syscalls.o
                0x0000000008003eb0                _getpid
 .text._kill    0x0000000008003ec0       0x20 ./Core/Src/syscalls.o
                0x0000000008003ec0                _kill
 .text._exit    0x0000000008003ee0       0x14 ./Core/Src/syscalls.o
                0x0000000008003ee0                _exit
 .text._read    0x0000000008003ef4       0x3a ./Core/Src/syscalls.o
                0x0000000008003ef4                _read
 .text._close   0x0000000008003f2e       0x18 ./Core/Src/syscalls.o
                0x0000000008003f2e                _close
 .text._fstat   0x0000000008003f46       0x20 ./Core/Src/syscalls.o
                0x0000000008003f46                _fstat
 .text._isatty  0x0000000008003f66       0x16 ./Core/Src/syscalls.o
                0x0000000008003f66                _isatty
 .text._lseek   0x0000000008003f7c       0x1a ./Core/Src/syscalls.o
                0x0000000008003f7c                _lseek
 *fill*         0x0000000008003f96        0x2 
 .text.SystemInit
                0x0000000008003f98       0x24 ./Core/Src/system_stm32f4xx.o
                0x0000000008003f98                SystemInit
 .text.Reset_Handler
                0x0000000008003fbc       0x50 ./Core/Startup/startup_stm32f446retx.o
                0x0000000008003fbc                Reset_Handler
 .text.Default_Handler
                0x000000000800400c        0x2 ./Core/Startup/startup_stm32f446retx.o
                0x000000000800400c                RTC_Alarm_IRQHandler
                0x000000000800400c                EXTI2_IRQHandler
                0x000000000800400c                TIM8_CC_IRQHandler
                0x000000000800400c                DebugMon_Handler
                0x000000000800400c                FMPI2C1_EV_IRQHandler
                0x000000000800400c                SPI4_IRQHandler
                0x000000000800400c                TIM1_CC_IRQHandler
                0x000000000800400c                DMA2_Stream5_IRQHandler
                0x000000000800400c                DMA1_Stream5_IRQHandler
                0x000000000800400c                PVD_IRQHandler
                0x000000000800400c                SDIO_IRQHandler
                0x000000000800400c                TAMP_STAMP_IRQHandler
                0x000000000800400c                CAN2_RX1_IRQHandler
                0x000000000800400c                EXTI3_IRQHandler
                0x000000000800400c                TIM8_TRG_COM_TIM14_IRQHandler
                0x000000000800400c                TIM1_UP_TIM10_IRQHandler
                0x000000000800400c                TIM8_UP_TIM13_IRQHandler
                0x000000000800400c                I2C3_ER_IRQHandler
                0x000000000800400c                EXTI0_IRQHandler
                0x000000000800400c                I2C2_EV_IRQHandler
                0x000000000800400c                DMA1_Stream2_IRQHandler
                0x000000000800400c                CAN1_RX0_IRQHandler
                0x000000000800400c                FPU_IRQHandler
                0x000000000800400c                OTG_HS_WKUP_IRQHandler
                0x000000000800400c                CAN2_SCE_IRQHandler
                0x000000000800400c                DMA2_Stream2_IRQHandler
                0x000000000800400c                SPI1_IRQHandler
                0x000000000800400c                TIM6_DAC_IRQHandler
                0x000000000800400c                TIM1_BRK_TIM9_IRQHandler
                0x000000000800400c                DCMI_IRQHandler
                0x000000000800400c                CAN2_RX0_IRQHandler
                0x000000000800400c                DMA2_Stream3_IRQHandler
                0x000000000800400c                SAI2_IRQHandler
                0x000000000800400c                USART6_IRQHandler
                0x000000000800400c                CAN1_RX1_IRQHandler
                0x000000000800400c                UART5_IRQHandler
                0x000000000800400c                DMA2_Stream0_IRQHandler
                0x000000000800400c                TIM4_IRQHandler
                0x000000000800400c                QUADSPI_IRQHandler
                0x000000000800400c                I2C1_EV_IRQHandler
                0x000000000800400c                DMA1_Stream6_IRQHandler
                0x000000000800400c                DMA1_Stream1_IRQHandler
                0x000000000800400c                UART4_IRQHandler
                0x000000000800400c                TIM3_IRQHandler
                0x000000000800400c                RCC_IRQHandler
                0x000000000800400c                TIM8_BRK_TIM12_IRQHandler
                0x000000000800400c                Default_Handler
                0x000000000800400c                CEC_IRQHandler
                0x000000000800400c                EXTI15_10_IRQHandler
                0x000000000800400c                ADC_IRQHandler
                0x000000000800400c                DMA1_Stream7_IRQHandler
                0x000000000800400c                CAN2_TX_IRQHandler
                0x000000000800400c                TIM5_IRQHandler
                0x000000000800400c                DMA2_Stream7_IRQHandler
                0x000000000800400c                I2C3_EV_IRQHandler
                0x000000000800400c                EXTI9_5_IRQHandler
                0x000000000800400c                RTC_WKUP_IRQHandler
                0x000000000800400c                SPDIF_RX_IRQHandler
                0x000000000800400c                SPI2_IRQHandler
                0x000000000800400c                OTG_HS_EP1_IN_IRQHandler
                0x000000000800400c                DMA1_Stream0_IRQHandler
                0x000000000800400c                CAN1_TX_IRQHandler
                0x000000000800400c                FMPI2C1_ER_IRQHandler
                0x000000000800400c                EXTI4_IRQHandler
                0x000000000800400c                OTG_HS_EP1_OUT_IRQHandler
                0x000000000800400c                WWDG_IRQHandler
                0x000000000800400c                TIM2_IRQHandler
                0x000000000800400c                OTG_FS_WKUP_IRQHandler
                0x000000000800400c                TIM1_TRG_COM_TIM11_IRQHandler
                0x000000000800400c                OTG_HS_IRQHandler
                0x000000000800400c                EXTI1_IRQHandler
                0x000000000800400c                USART2_IRQHandler
                0x000000000800400c                I2C2_ER_IRQHandler
                0x000000000800400c                DMA2_Stream1_IRQHandler
                0x000000000800400c                CAN1_SCE_IRQHandler
                0x000000000800400c                FLASH_IRQHandler
                0x000000000800400c                DMA2_Stream4_IRQHandler
                0x000000000800400c                OTG_FS_IRQHandler
                0x000000000800400c                SPI3_IRQHandler
                0x000000000800400c                DMA1_Stream4_IRQHandler
                0x000000000800400c                I2C1_ER_IRQHandler
                0x000000000800400c                FMC_IRQHandler
                0x000000000800400c                DMA2_Stream6_IRQHandler
                0x000000000800400c                SAI1_IRQHandler
                0x000000000800400c                DMA1_Stream3_IRQHandler
 *fill*         0x000000000800400e        0x2 
 .text.HAL_Init
                0x0000000008004010       0x44 ./Drivers/STM32F4xx_HAL_Driver/Src/stm32f4xx_hal.o
                0x0000000008004010                HAL_Init
 .text.HAL_IncTick
                0x0000000008004054       0x28 ./Drivers/STM32F4xx_HAL_Driver/Src/stm32f4xx_hal.o
                0x0000000008004054                HAL_IncTick
 .text.HAL_GetTick
                0x000000000800407c       0x18 ./Drivers/STM32F4xx_HAL_Driver/Src/stm32f4xx_hal.o
                0x000000000800407c                HAL_GetTick
 .text.HAL_Delay
                0x0000000008004094       0x48 ./Drivers/STM32F4xx_HAL_Driver/Src/stm32f4xx_hal.o
                0x0000000008004094                HAL_Delay
 .text.__NVIC_SetPriorityGrouping
                0x00000000080040dc       0x48 ./Drivers/STM32F4xx_HAL_Driver/Src/stm32f4xx_hal_cortex.o
 .text.__NVIC_GetPriorityGrouping
                0x0000000008004124       0x1c ./Drivers/STM32F4xx_HAL_Driver/Src/stm32f4xx_hal_cortex.o
 .text.__NVIC_EnableIRQ
                0x0000000008004140       0x3c ./Drivers/STM32F4xx_HAL_Driver/Src/stm32f4xx_hal_cortex.o
 .text.__NVIC_SetPriority
                0x000000000800417c       0x54 ./Drivers/STM32F4xx_HAL_Driver/Src/stm32f4xx_hal_cortex.o
 .text.NVIC_EncodePriority
                0x00000000080041d0       0x66 ./Drivers/STM32F4xx_HAL_Driver/Src/stm32f4xx_hal_cortex.o
 .text.HAL_NVIC_SetPriorityGrouping
                0x0000000008004236       0x16 ./Drivers/STM32F4xx_HAL_Driver/Src/stm32f4xx_hal_cortex.o
                0x0000000008004236                HAL_NVIC_SetPriorityGrouping
 .text.HAL_NVIC_SetPriority
                0x000000000800424c       0x38 ./Drivers/STM32F4xx_HAL_Driver/Src/stm32f4xx_hal_cortex.o
                0x000000000800424c                HAL_NVIC_SetPriority
 .text.HAL_NVIC_EnableIRQ
                0x0000000008004284       0x1c ./Drivers/STM32F4xx_HAL_Driver/Src/stm32f4xx_hal_cortex.o
                0x0000000008004284                HAL_NVIC_EnableIRQ
 .text.HAL_DMA_Abort
                0x00000000080042a0       0xe0 ./Drivers/STM32F4xx_HAL_Driver/Src/stm32f4xx_hal_dma.o
                0x00000000080042a0                HAL_DMA_Abort
 .text.HAL_DMA_Abort_IT
                0x0000000008004380       0x44 ./Drivers/STM32F4xx_HAL_Driver/Src/stm32f4xx_hal_dma.o
                0x0000000008004380                HAL_DMA_Abort_IT
 .text.HAL_GPIO_Init
                0x00000000080043c4      0x328 ./Drivers/STM32F4xx_HAL_Driver/Src/stm32f4xx_hal_gpio.o
                0x00000000080043c4                HAL_GPIO_Init
 .text.HAL_GPIO_WritePin
                0x00000000080046ec       0x32 ./Drivers/STM32F4xx_HAL_Driver/Src/stm32f4xx_hal_gpio.o
                0x00000000080046ec                HAL_GPIO_WritePin
 *fill*         0x000000000800471e        0x2 
 .text.HAL_I2C_Init
                0x0000000008004720      0x288 ./Drivers/STM32F4xx_HAL_Driver/Src/stm32f4xx_hal_i2c.o
                0x0000000008004720                HAL_I2C_Init
 .text.HAL_I2C_Master_Transmit
                0x00000000080049a8      0x1fc ./Drivers/STM32F4xx_HAL_Driver/Src/stm32f4xx_hal_i2c.o
                0x00000000080049a8                HAL_I2C_Master_Transmit
 .text.HAL_I2C_Mem_Write
                0x0000000008004ba4      0x1f4 ./Drivers/STM32F4xx_HAL_Driver/Src/stm32f4xx_hal_i2c.o
                0x0000000008004ba4                HAL_I2C_Mem_Write
 .text.HAL_I2C_Mem_Read
                0x0000000008004d98      0x44c ./Drivers/STM32F4xx_HAL_Driver/Src/stm32f4xx_hal_i2c.o
                0x0000000008004d98                HAL_I2C_Mem_Read
 .text.I2C_MasterRequestWrite
                0x00000000080051e4      0x104 ./Drivers/STM32F4xx_HAL_Driver/Src/stm32f4xx_hal_i2c.o
 .text.I2C_RequestMemoryWrite
                0x00000000080052e8      0x12c ./Drivers/STM32F4xx_HAL_Driver/Src/stm32f4xx_hal_i2c.o
 .text.I2C_RequestMemoryRead
                0x0000000008005414      0x1d0 ./Drivers/STM32F4xx_HAL_Driver/Src/stm32f4xx_hal_i2c.o
 .text.I2C_WaitOnFlagUntilTimeout
                0x00000000080055e4       0xae ./Drivers/STM32F4xx_HAL_Driver/Src/stm32f4xx_hal_i2c.o
 .text.I2C_WaitOnMasterAddressFlagUntilTimeout
                0x0000000008005692       0xfe ./Drivers/STM32F4xx_HAL_Driver/Src/stm32f4xx_hal_i2c.o
 .text.I2C_WaitOnTXEFlagUntilTimeout
                0x0000000008005790       0x82 ./Drivers/STM32F4xx_HAL_Driver/Src/stm32f4xx_hal_i2c.o
 .text.I2C_WaitOnBTFFlagUntilTimeout
                0x0000000008005812       0x82 ./Drivers/STM32F4xx_HAL_Driver/Src/stm32f4xx_hal_i2c.o
 .text.I2C_WaitOnRXNEFlagUntilTimeout
                0x0000000008005894       0xac ./Drivers/STM32F4xx_HAL_Driver/Src/stm32f4xx_hal_i2c.o
 .text.I2C_IsAcknowledgeFailed
                0x0000000008005940       0x5e ./Drivers/STM32F4xx_HAL_Driver/Src/stm32f4xx_hal_i2c.o
 *fill*         0x000000000800599e        0x2 
 .text.HAL_PWR_EnterSLEEPMode
                0x00000000080059a0       0x38 ./Drivers/STM32F4xx_HAL_Driver/Src/stm32f4xx_hal_pwr.o
                0x00000000080059a0                HAL_PWR_EnterSLEEPMode
 .text.HAL_RCC_ClockConfig
                0x00000000080059d8      0x1cc ./Drivers/STM32F4xx_HAL_Driver/Src/stm32f4xx_hal_rcc.o
                0x00000000080059d8                HAL_RCC_ClockConfig
 .text.HAL_RCC_GetHCLKFreq
                0x0000000008005ba4       0x18 ./Drivers/STM32F4xx_HAL_Driver/Src/stm32f4xx_hal_rcc.o
                0x0000000008005ba4                HAL_RCC_GetHCLKFreq
 .text.HAL_RCC_GetPCLK1Freq
                0x0000000008005bbc       0x28 ./Drivers/STM32F4xx_HAL_Driver/Src/stm32f4xx_hal_rcc.o
                0x0000000008005bbc                HAL_RCC_GetPCLK1Freq
 .text.HAL_RCC_GetPCLK2Freq
                0x0000000008005be4       0x28 ./Drivers/STM32F4xx_HAL_Driver/Src/stm32f4xx_hal_rcc.o
                0x0000000008005be4                HAL_RCC_GetPCLK2Freq
 .text.HAL_RCC_GetClockConfig
                0x0000000008005c0c       0x64 ./Drivers/STM32F4xx_HAL_Driver/Src/stm32f4xx_hal_rcc.o
                0x0000000008005c0c                HAL_RCC_GetClockConfig
 .text.HAL_RCC_GetSysClockFreq
                0x0000000008005c70      0x354 ./Drivers/STM32F4xx_HAL_Driver/Src/stm32f4xx_hal_rcc_ex.o
                0x0000000008005c70                HAL_RCC_GetSysClockFreq
 .text.HAL_RCC_OscConfig
                0x0000000008005fc4      0x53c ./Drivers/STM32F4xx_HAL_Driver/Src/stm32f4xx_hal_rcc_ex.o
                0x0000000008005fc4                HAL_RCC_OscConfig
 .text.HAL_TIM_Base_Init
                0x0000000008006500       0x9e ./Drivers/STM32F4xx_HAL_Driver/Src/stm32f4xx_hal_tim.o
                0x0000000008006500                HAL_TIM_Base_Init
 *fill*         0x000000000800659e        0x2 
 .text.HAL_TIM_Base_Start_IT
                0x00000000080065a0       0xe0 ./Drivers/STM32F4xx_HAL_Driver/Src/stm32f4xx_hal_tim.o
                0x00000000080065a0                HAL_TIM_Base_Start_IT
 .text.HAL_TIM_OC_Init
                0x0000000008006680       0x9e ./Drivers/STM32F4xx_HAL_Driver/Src/stm32f4xx_hal_tim.o
                0x0000000008006680                HAL_TIM_OC_Init
 .text.HAL_TIM_PWM_Init
                0x000000000800671e       0x9e ./Drivers/STM32F4xx_HAL_Driver/Src/stm32f4xx_hal_tim.o
                0x000000000800671e                HAL_TIM_PWM_Init
 .text.HAL_TIM_PWM_Start
                0x00000000080067bc      0x190 ./Drivers/STM32F4xx_HAL_Driver/Src/stm32f4xx_hal_tim.o
                0x00000000080067bc                HAL_TIM_PWM_Start
 .text.HAL_TIM_PWM_Stop
                0x000000000800694c       0xe0 ./Drivers/STM32F4xx_HAL_Driver/Src/stm32f4xx_hal_tim.o
                0x000000000800694c                HAL_TIM_PWM_Stop
 .text.HAL_TIM_IC_Start_IT
                0x0000000008006a2c      0x250 ./Drivers/STM32F4xx_HAL_Driver/Src/stm32f4xx_hal_tim.o
                0x0000000008006a2c                HAL_TIM_IC_Start_IT
 .text.HAL_TIM_IRQHandler
                0x0000000008006c7c      0x210 ./Drivers/STM32F4xx_HAL_Driver/Src/stm32f4xx_hal_tim.o
                0x0000000008006c7c                HAL_TIM_IRQHandler
 .text.HAL_TIM_OC_ConfigChannel
                0x0000000008006e8c       0xb8 ./Drivers/STM32F4xx_HAL_Driver/Src/stm32f4xx_hal_tim.o
                0x0000000008006e8c                HAL_TIM_OC_ConfigChannel
 .text.HAL_TIM_PWM_ConfigChannel
                0x0000000008006f44      0x184 ./Drivers/STM32F4xx_HAL_Driver/Src/stm32f4xx_hal_tim.o
                0x0000000008006f44                HAL_TIM_PWM_ConfigChannel
 .text.HAL_TIM_OC_DelayElapsedCallback
                0x00000000080070c8       0x14 ./Drivers/STM32F4xx_HAL_Driver/Src/stm32f4xx_hal_tim.o
                0x00000000080070c8                HAL_TIM_OC_DelayElapsedCallback
 .text.HAL_TIM_PWM_PulseFinishedCallback
                0x00000000080070dc       0x14 ./Drivers/STM32F4xx_HAL_Driver/Src/stm32f4xx_hal_tim.o
                0x00000000080070dc                HAL_TIM_PWM_PulseFinishedCallback
 .text.HAL_TIM_TriggerCallback
                0x00000000080070f0       0x14 ./Drivers/STM32F4xx_HAL_Driver/Src/stm32f4xx_hal_tim.o
                0x00000000080070f0                HAL_TIM_TriggerCallback
 .text.TIM_Base_SetConfig
                0x0000000008007104      0x140 ./Drivers/STM32F4xx_HAL_Driver/Src/stm32f4xx_hal_tim.o
                0x0000000008007104                TIM_Base_SetConfig
 .text.TIM_OC1_SetConfig
                0x0000000008007244       0xe0 ./Drivers/STM32F4xx_HAL_Driver/Src/stm32f4xx_hal_tim.o
 .text.TIM_OC2_SetConfig
                0x0000000008007324       0xec ./Drivers/STM32F4xx_HAL_Driver/Src/stm32f4xx_hal_tim.o
                0x0000000008007324                TIM_OC2_SetConfig
 .text.TIM_OC3_SetConfig
                0x0000000008007410       0xe8 ./Drivers/STM32F4xx_HAL_Driver/Src/stm32f4xx_hal_tim.o
 .text.TIM_OC4_SetConfig
                0x00000000080074f8       0xac ./Drivers/STM32F4xx_HAL_Driver/Src/stm32f4xx_hal_tim.o
 .text.TIM_CCxChannelCmd
                0x00000000080075a4       0x4a ./Drivers/STM32F4xx_HAL_Driver/Src/stm32f4xx_hal_tim.o
                0x00000000080075a4                TIM_CCxChannelCmd
 *fill*         0x00000000080075ee        0x2 
 .text.HAL_TIMEx_MasterConfigSynchronization
                0x00000000080075f0       0xf8 ./Drivers/STM32F4xx_HAL_Driver/Src/stm32f4xx_hal_tim_ex.o
                0x00000000080075f0                HAL_TIMEx_MasterConfigSynchronization
 .text.HAL_TIMEx_CommutCallback
                0x00000000080076e8       0x14 ./Drivers/STM32F4xx_HAL_Driver/Src/stm32f4xx_hal_tim_ex.o
                0x00000000080076e8                HAL_TIMEx_CommutCallback
 .text.HAL_TIMEx_BreakCallback
                0x00000000080076fc       0x14 ./Drivers/STM32F4xx_HAL_Driver/Src/stm32f4xx_hal_tim_ex.o
                0x00000000080076fc                HAL_TIMEx_BreakCallback
 .text.HAL_UART_Init
                0x0000000008007710       0x9a ./Drivers/STM32F4xx_HAL_Driver/Src/stm32f4xx_hal_uart.o
                0x0000000008007710                HAL_UART_Init
 .text.HAL_UART_Transmit
                0x00000000080077aa      0x124 ./Drivers/STM32F4xx_HAL_Driver/Src/stm32f4xx_hal_uart.o
                0x00000000080077aa                HAL_UART_Transmit
 .text.HAL_UART_Receive_IT
                0x00000000080078ce       0x60 ./Drivers/STM32F4xx_HAL_Driver/Src/stm32f4xx_hal_uart.o
                0x00000000080078ce                HAL_UART_Receive_IT
 *fill*         0x000000000800792e        0x2 
 .text.HAL_UART_IRQHandler
                0x0000000008007930      0x51c ./Drivers/STM32F4xx_HAL_Driver/Src/stm32f4xx_hal_uart.o
                0x0000000008007930                HAL_UART_IRQHandler
 .text.HAL_UART_TxCpltCallback
                0x0000000008007e4c       0x14 ./Drivers/STM32F4xx_HAL_Driver/Src/stm32f4xx_hal_uart.o
                0x0000000008007e4c                HAL_UART_TxCpltCallback
 .text.HAL_UART_ErrorCallback
                0x0000000008007e60       0x14 ./Drivers/STM32F4xx_HAL_Driver/Src/stm32f4xx_hal_uart.o
                0x0000000008007e60                HAL_UART_ErrorCallback
 .text.HAL_UARTEx_RxEventCallback
                0x0000000008007e74       0x18 ./Drivers/STM32F4xx_HAL_Driver/Src/stm32f4xx_hal_uart.o
                0x0000000008007e74                HAL_UARTEx_RxEventCallback
 .text.UART_WaitOnFlagUntilTimeout
                0x0000000008007e8c       0xdc ./Drivers/STM32F4xx_HAL_Driver/Src/stm32f4xx_hal_uart.o
 .text.UART_Start_Receive_IT
                0x0000000008007f68       0x7c ./Drivers/STM32F4xx_HAL_Driver/Src/stm32f4xx_hal_uart.o
                0x0000000008007f68                UART_Start_Receive_IT
 .text.UART_EndRxTransfer
                0x0000000008007fe4       0xc6 ./Drivers/STM32F4xx_HAL_Driver/Src/stm32f4xx_hal_uart.o
 .text.UART_DMAAbortOnError
                0x00000000080080aa       0x28 ./Drivers/STM32F4xx_HAL_Driver/Src/stm32f4xx_hal_uart.o
 .text.UART_Transmit_IT
                0x00000000080080d2       0xa0 ./Drivers/STM32F4xx_HAL_Driver/Src/stm32f4xx_hal_uart.o
 .text.UART_EndTransmit_IT
                0x0000000008008172       0x30 ./Drivers/STM32F4xx_HAL_Driver/Src/stm32f4xx_hal_uart.o
 .text.UART_Receive_IT
                0x00000000080081a2      0x176 ./Drivers/STM32F4xx_HAL_Driver/Src/stm32f4xx_hal_uart.o
 .text.UART_SetConfig
                0x0000000008008318      0x4e8 ./Drivers/STM32F4xx_HAL_Driver/Src/stm32f4xx_hal_uart.o
 .text.vListInitialise
                0x0000000008008800       0x40 ./ThirdParty/FreeRTOS/list.o
                0x0000000008008800                vListInitialise
 .text.vListInitialiseItem
                0x0000000008008840       0x1a ./ThirdParty/FreeRTOS/list.o
                0x0000000008008840                vListInitialiseItem
 .text.vListInsert
                0x000000000800885a       0x72 ./ThirdParty/FreeRTOS/list.o
                0x000000000800885a                vListInsert
 .text.uxListRemove
                0x00000000080088cc       0x54 ./ThirdParty/FreeRTOS/list.o
                0x00000000080088cc                uxListRemove
 .text.xQueueGenericReset
                0x0000000008008920      0x120 ./ThirdParty/FreeRTOS/queue.o
                0x0000000008008920                xQueueGenericReset
 .text.xQueueGenericCreate
                0x0000000008008a40       0x9c ./ThirdParty/FreeRTOS/queue.o
                0x0000000008008a40                xQueueGenericCreate
 .text.prvInitialiseNewQueue
                0x0000000008008adc       0x52 ./ThirdParty/FreeRTOS/queue.o
 *fill*         0x0000000008008b2e        0x2 
 .text.xQueueGenericSend
                0x0000000008008b30      0x24c ./ThirdParty/FreeRTOS/queue.o
                0x0000000008008b30                xQueueGenericSend
 .text.xQueueGenericSendFromISR
                0x0000000008008d7c      0x18c ./ThirdParty/FreeRTOS/queue.o
                0x0000000008008d7c                xQueueGenericSendFromISR
 .text.xQueueReceive
                0x0000000008008f08      0x220 ./ThirdParty/FreeRTOS/queue.o
                0x0000000008008f08                xQueueReceive
 .text.prvCopyDataToQueue
                0x0000000008009128       0xd4 ./ThirdParty/FreeRTOS/queue.o
 .text.prvCopyDataFromQueue
                0x00000000080091fc       0x4c ./ThirdParty/FreeRTOS/queue.o
 .text.prvUnlockQueue
                0x0000000008009248       0xa4 ./ThirdParty/FreeRTOS/queue.o
 .text.prvIsQueueEmpty
                0x00000000080092ec       0x2c ./ThirdParty/FreeRTOS/queue.o
 .text.prvIsQueueFull
                0x0000000008009318       0x30 ./ThirdParty/FreeRTOS/queue.o
 .text.vQueueAddToRegistry
                0x0000000008009348       0xac ./ThirdParty/FreeRTOS/queue.o
                0x0000000008009348                vQueueAddToRegistry
 .text.vQueueWaitForMessageRestricted
                0x00000000080093f4       0x68 ./ThirdParty/FreeRTOS/queue.o
                0x00000000080093f4                vQueueWaitForMessageRestricted
 .text.xTaskCreate
                0x000000000800945c       0x8c ./ThirdParty/FreeRTOS/tasks.o
                0x000000000800945c                xTaskCreate
 .text.prvInitialiseNewTask
                0x00000000080094e8      0x11c ./ThirdParty/FreeRTOS/tasks.o
 .text.prvAddNewTaskToReadyList
                0x0000000008009604      0x168 ./ThirdParty/FreeRTOS/tasks.o
 .text.vTaskDelay
                0x000000000800976c       0x70 ./ThirdParty/FreeRTOS/tasks.o
                0x000000000800976c                vTaskDelay
 .text.vTaskStartScheduler
                0x00000000080097dc       0xc4 ./ThirdParty/FreeRTOS/tasks.o
                0x00000000080097dc                vTaskStartScheduler
 .text.vTaskSuspendAll
                0x00000000080098a0       0x1c ./ThirdParty/FreeRTOS/tasks.o
                0x00000000080098a0                vTaskSuspendAll
 .text.xTaskResumeAll
                0x00000000080098bc      0x200 ./ThirdParty/FreeRTOS/tasks.o
                0x00000000080098bc                xTaskResumeAll
 .text.xTaskGetTickCount
                0x0000000008009abc       0x20 ./ThirdParty/FreeRTOS/tasks.o
                0x0000000008009abc                xTaskGetTickCount
 .text.uxTaskGetNumberOfTasks
                0x0000000008009adc       0x18 ./ThirdParty/FreeRTOS/tasks.o
                0x0000000008009adc                uxTaskGetNumberOfTasks
 .text.xTaskIncrementTick
                0x0000000008009af4      0x234 ./ThirdParty/FreeRTOS/tasks.o
                0x0000000008009af4                xTaskIncrementTick
 .text.vTaskSwitchContext
                0x0000000008009d28       0xd4 ./ThirdParty/FreeRTOS/tasks.o
                0x0000000008009d28                vTaskSwitchContext
 .text.vTaskPlaceOnEventList
                0x0000000008009dfc       0x48 ./ThirdParty/FreeRTOS/tasks.o
                0x0000000008009dfc                vTaskPlaceOnEventList
 .text.vTaskPlaceOnEventListRestricted
                0x0000000008009e44       0x90 ./ThirdParty/FreeRTOS/tasks.o
                0x0000000008009e44                vTaskPlaceOnEventListRestricted
 .text.xTaskRemoveFromEventList
                0x0000000008009ed4      0x1b0 ./ThirdParty/FreeRTOS/tasks.o
                0x0000000008009ed4                xTaskRemoveFromEventList
 .text.vTaskInternalSetTimeOutState
                0x000000000800a084       0x2c ./ThirdParty/FreeRTOS/tasks.o
                0x000000000800a084                vTaskInternalSetTimeOutState
 .text.xTaskCheckForTimeOut
                0x000000000800a0b0       0xcc ./ThirdParty/FreeRTOS/tasks.o
                0x000000000800a0b0                xTaskCheckForTimeOut
 .text.vTaskMissedYield
                0x000000000800a17c       0x18 ./ThirdParty/FreeRTOS/tasks.o
                0x000000000800a17c                vTaskMissedYield
 .text.prvIdleTask
                0x000000000800a194       0x34 ./ThirdParty/FreeRTOS/tasks.o
 .text.prvInitialiseTaskLists
                0x000000000800a1c8       0x80 ./ThirdParty/FreeRTOS/tasks.o
 .text.prvCheckTasksWaitingTermination
                0x000000000800a248       0x5c ./ThirdParty/FreeRTOS/tasks.o
 .text.prvDeleteTCB
                0x000000000800a2a4       0x20 ./ThirdParty/FreeRTOS/tasks.o
 .text.prvResetNextTaskUnblockTime
                0x000000000800a2c4       0x38 ./ThirdParty/FreeRTOS/tasks.o
 .text.xTaskGetSchedulerState
                0x000000000800a2fc       0x3c ./ThirdParty/FreeRTOS/tasks.o
                0x000000000800a2fc                xTaskGetSchedulerState
 .text.xTaskPriorityDisinherit
                0x000000000800a338      0x158 ./ThirdParty/FreeRTOS/tasks.o
                0x000000000800a338                xTaskPriorityDisinherit
 .text.xTaskGenericNotifyWait
                0x000000000800a490      0x110 ./ThirdParty/FreeRTOS/tasks.o
                0x000000000800a490                xTaskGenericNotifyWait
 .text.xTaskGenericNotify
                0x000000000800a5a0      0x268 ./ThirdParty/FreeRTOS/tasks.o
                0x000000000800a5a0                xTaskGenericNotify
 .text.xTaskGenericNotifyFromISR
                0x000000000800a808      0x2dc ./ThirdParty/FreeRTOS/tasks.o
                0x000000000800a808                xTaskGenericNotifyFromISR
 .text.prvAddCurrentTaskToDelayedList
                0x000000000800aae4      0x100 ./ThirdParty/FreeRTOS/tasks.o
 .text.xTimerCreateTimerTask
                0x000000000800abe4       0x64 ./ThirdParty/FreeRTOS/timers.o
                0x000000000800abe4                xTimerCreateTimerTask
 .text.xTimerCreate
                0x000000000800ac48       0x42 ./ThirdParty/FreeRTOS/timers.o
                0x000000000800ac48                xTimerCreate
 .text.prvInitialiseNewTimer
                0x000000000800ac8a       0x70 ./ThirdParty/FreeRTOS/timers.o
 *fill*         0x000000000800acfa        0x2 
 .text.xTimerGenericCommand
                0x000000000800acfc       0x9c ./ThirdParty/FreeRTOS/timers.o
                0x000000000800acfc                xTimerGenericCommand
 .text.prvReloadTimer
                0x000000000800ad98       0x42 ./ThirdParty/FreeRTOS/timers.o
 *fill*         0x000000000800adda        0x2 
 .text.prvProcessExpiredTimer
                0x000000000800addc       0x60 ./ThirdParty/FreeRTOS/timers.o
 .text.prvTimerTask
                0x000000000800ae3c       0x24 ./ThirdParty/FreeRTOS/timers.o
 .text.prvProcessTimerOrBlockTask
                0x000000000800ae60       0x9c ./ThirdParty/FreeRTOS/timers.o
 .text.prvGetNextExpireTime
                0x000000000800aefc       0x48 ./ThirdParty/FreeRTOS/timers.o
 .text.prvSampleTimeNow
                0x000000000800af44       0x40 ./ThirdParty/FreeRTOS/timers.o
 .text.prvInsertTimerInActiveList
                0x000000000800af84       0x84 ./ThirdParty/FreeRTOS/timers.o
 .text.prvProcessReceivedCommands
                0x000000000800b008      0x17c ./ThirdParty/FreeRTOS/timers.o
 .text.prvSwitchTimerLists
                0x000000000800b184       0x4c ./ThirdParty/FreeRTOS/timers.o
 .text.prvCheckForValidListAndQueue
                0x000000000800b1d0       0x6c ./ThirdParty/FreeRTOS/timers.o
 .text.pxPortInitialiseStack
                0x000000000800b23c       0x68 ./ThirdParty/FreeRTOS/portable/GCC/ARM_CM4F/port.o
                0x000000000800b23c                pxPortInitialiseStack
 .text.prvTaskExitError
                0x000000000800b2a4       0x58 ./ThirdParty/FreeRTOS/portable/GCC/ARM_CM4F/port.o
 *fill*         0x000000000800b2fc        0x4 
 .text.SVC_Handler
                0x000000000800b300       0x28 ./ThirdParty/FreeRTOS/portable/GCC/ARM_CM4F/port.o
                0x000000000800b300                SVC_Handler
 .text.prvPortStartFirstTask
                0x000000000800b328       0x2c ./ThirdParty/FreeRTOS/portable/GCC/ARM_CM4F/port.o
 .text.xPortStartScheduler
                0x000000000800b354      0x144 ./ThirdParty/FreeRTOS/portable/GCC/ARM_CM4F/port.o
                0x000000000800b354                xPortStartScheduler
 .text.vPortEnterCritical
                0x000000000800b498       0x60 ./ThirdParty/FreeRTOS/portable/GCC/ARM_CM4F/port.o
                0x000000000800b498                vPortEnterCritical
 .text.vPortExitCritical
                0x000000000800b4f8       0x54 ./ThirdParty/FreeRTOS/portable/GCC/ARM_CM4F/port.o
                0x000000000800b4f8                vPortExitCritical
 *fill*         0x000000000800b54c        0x4 
 .text.PendSV_Handler
                0x000000000800b550       0x68 ./ThirdParty/FreeRTOS/portable/GCC/ARM_CM4F/port.o
                0x000000000800b550                PendSV_Handler
 .text.SysTick_Handler
                0x000000000800b5b8       0x54 ./ThirdParty/FreeRTOS/portable/GCC/ARM_CM4F/port.o
                0x000000000800b5b8                SysTick_Handler
 .text.vPortSetupTimerInterrupt
                0x000000000800b60c       0x48 ./ThirdParty/FreeRTOS/portable/GCC/ARM_CM4F/port.o
                0x000000000800b60c                vPortSetupTimerInterrupt
 .text.vPortEnableVFP
                0x000000000800b654       0x18 ./ThirdParty/FreeRTOS/portable/GCC/ARM_CM4F/port.o
 .text.vPortValidateInterruptPriority
                0x000000000800b66c       0x80 ./ThirdParty/FreeRTOS/portable/GCC/ARM_CM4F/port.o
                0x000000000800b66c                vPortValidateInterruptPriority
 .text.pvPortMalloc
                0x000000000800b6ec      0x174 ./ThirdParty/FreeRTOS/portable/MemMang/heap_4.o
                0x000000000800b6ec                pvPortMalloc
 .text.vPortFree
                0x000000000800b860       0xb8 ./ThirdParty/FreeRTOS/portable/MemMang/heap_4.o
                0x000000000800b860                vPortFree
 .text.prvHeapInit
                0x000000000800b918       0xb8 ./ThirdParty/FreeRTOS/portable/MemMang/heap_4.o
 .text.prvInsertBlockIntoFreeList
                0x000000000800b9d0       0xb4 ./ThirdParty/FreeRTOS/portable/MemMang/heap_4.o
 .text.SYSVIEW_AddTask
                0x000000000800ba84       0xd0 ./ThirdParty/SEGGER/OS/SEGGER_SYSVIEW_FreeRTOS.o
                0x000000000800ba84                SYSVIEW_AddTask
 .text.SYSVIEW_SendTaskInfo
                0x000000000800bb54       0x42 ./ThirdParty/SEGGER/OS/SEGGER_SYSVIEW_FreeRTOS.o
                0x000000000800bb54                SYSVIEW_SendTaskInfo
 *fill*         0x000000000800bb96        0x2 
 .text._DoInit  0x000000000800bb98       0xb0 ./ThirdParty/SEGGER/SEGGER/SEGGER_RTT.o
 .text._WriteBlocking
                0x000000000800bc48       0xba ./ThirdParty/SEGGER/SEGGER/SEGGER_RTT.o
 .text._WriteNoCheck
                0x000000000800bd02       0x90 ./ThirdParty/SEGGER/SEGGER/SEGGER_RTT.o
 .text._GetAvailWriteSpace
                0x000000000800bd92       0x46 ./ThirdParty/SEGGER/SEGGER/SEGGER_RTT.o
 .text.SEGGER_RTT_ReadNoLock
                0x000000000800bdd8      0x10c ./ThirdParty/SEGGER/SEGGER/SEGGER_RTT.o
                0x000000000800bdd8                SEGGER_RTT_ReadNoLock
 .text.SEGGER_RTT_WriteNoLock
                0x000000000800bee4       0xa0 ./ThirdParty/SEGGER/SEGGER/SEGGER_RTT.o
                0x000000000800bee4                SEGGER_RTT_WriteNoLock
 .text.SEGGER_RTT_Write
                0x000000000800bf84       0x4c ./ThirdParty/SEGGER/SEGGER/SEGGER_RTT.o
                0x000000000800bf84                SEGGER_RTT_Write
 .text._EncodeStr
                0x000000000800bfd0       0x9a ./ThirdParty/SEGGER/SEGGER/SEGGER_SYSVIEW.o
 .text._PreparePacket
                0x000000000800c06a       0x18 ./ThirdParty/SEGGER/SEGGER/SEGGER_SYSVIEW.o
 *fill*         0x000000000800c082        0x2 
 .text._HandleIncomingPacket
                0x000000000800c084       0xe0 ./ThirdParty/SEGGER/SEGGER/SEGGER_SYSVIEW.o
 .text._TrySendOverflowPacket
                0x000000000800c164       0xe4 ./ThirdParty/SEGGER/SEGGER/SEGGER_SYSVIEW.o
 .text._SendPacket
                0x000000000800c248      0x1cc ./ThirdParty/SEGGER/SEGGER/SEGGER_SYSVIEW.o
 .text.SEGGER_SYSVIEW_RecordVoid
                0x000000000800c414       0x3c ./ThirdParty/SEGGER/SEGGER/SEGGER_SYSVIEW.o
                0x000000000800c414                SEGGER_SYSVIEW_RecordVoid
 .text.SEGGER_SYSVIEW_RecordU32
                0x000000000800c450       0x78 ./ThirdParty/SEGGER/SEGGER/SEGGER_SYSVIEW.o
                0x000000000800c450                SEGGER_SYSVIEW_RecordU32
 .text.SEGGER_SYSVIEW_RecordU32x2
                0x000000000800c4c8       0xb4 ./ThirdParty/SEGGER/SEGGER/SEGGER_SYSVIEW.o
                0x000000000800c4c8                SEGGER_SYSVIEW_RecordU32x2
 .text.SEGGER_SYSVIEW_RecordU32x3
                0x000000000800c57c       0xec ./ThirdParty/SEGGER/SEGGER/SEGGER_SYSVIEW.o
                0x000000000800c57c                SEGGER_SYSVIEW_RecordU32x3
 .text.SEGGER_SYSVIEW_RecordU32x4
                0x000000000800c668      0x124 ./ThirdParty/SEGGER/SEGGER/SEGGER_SYSVIEW.o
                0x000000000800c668                SEGGER_SYSVIEW_RecordU32x4
 .text.SEGGER_SYSVIEW_RecordU32x5
                0x000000000800c78c      0x15c ./ThirdParty/SEGGER/SEGGER/SEGGER_SYSVIEW.o
                0x000000000800c78c                SEGGER_SYSVIEW_RecordU32x5
 .text.SEGGER_SYSVIEW_Start
                0x000000000800c8e8      0x174 ./ThirdParty/SEGGER/SEGGER/SEGGER_SYSVIEW.o
                0x000000000800c8e8                SEGGER_SYSVIEW_Start
 .text.SEGGER_SYSVIEW_Stop
                0x000000000800ca5c       0x4c ./ThirdParty/SEGGER/SEGGER/SEGGER_SYSVIEW.o
                0x000000000800ca5c                SEGGER_SYSVIEW_Stop
 .text.SEGGER_SYSVIEW_GetSysDesc
                0x000000000800caa8      0x134 ./ThirdParty/SEGGER/SEGGER/SEGGER_SYSVIEW.o
                0x000000000800caa8                SEGGER_SYSVIEW_GetSysDesc
 .text.SEGGER_SYSVIEW_SendTaskInfo
                0x000000000800cbdc      0x1c8 ./ThirdParty/SEGGER/SEGGER/SEGGER_SYSVIEW.o
                0x000000000800cbdc                SEGGER_SYSVIEW_SendTaskInfo
 .text.SEGGER_SYSVIEW_SendTaskList
                0x000000000800cda4       0x28 ./ThirdParty/SEGGER/SEGGER/SEGGER_SYSVIEW.o
                0x000000000800cda4                SEGGER_SYSVIEW_SendTaskList
 .text.SEGGER_SYSVIEW_RecordSystime
                0x000000000800cdcc       0x64 ./ThirdParty/SEGGER/SEGGER/SEGGER_SYSVIEW.o
                0x000000000800cdcc                SEGGER_SYSVIEW_RecordSystime
 .text.SEGGER_SYSVIEW_RecordEnterISR
                0x000000000800ce30       0x84 ./ThirdParty/SEGGER/SEGGER/SEGGER_SYSVIEW.o
                0x000000000800ce30                SEGGER_SYSVIEW_RecordEnterISR
 .text.SEGGER_SYSVIEW_RecordExitISR
                0x000000000800ceb4       0x38 ./ThirdParty/SEGGER/SEGGER/SEGGER_SYSVIEW.o
                0x000000000800ceb4                SEGGER_SYSVIEW_RecordExitISR
 .text.SEGGER_SYSVIEW_RecordExitISRToScheduler
                0x000000000800ceec       0x38 ./ThirdParty/SEGGER/SEGGER/SEGGER_SYSVIEW.o
                0x000000000800ceec                SEGGER_SYSVIEW_RecordExitISRToScheduler
 .text.SEGGER_SYSVIEW_OnIdle
                0x000000000800cf24       0x38 ./ThirdParty/SEGGER/SEGGER/SEGGER_SYSVIEW.o
                0x000000000800cf24                SEGGER_SYSVIEW_OnIdle
 .text.SEGGER_SYSVIEW_OnTaskCreate
                0x000000000800cf5c       0x84 ./ThirdParty/SEGGER/SEGGER/SEGGER_SYSVIEW.o
                0x000000000800cf5c                SEGGER_SYSVIEW_OnTaskCreate
 .text.SEGGER_SYSVIEW_OnTaskStartExec
                0x000000000800cfe0       0x84 ./ThirdParty/SEGGER/SEGGER/SEGGER_SYSVIEW.o
                0x000000000800cfe0                SEGGER_SYSVIEW_OnTaskStartExec
 .text.SEGGER_SYSVIEW_OnTaskStartReady
                0x000000000800d064       0x84 ./ThirdParty/SEGGER/SEGGER/SEGGER_SYSVIEW.o
                0x000000000800d064                SEGGER_SYSVIEW_OnTaskStartReady
 .text.SEGGER_SYSVIEW_ShrinkId
                0x000000000800d0e8       0x20 ./ThirdParty/SEGGER/SEGGER/SEGGER_SYSVIEW.o
                0x000000000800d0e8                SEGGER_SYSVIEW_ShrinkId
 .text.SEGGER_SYSVIEW_SendModule
                0x000000000800d108      0x100 ./ThirdParty/SEGGER/SEGGER/SEGGER_SYSVIEW.o
                0x000000000800d108                SEGGER_SYSVIEW_SendModule
 .text.SEGGER_SYSVIEW_SendModuleDescription
                0x000000000800d208       0x3c ./ThirdParty/SEGGER/SEGGER/SEGGER_SYSVIEW.o
                0x000000000800d208                SEGGER_SYSVIEW_SendModuleDescription
 .text.SEGGER_SYSVIEW_SendNumModules
                0x000000000800d244       0x7c ./ThirdParty/SEGGER/SEGGER/SEGGER_SYSVIEW.o
                0x000000000800d244                SEGGER_SYSVIEW_SendNumModules
 .text.SEGGER_SYSVIEW_Warn
                0x000000000800d2c0       0xb8 ./ThirdParty/SEGGER/SEGGER/SEGGER_SYSVIEW.o
                0x000000000800d2c0                SEGGER_SYSVIEW_Warn
 .text._write_r
                0x000000000800d378       0x22 ./ThirdParty/SEGGER/SEGGER/Syscalls/SEGGER_RTT_Syscalls_GCC.o
                0x000000000800d378                _write_r
 .text.atoi     0x000000000800d39a        0x8 D:/GP/IMP_Files/STM32CubeIDE_1.4.0/STM32CubeIDE/plugins/com.st.stm32cube.ide.mcu.externaltools.gnu-tools-for-stm32.11.3.rel1.win32_1.1.100.202309141235/tools/bin/../lib/gcc/arm-none-eabi/11.3.1/../../../../arm-none-eabi/lib/thumb/v7e-m+fp/hard\libc_nano.a(libc_a-atoi.o)
                0x000000000800d39a                atoi
 *fill*         0x000000000800d3a2        0x2 
 .text._strtol_l.constprop.0
                0x000000000800d3a4      0x104 D:/GP/IMP_Files/STM32CubeIDE_1.4.0/STM32CubeIDE/plugins/com.st.stm32cube.ide.mcu.externaltools.gnu-tools-for-stm32.11.3.rel1.win32_1.1.100.202309141235/tools/bin/../lib/gcc/arm-none-eabi/11.3.1/../../../../arm-none-eabi/lib/thumb/v7e-m+fp/hard\libc_nano.a(libc_a-strtol.o)
 .text.strtol   0x000000000800d4a8       0x14 D:/GP/IMP_Files/STM32CubeIDE_1.4.0/STM32CubeIDE/plugins/com.st.stm32cube.ide.mcu.externaltools.gnu-tools-for-stm32.11.3.rel1.win32_1.1.100.202309141235/tools/bin/../lib/gcc/arm-none-eabi/11.3.1/../../../../arm-none-eabi/lib/thumb/v7e-m+fp/hard\libc_nano.a(libc_a-strtol.o)
                0x000000000800d4a8                strtol
 .text.__cvt    0x000000000800d4bc       0xc4 D:/GP/IMP_Files/STM32CubeIDE_1.4.0/STM32CubeIDE/plugins/com.st.stm32cube.ide.mcu.externaltools.gnu-tools-for-stm32.11.3.rel1.win32_1.1.100.202309141235/tools/bin/../lib/gcc/arm-none-eabi/11.3.1/../../../../arm-none-eabi/lib/thumb/v7e-m+fp/hard\libc_nano.a(libc_a-nano-vfprintf_float.o)
                0x000000000800d4bc                __cvt
 .text.__exponent
                0x000000000800d580       0x7c D:/GP/IMP_Files/STM32CubeIDE_1.4.0/STM32CubeIDE/plugins/com.st.stm32cube.ide.mcu.externaltools.gnu-tools-for-stm32.11.3.rel1.win32_1.1.100.202309141235/tools/bin/../lib/gcc/arm-none-eabi/11.3.1/../../../../arm-none-eabi/lib/thumb/v7e-m+fp/hard\libc_nano.a(libc_a-nano-vfprintf_float.o)
                0x000000000800d580                __exponent
 .text._printf_float
                0x000000000800d5fc      0x46c D:/GP/IMP_Files/STM32CubeIDE_1.4.0/STM32CubeIDE/plugins/com.st.stm32cube.ide.mcu.externaltools.gnu-tools-for-stm32.11.3.rel1.win32_1.1.100.202309141235/tools/bin/../lib/gcc/arm-none-eabi/11.3.1/../../../../arm-none-eabi/lib/thumb/v7e-m+fp/hard\libc_nano.a(libc_a-nano-vfprintf_float.o)
                0x000000000800d5fc                _printf_float
 .text._printf_common
                0x000000000800da68       0xda D:/GP/IMP_Files/STM32CubeIDE_1.4.0/STM32CubeIDE/plugins/com.st.stm32cube.ide.mcu.externaltools.gnu-tools-for-stm32.11.3.rel1.win32_1.1.100.202309141235/tools/bin/../lib/gcc/arm-none-eabi/11.3.1/../../../../arm-none-eabi/lib/thumb/v7e-m+fp/hard\libc_nano.a(libc_a-nano-vfprintf_i.o)
                0x000000000800da68                _printf_common
 *fill*         0x000000000800db42        0x2 
 .text._printf_i
                0x000000000800db44      0x244 D:/GP/IMP_Files/STM32CubeIDE_1.4.0/STM32CubeIDE/plugins/com.st.stm32cube.ide.mcu.externaltools.gnu-tools-for-stm32.11.3.rel1.win32_1.1.100.202309141235/tools/bin/../lib/gcc/arm-none-eabi/11.3.1/../../../../arm-none-eabi/lib/thumb/v7e-m+fp/hard\libc_nano.a(libc_a-nano-vfprintf_i.o)
                0x000000000800db44                _printf_i
 .text.std      0x000000000800dd88       0x6c D:/GP/IMP_Files/STM32CubeIDE_1.4.0/STM32CubeIDE/plugins/com.st.stm32cube.ide.mcu.externaltools.gnu-tools-for-stm32.11.3.rel1.win32_1.1.100.202309141235/tools/bin/../lib/gcc/arm-none-eabi/11.3.1/../../../../arm-none-eabi/lib/thumb/v7e-m+fp/hard\libc_nano.a(libc_a-findfp.o)
 .text.stdio_exit_handler
                0x000000000800ddf4       0x18 D:/GP/IMP_Files/STM32CubeIDE_1.4.0/STM32CubeIDE/plugins/com.st.stm32cube.ide.mcu.externaltools.gnu-tools-for-stm32.11.3.rel1.win32_1.1.100.202309141235/tools/bin/../lib/gcc/arm-none-eabi/11.3.1/../../../../arm-none-eabi/lib/thumb/v7e-m+fp/hard\libc_nano.a(libc_a-findfp.o)
 .text.cleanup_stdio
                0x000000000800de0c       0x40 D:/GP/IMP_Files/STM32CubeIDE_1.4.0/STM32CubeIDE/plugins/com.st.stm32cube.ide.mcu.externaltools.gnu-tools-for-stm32.11.3.rel1.win32_1.1.100.202309141235/tools/bin/../lib/gcc/arm-none-eabi/11.3.1/../../../../arm-none-eabi/lib/thumb/v7e-m+fp/hard\libc_nano.a(libc_a-findfp.o)
 .text.global_stdio_init.part.0
                0x000000000800de4c       0x3c D:/GP/IMP_Files/STM32CubeIDE_1.4.0/STM32CubeIDE/plugins/com.st.stm32cube.ide.mcu.externaltools.gnu-tools-for-stm32.11.3.rel1.win32_1.1.100.202309141235/tools/bin/../lib/gcc/arm-none-eabi/11.3.1/../../../../arm-none-eabi/lib/thumb/v7e-m+fp/hard\libc_nano.a(libc_a-findfp.o)
 .text.__sfp_lock_acquire
                0x000000000800de88        0xc D:/GP/IMP_Files/STM32CubeIDE_1.4.0/STM32CubeIDE/plugins/com.st.stm32cube.ide.mcu.externaltools.gnu-tools-for-stm32.11.3.rel1.win32_1.1.100.202309141235/tools/bin/../lib/gcc/arm-none-eabi/11.3.1/../../../../arm-none-eabi/lib/thumb/v7e-m+fp/hard\libc_nano.a(libc_a-findfp.o)
                0x000000000800de88                __sfp_lock_acquire
 .text.__sfp_lock_release
                0x000000000800de94        0xc D:/GP/IMP_Files/STM32CubeIDE_1.4.0/STM32CubeIDE/plugins/com.st.stm32cube.ide.mcu.externaltools.gnu-tools-for-stm32.11.3.rel1.win32_1.1.100.202309141235/tools/bin/../lib/gcc/arm-none-eabi/11.3.1/../../../../arm-none-eabi/lib/thumb/v7e-m+fp/hard\libc_nano.a(libc_a-findfp.o)
                0x000000000800de94                __sfp_lock_release
 .text.__sinit  0x000000000800dea0       0x30 D:/GP/IMP_Files/STM32CubeIDE_1.4.0/STM32CubeIDE/plugins/com.st.stm32cube.ide.mcu.externaltools.gnu-tools-for-stm32.11.3.rel1.win32_1.1.100.202309141235/tools/bin/../lib/gcc/arm-none-eabi/11.3.1/../../../../arm-none-eabi/lib/thumb/v7e-m+fp/hard\libc_nano.a(libc_a-findfp.o)
                0x000000000800dea0                __sinit
 .text._fwalk_sglue
                0x000000000800ded0       0x3c D:/GP/IMP_Files/STM32CubeIDE_1.4.0/STM32CubeIDE/plugins/com.st.stm32cube.ide.mcu.externaltools.gnu-tools-for-stm32.11.3.rel1.win32_1.1.100.202309141235/tools/bin/../lib/gcc/arm-none-eabi/11.3.1/../../../../arm-none-eabi/lib/thumb/v7e-m+fp/hard\libc_nano.a(libc_a-fwalk.o)
                0x000000000800ded0                _fwalk_sglue
 .text.snprintf
                0x000000000800df0c       0x68 D:/GP/IMP_Files/STM32CubeIDE_1.4.0/STM32CubeIDE/plugins/com.st.stm32cube.ide.mcu.externaltools.gnu-tools-for-stm32.11.3.rel1.win32_1.1.100.202309141235/tools/bin/../lib/gcc/arm-none-eabi/11.3.1/../../../../arm-none-eabi/lib/thumb/v7e-m+fp/hard\libc_nano.a(libc_a-snprintf.o)
                0x000000000800df0c                sniprintf
                0x000000000800df0c                snprintf
 .text.__sread  0x000000000800df74       0x22 D:/GP/IMP_Files/STM32CubeIDE_1.4.0/STM32CubeIDE/plugins/com.st.stm32cube.ide.mcu.externaltools.gnu-tools-for-stm32.11.3.rel1.win32_1.1.100.202309141235/tools/bin/../lib/gcc/arm-none-eabi/11.3.1/../../../../arm-none-eabi/lib/thumb/v7e-m+fp/hard\libc_nano.a(libc_a-stdio.o)
                0x000000000800df74                __sread
 .text.__swrite
                0x000000000800df96       0x38 D:/GP/IMP_Files/STM32CubeIDE_1.4.0/STM32CubeIDE/plugins/com.st.stm32cube.ide.mcu.externaltools.gnu-tools-for-stm32.11.3.rel1.win32_1.1.100.202309141235/tools/bin/../lib/gcc/arm-none-eabi/11.3.1/../../../../arm-none-eabi/lib/thumb/v7e-m+fp/hard\libc_nano.a(libc_a-stdio.o)
                0x000000000800df96                __swrite
 .text.__sseek  0x000000000800dfce       0x24 D:/GP/IMP_Files/STM32CubeIDE_1.4.0/STM32CubeIDE/plugins/com.st.stm32cube.ide.mcu.externaltools.gnu-tools-for-stm32.11.3.rel1.win32_1.1.100.202309141235/tools/bin/../lib/gcc/arm-none-eabi/11.3.1/../../../../arm-none-eabi/lib/thumb/v7e-m+fp/hard\libc_nano.a(libc_a-stdio.o)
                0x000000000800dfce                __sseek
 .text.__sclose
                0x000000000800dff2        0x8 D:/GP/IMP_Files/STM32CubeIDE_1.4.0/STM32CubeIDE/plugins/com.st.stm32cube.ide.mcu.externaltools.gnu-tools-for-stm32.11.3.rel1.win32_1.1.100.202309141235/tools/bin/../lib/gcc/arm-none-eabi/11.3.1/../../../../arm-none-eabi/lib/thumb/v7e-m+fp/hard\libc_nano.a(libc_a-stdio.o)
                0x000000000800dff2                __sclose
 .text.memcmp   0x000000000800dffa       0x20 D:/GP/IMP_Files/STM32CubeIDE_1.4.0/STM32CubeIDE/plugins/com.st.stm32cube.ide.mcu.externaltools.gnu-tools-for-stm32.11.3.rel1.win32_1.1.100.202309141235/tools/bin/../lib/gcc/arm-none-eabi/11.3.1/../../../../arm-none-eabi/lib/thumb/v7e-m+fp/hard\libc_nano.a(libc_a-memcmp.o)
                0x000000000800dffa                memcmp
 .text.memset   0x000000000800e01a       0x10 D:/GP/IMP_Files/STM32CubeIDE_1.4.0/STM32CubeIDE/plugins/com.st.stm32cube.ide.mcu.externaltools.gnu-tools-for-stm32.11.3.rel1.win32_1.1.100.202309141235/tools/bin/../lib/gcc/arm-none-eabi/11.3.1/../../../../arm-none-eabi/lib/thumb/v7e-m+fp/hard\libc_nano.a(libc_a-memset.o)
                0x000000000800e01a                memset
 *fill*         0x000000000800e02a        0x2 
 .text._localeconv_r
                0x000000000800e02c        0x8 D:/GP/IMP_Files/STM32CubeIDE_1.4.0/STM32CubeIDE/plugins/com.st.stm32cube.ide.mcu.externaltools.gnu-tools-for-stm32.11.3.rel1.win32_1.1.100.202309141235/tools/bin/../lib/gcc/arm-none-eabi/11.3.1/../../../../arm-none-eabi/lib/thumb/v7e-m+fp/hard\libc_nano.a(libc_a-localeconv.o)
                0x000000000800e02c                _localeconv_r
 .text._close_r
                0x000000000800e034       0x20 D:/GP/IMP_Files/STM32CubeIDE_1.4.0/STM32CubeIDE/plugins/com.st.stm32cube.ide.mcu.externaltools.gnu-tools-for-stm32.11.3.rel1.win32_1.1.100.202309141235/tools/bin/../lib/gcc/arm-none-eabi/11.3.1/../../../../arm-none-eabi/lib/thumb/v7e-m+fp/hard\libc_nano.a(libc_a-closer.o)
                0x000000000800e034                _close_r
 .text._lseek_r
                0x000000000800e054       0x24 D:/GP/IMP_Files/STM32CubeIDE_1.4.0/STM32CubeIDE/plugins/com.st.stm32cube.ide.mcu.externaltools.gnu-tools-for-stm32.11.3.rel1.win32_1.1.100.202309141235/tools/bin/../lib/gcc/arm-none-eabi/11.3.1/../../../../arm-none-eabi/lib/thumb/v7e-m+fp/hard\libc_nano.a(libc_a-lseekr.o)
                0x000000000800e054                _lseek_r
 .text._read_r  0x000000000800e078       0x24 D:/GP/IMP_Files/STM32CubeIDE_1.4.0/STM32CubeIDE/plugins/com.st.stm32cube.ide.mcu.externaltools.gnu-tools-for-stm32.11.3.rel1.win32_1.1.100.202309141235/tools/bin/../lib/gcc/arm-none-eabi/11.3.1/../../../../arm-none-eabi/lib/thumb/v7e-m+fp/hard\libc_nano.a(libc_a-readr.o)
                0x000000000800e078                _read_r
 .text.__errno  0x000000000800e09c        0xc D:/GP/IMP_Files/STM32CubeIDE_1.4.0/STM32CubeIDE/plugins/com.st.stm32cube.ide.mcu.externaltools.gnu-tools-for-stm32.11.3.rel1.win32_1.1.100.202309141235/tools/bin/../lib/gcc/arm-none-eabi/11.3.1/../../../../arm-none-eabi/lib/thumb/v7e-m+fp/hard\libc_nano.a(libc_a-errno.o)
                0x000000000800e09c                __errno
 .text.__libc_init_array
                0x000000000800e0a8       0x48 D:/GP/IMP_Files/STM32CubeIDE_1.4.0/STM32CubeIDE/plugins/com.st.stm32cube.ide.mcu.externaltools.gnu-tools-for-stm32.11.3.rel1.win32_1.1.100.202309141235/tools/bin/../lib/gcc/arm-none-eabi/11.3.1/../../../../arm-none-eabi/lib/thumb/v7e-m+fp/hard\libc_nano.a(libc_a-init.o)
                0x000000000800e0a8                __libc_init_array
 .text.__retarget_lock_init_recursive
                0x000000000800e0f0        0x2 D:/GP/IMP_Files/STM32CubeIDE_1.4.0/STM32CubeIDE/plugins/com.st.stm32cube.ide.mcu.externaltools.gnu-tools-for-stm32.11.3.rel1.win32_1.1.100.202309141235/tools/bin/../lib/gcc/arm-none-eabi/11.3.1/../../../../arm-none-eabi/lib/thumb/v7e-m+fp/hard\libc_nano.a(libc_a-lock.o)
                0x000000000800e0f0                __retarget_lock_init_recursive
 .text.__retarget_lock_acquire_recursive
                0x000000000800e0f2        0x2 D:/GP/IMP_Files/STM32CubeIDE_1.4.0/STM32CubeIDE/plugins/com.st.stm32cube.ide.mcu.externaltools.gnu-tools-for-stm32.11.3.rel1.win32_1.1.100.202309141235/tools/bin/../lib/gcc/arm-none-eabi/11.3.1/../../../../arm-none-eabi/lib/thumb/v7e-m+fp/hard\libc_nano.a(libc_a-lock.o)
                0x000000000800e0f2                __retarget_lock_acquire_recursive
 .text.__retarget_lock_release_recursive
                0x000000000800e0f4        0x2 D:/GP/IMP_Files/STM32CubeIDE_1.4.0/STM32CubeIDE/plugins/com.st.stm32cube.ide.mcu.externaltools.gnu-tools-for-stm32.11.3.rel1.win32_1.1.100.202309141235/tools/bin/../lib/gcc/arm-none-eabi/11.3.1/../../../../arm-none-eabi/lib/thumb/v7e-m+fp/hard\libc_nano.a(libc_a-lock.o)
                0x000000000800e0f4                __retarget_lock_release_recursive
 .text.memcpy   0x000000000800e0f6       0x1c D:/GP/IMP_Files/STM32CubeIDE_1.4.0/STM32CubeIDE/plugins/com.st.stm32cube.ide.mcu.externaltools.gnu-tools-for-stm32.11.3.rel1.win32_1.1.100.202309141235/tools/bin/../lib/gcc/arm-none-eabi/11.3.1/../../../../arm-none-eabi/lib/thumb/v7e-m+fp/hard\libc_nano.a(libc_a-memcpy-stub.o)
                0x000000000800e0f6                memcpy
 .text.quorem   0x000000000800e112      0x110 D:/GP/IMP_Files/STM32CubeIDE_1.4.0/STM32CubeIDE/plugins/com.st.stm32cube.ide.mcu.externaltools.gnu-tools-for-stm32.11.3.rel1.win32_1.1.100.202309141235/tools/bin/../lib/gcc/arm-none-eabi/11.3.1/../../../../arm-none-eabi/lib/thumb/v7e-m+fp/hard\libc_nano.a(libc_a-dtoa.o)
 *fill*         0x000000000800e222        0x6 
 .text._dtoa_r  0x000000000800e228      0xbe4 D:/GP/IMP_Files/STM32CubeIDE_1.4.0/STM32CubeIDE/plugins/com.st.stm32cube.ide.mcu.externaltools.gnu-tools-for-stm32.11.3.rel1.win32_1.1.100.202309141235/tools/bin/../lib/gcc/arm-none-eabi/11.3.1/../../../../arm-none-eabi/lib/thumb/v7e-m+fp/hard\libc_nano.a(libc_a-dtoa.o)
                0x000000000800e228                _dtoa_r
 .text._free_r  0x000000000800ee0c       0x98 D:/GP/IMP_Files/STM32CubeIDE_1.4.0/STM32CubeIDE/plugins/com.st.stm32cube.ide.mcu.externaltools.gnu-tools-for-stm32.11.3.rel1.win32_1.1.100.202309141235/tools/bin/../lib/gcc/arm-none-eabi/11.3.1/../../../../arm-none-eabi/lib/thumb/v7e-m+fp/hard\libc_nano.a(libc_a-freer.o)
                0x000000000800ee0c                _free_r
 .text.malloc   0x000000000800eea4       0x10 D:/GP/IMP_Files/STM32CubeIDE_1.4.0/STM32CubeIDE/plugins/com.st.stm32cube.ide.mcu.externaltools.gnu-tools-for-stm32.11.3.rel1.win32_1.1.100.202309141235/tools/bin/../lib/gcc/arm-none-eabi/11.3.1/../../../../arm-none-eabi/lib/thumb/v7e-m+fp/hard\libc_nano.a(libc_a-malloc.o)
                0x000000000800eea4                malloc
 .text.sbrk_aligned
                0x000000000800eeb4       0x40 D:/GP/IMP_Files/STM32CubeIDE_1.4.0/STM32CubeIDE/plugins/com.st.stm32cube.ide.mcu.externaltools.gnu-tools-for-stm32.11.3.rel1.win32_1.1.100.202309141235/tools/bin/../lib/gcc/arm-none-eabi/11.3.1/../../../../arm-none-eabi/lib/thumb/v7e-m+fp/hard\libc_nano.a(libc_a-mallocr.o)
 .text._malloc_r
                0x000000000800eef4      0x100 D:/GP/IMP_Files/STM32CubeIDE_1.4.0/STM32CubeIDE/plugins/com.st.stm32cube.ide.mcu.externaltools.gnu-tools-for-stm32.11.3.rel1.win32_1.1.100.202309141235/tools/bin/../lib/gcc/arm-none-eabi/11.3.1/../../../../arm-none-eabi/lib/thumb/v7e-m+fp/hard\libc_nano.a(libc_a-mallocr.o)
                0x000000000800eef4                _malloc_r
 .text.__ascii_mbtowc
                0x000000000800eff4       0x24 D:/GP/IMP_Files/STM32CubeIDE_1.4.0/STM32CubeIDE/plugins/com.st.stm32cube.ide.mcu.externaltools.gnu-tools-for-stm32.11.3.rel1.win32_1.1.100.202309141235/tools/bin/../lib/gcc/arm-none-eabi/11.3.1/../../../../arm-none-eabi/lib/thumb/v7e-m+fp/hard\libc_nano.a(libc_a-mbtowc_r.o)
                0x000000000800eff4                __ascii_mbtowc
 .text.__malloc_lock
                0x000000000800f018        0xc D:/GP/IMP_Files/STM32CubeIDE_1.4.0/STM32CubeIDE/plugins/com.st.stm32cube.ide.mcu.externaltools.gnu-tools-for-stm32.11.3.rel1.win32_1.1.100.202309141235/tools/bin/../lib/gcc/arm-none-eabi/11.3.1/../../../../arm-none-eabi/lib/thumb/v7e-m+fp/hard\libc_nano.a(libc_a-mlock.o)
                0x000000000800f018                __malloc_lock
 .text.__malloc_unlock
                0x000000000800f024        0xc D:/GP/IMP_Files/STM32CubeIDE_1.4.0/STM32CubeIDE/plugins/com.st.stm32cube.ide.mcu.externaltools.gnu-tools-for-stm32.11.3.rel1.win32_1.1.100.202309141235/tools/bin/../lib/gcc/arm-none-eabi/11.3.1/../../../../arm-none-eabi/lib/thumb/v7e-m+fp/hard\libc_nano.a(libc_a-mlock.o)
                0x000000000800f024                __malloc_unlock
 .text._Balloc  0x000000000800f030       0x80 D:/GP/IMP_Files/STM32CubeIDE_1.4.0/STM32CubeIDE/plugins/com.st.stm32cube.ide.mcu.externaltools.gnu-tools-for-stm32.11.3.rel1.win32_1.1.100.202309141235/tools/bin/../lib/gcc/arm-none-eabi/11.3.1/../../../../arm-none-eabi/lib/thumb/v7e-m+fp/hard\libc_nano.a(libc_a-mprec.o)
                0x000000000800f030                _Balloc
 .text._Bfree   0x000000000800f0b0       0x44 D:/GP/IMP_Files/STM32CubeIDE_1.4.0/STM32CubeIDE/plugins/com.st.stm32cube.ide.mcu.externaltools.gnu-tools-for-stm32.11.3.rel1.win32_1.1.100.202309141235/tools/bin/../lib/gcc/arm-none-eabi/11.3.1/../../../../arm-none-eabi/lib/thumb/v7e-m+fp/hard\libc_nano.a(libc_a-mprec.o)
                0x000000000800f0b0                _Bfree
 .text.__multadd
                0x000000000800f0f4       0x8c D:/GP/IMP_Files/STM32CubeIDE_1.4.0/STM32CubeIDE/plugins/com.st.stm32cube.ide.mcu.externaltools.gnu-tools-for-stm32.11.3.rel1.win32_1.1.100.202309141235/tools/bin/../lib/gcc/arm-none-eabi/11.3.1/../../../../arm-none-eabi/lib/thumb/v7e-m+fp/hard\libc_nano.a(libc_a-mprec.o)
                0x000000000800f0f4                __multadd
 .text.__hi0bits
                0x000000000800f180       0x40 D:/GP/IMP_Files/STM32CubeIDE_1.4.0/STM32CubeIDE/plugins/com.st.stm32cube.ide.mcu.externaltools.gnu-tools-for-stm32.11.3.rel1.win32_1.1.100.202309141235/tools/bin/../lib/gcc/arm-none-eabi/11.3.1/../../../../arm-none-eabi/lib/thumb/v7e-m+fp/hard\libc_nano.a(libc_a-mprec.o)
                0x000000000800f180                __hi0bits
 .text.__lo0bits
                0x000000000800f1c0       0x5a D:/GP/IMP_Files/STM32CubeIDE_1.4.0/STM32CubeIDE/plugins/com.st.stm32cube.ide.mcu.externaltools.gnu-tools-for-stm32.11.3.rel1.win32_1.1.100.202309141235/tools/bin/../lib/gcc/arm-none-eabi/11.3.1/../../../../arm-none-eabi/lib/thumb/v7e-m+fp/hard\libc_nano.a(libc_a-mprec.o)
                0x000000000800f1c0                __lo0bits
 *fill*         0x000000000800f21a        0x2 
 .text.__i2b    0x000000000800f21c       0x2c D:/GP/IMP_Files/STM32CubeIDE_1.4.0/STM32CubeIDE/plugins/com.st.stm32cube.ide.mcu.externaltools.gnu-tools-for-stm32.11.3.rel1.win32_1.1.100.202309141235/tools/bin/../lib/gcc/arm-none-eabi/11.3.1/../../../../arm-none-eabi/lib/thumb/v7e-m+fp/hard\libc_nano.a(libc_a-mprec.o)
                0x000000000800f21c                __i2b
 .text.__multiply
                0x000000000800f248      0x154 D:/GP/IMP_Files/STM32CubeIDE_1.4.0/STM32CubeIDE/plugins/com.st.stm32cube.ide.mcu.externaltools.gnu-tools-for-stm32.11.3.rel1.win32_1.1.100.202309141235/tools/bin/../lib/gcc/arm-none-eabi/11.3.1/../../../../arm-none-eabi/lib/thumb/v7e-m+fp/hard\libc_nano.a(libc_a-mprec.o)
                0x000000000800f248                __multiply
 .text.__pow5mult
                0x000000000800f39c       0xb4 D:/GP/IMP_Files/STM32CubeIDE_1.4.0/STM32CubeIDE/plugins/com.st.stm32cube.ide.mcu.externaltools.gnu-tools-for-stm32.11.3.rel1.win32_1.1.100.202309141235/tools/bin/../lib/gcc/arm-none-eabi/11.3.1/../../../../arm-none-eabi/lib/thumb/v7e-m+fp/hard\libc_nano.a(libc_a-mprec.o)
                0x000000000800f39c                __pow5mult
 .text.__lshift
                0x000000000800f450       0xd8 D:/GP/IMP_Files/STM32CubeIDE_1.4.0/STM32CubeIDE/plugins/com.st.stm32cube.ide.mcu.externaltools.gnu-tools-for-stm32.11.3.rel1.win32_1.1.100.202309141235/tools/bin/../lib/gcc/arm-none-eabi/11.3.1/../../../../arm-none-eabi/lib/thumb/v7e-m+fp/hard\libc_nano.a(libc_a-mprec.o)
                0x000000000800f450                __lshift
 .text.__mcmp   0x000000000800f528       0x38 D:/GP/IMP_Files/STM32CubeIDE_1.4.0/STM32CubeIDE/plugins/com.st.stm32cube.ide.mcu.externaltools.gnu-tools-for-stm32.11.3.rel1.win32_1.1.100.202309141235/tools/bin/../lib/gcc/arm-none-eabi/11.3.1/../../../../arm-none-eabi/lib/thumb/v7e-m+fp/hard\libc_nano.a(libc_a-mprec.o)
                0x000000000800f528                __mcmp
 .text.__mdiff  0x000000000800f560      0x114 D:/GP/IMP_Files/STM32CubeIDE_1.4.0/STM32CubeIDE/plugins/com.st.stm32cube.ide.mcu.externaltools.gnu-tools-for-stm32.11.3.rel1.win32_1.1.100.202309141235/tools/bin/../lib/gcc/arm-none-eabi/11.3.1/../../../../arm-none-eabi/lib/thumb/v7e-m+fp/hard\libc_nano.a(libc_a-mprec.o)
                0x000000000800f560                __mdiff
 .text.__d2b    0x000000000800f674       0xb4 D:/GP/IMP_Files/STM32CubeIDE_1.4.0/STM32CubeIDE/plugins/com.st.stm32cube.ide.mcu.externaltools.gnu-tools-for-stm32.11.3.rel1.win32_1.1.100.202309141235/tools/bin/../lib/gcc/arm-none-eabi/11.3.1/../../../../arm-none-eabi/lib/thumb/v7e-m+fp/hard\libc_nano.a(libc_a-mprec.o)
                0x000000000800f674                __d2b
 .text.__ascii_wctomb
                0x000000000800f728       0x1a D:/GP/IMP_Files/STM32CubeIDE_1.4.0/STM32CubeIDE/plugins/com.st.stm32cube.ide.mcu.externaltools.gnu-tools-for-stm32.11.3.rel1.win32_1.1.100.202309141235/tools/bin/../lib/gcc/arm-none-eabi/11.3.1/../../../../arm-none-eabi/lib/thumb/v7e-m+fp/hard\libc_nano.a(libc_a-wctomb_r.o)
                0x000000000800f728                __ascii_wctomb
 .text.__ssputs_r
                0x000000000800f742       0xb4 D:/GP/IMP_Files/STM32CubeIDE_1.4.0/STM32CubeIDE/plugins/com.st.stm32cube.ide.mcu.externaltools.gnu-tools-for-stm32.11.3.rel1.win32_1.1.100.202309141235/tools/bin/../lib/gcc/arm-none-eabi/11.3.1/../../../../arm-none-eabi/lib/thumb/v7e-m+fp/hard\libc_nano.a(libc_a-nano-svfprintf.o)
                0x000000000800f742                __ssputs_r
 *fill*         0x000000000800f7f6        0x2 
 .text._svfprintf_r
                0x000000000800f7f8      0x1fc D:/GP/IMP_Files/STM32CubeIDE_1.4.0/STM32CubeIDE/plugins/com.st.stm32cube.ide.mcu.externaltools.gnu-tools-for-stm32.11.3.rel1.win32_1.1.100.202309141235/tools/bin/../lib/gcc/arm-none-eabi/11.3.1/../../../../arm-none-eabi/lib/thumb/v7e-m+fp/hard\libc_nano.a(libc_a-nano-svfprintf.o)
                0x000000000800f7f8                _svfiprintf_r
                0x000000000800f7f8                _svfprintf_r
 .text.__sflush_r
                0x000000000800f9f4      0x10c D:/GP/IMP_Files/STM32CubeIDE_1.4.0/STM32CubeIDE/plugins/com.st.stm32cube.ide.mcu.externaltools.gnu-tools-for-stm32.11.3.rel1.win32_1.1.100.202309141235/tools/bin/../lib/gcc/arm-none-eabi/11.3.1/../../../../arm-none-eabi/lib/thumb/v7e-m+fp/hard\libc_nano.a(libc_a-fflush.o)
                0x000000000800f9f4                __sflush_r
 .text._fflush_r
                0x000000000800fb00       0x50 D:/GP/IMP_Files/STM32CubeIDE_1.4.0/STM32CubeIDE/plugins/com.st.stm32cube.ide.mcu.externaltools.gnu-tools-for-stm32.11.3.rel1.win32_1.1.100.202309141235/tools/bin/../lib/gcc/arm-none-eabi/11.3.1/../../../../arm-none-eabi/lib/thumb/v7e-m+fp/hard\libc_nano.a(libc_a-fflush.o)
                0x000000000800fb00                _fflush_r
 .text.memmove  0x000000000800fb50       0x34 D:/GP/IMP_Files/STM32CubeIDE_1.4.0/STM32CubeIDE/plugins/com.st.stm32cube.ide.mcu.externaltools.gnu-tools-for-stm32.11.3.rel1.win32_1.1.100.202309141235/tools/bin/../lib/gcc/arm-none-eabi/11.3.1/../../../../arm-none-eabi/lib/thumb/v7e-m+fp/hard\libc_nano.a(libc_a-memmove.o)
                0x000000000800fb50                memmove
 .text._sbrk_r  0x000000000800fb84       0x20 D:/GP/IMP_Files/STM32CubeIDE_1.4.0/STM32CubeIDE/plugins/com.st.stm32cube.ide.mcu.externaltools.gnu-tools-for-stm32.11.3.rel1.win32_1.1.100.202309141235/tools/bin/../lib/gcc/arm-none-eabi/11.3.1/../../../../arm-none-eabi/lib/thumb/v7e-m+fp/hard\libc_nano.a(libc_a-sbrkr.o)
                0x000000000800fb84                _sbrk_r
 .text.__assert_func
                0x000000000800fba4       0x3c D:/GP/IMP_Files/STM32CubeIDE_1.4.0/STM32CubeIDE/plugins/com.st.stm32cube.ide.mcu.externaltools.gnu-tools-for-stm32.11.3.rel1.win32_1.1.100.202309141235/tools/bin/../lib/gcc/arm-none-eabi/11.3.1/../../../../arm-none-eabi/lib/thumb/v7e-m+fp/hard\libc_nano.a(libc_a-assert.o)
                0x000000000800fba4                __assert_func
 .text._calloc_r
                0x000000000800fbe0       0x2c D:/GP/IMP_Files/STM32CubeIDE_1.4.0/STM32CubeIDE/plugins/com.st.stm32cube.ide.mcu.externaltools.gnu-tools-for-stm32.11.3.rel1.win32_1.1.100.202309141235/tools/bin/../lib/gcc/arm-none-eabi/11.3.1/../../../../arm-none-eabi/lib/thumb/v7e-m+fp/hard\libc_nano.a(libc_a-callocr.o)
                0x000000000800fbe0                _calloc_r
 .text._realloc_r
                0x000000000800fc0c       0x5e D:/GP/IMP_Files/STM32CubeIDE_1.4.0/STM32CubeIDE/plugins/com.st.stm32cube.ide.mcu.externaltools.gnu-tools-for-stm32.11.3.rel1.win32_1.1.100.202309141235/tools/bin/../lib/gcc/arm-none-eabi/11.3.1/../../../../arm-none-eabi/lib/thumb/v7e-m+fp/hard\libc_nano.a(libc_a-reallocr.o)
                0x000000000800fc0c                _realloc_r
 *fill*         0x000000000800fc6a        0x2 
 .text.fprintf  0x000000000800fc6c       0x24 D:/GP/IMP_Files/STM32CubeIDE_1.4.0/STM32CubeIDE/plugins/com.st.stm32cube.ide.mcu.externaltools.gnu-tools-for-stm32.11.3.rel1.win32_1.1.100.202309141235/tools/bin/../lib/gcc/arm-none-eabi/11.3.1/../../../../arm-none-eabi/lib/thumb/v7e-m+fp/hard\libc_nano.a(libc_a-fprintf.o)
                0x000000000800fc6c                fiprintf
                0x000000000800fc6c                fprintf
 .text.abort    0x000000000800fc90        0xe D:/GP/IMP_Files/STM32CubeIDE_1.4.0/STM32CubeIDE/plugins/com.st.stm32cube.ide.mcu.externaltools.gnu-tools-for-stm32.11.3.rel1.win32_1.1.100.202309141235/tools/bin/../lib/gcc/arm-none-eabi/11.3.1/../../../../arm-none-eabi/lib/thumb/v7e-m+fp/hard\libc_nano.a(libc_a-abort.o)
                0x000000000800fc90                abort
 .text._malloc_usable_size_r
                0x000000000800fc9e       0x10 D:/GP/IMP_Files/STM32CubeIDE_1.4.0/STM32CubeIDE/plugins/com.st.stm32cube.ide.mcu.externaltools.gnu-tools-for-stm32.11.3.rel1.win32_1.1.100.202309141235/tools/bin/../lib/gcc/arm-none-eabi/11.3.1/../../../../arm-none-eabi/lib/thumb/v7e-m+fp/hard\libc_nano.a(libc_a-msizer.o)
                0x000000000800fc9e                _malloc_usable_size_r
 .text.__sfputc_r
                0x000000000800fcae       0x2e D:/GP/IMP_Files/STM32CubeIDE_1.4.0/STM32CubeIDE/plugins/com.st.stm32cube.ide.mcu.externaltools.gnu-tools-for-stm32.11.3.rel1.win32_1.1.100.202309141235/tools/bin/../lib/gcc/arm-none-eabi/11.3.1/../../../../arm-none-eabi/lib/thumb/v7e-m+fp/hard\libc_nano.a(libc_a-nano-vfprintf.o)
 .text.__sfputs_r
                0x000000000800fcdc       0x24 D:/GP/IMP_Files/STM32CubeIDE_1.4.0/STM32CubeIDE/plugins/com.st.stm32cube.ide.mcu.externaltools.gnu-tools-for-stm32.11.3.rel1.win32_1.1.100.202309141235/tools/bin/../lib/gcc/arm-none-eabi/11.3.1/../../../../arm-none-eabi/lib/thumb/v7e-m+fp/hard\libc_nano.a(libc_a-nano-vfprintf.o)
                0x000000000800fcdc                __sfputs_r
 .text._vfprintf_r
                0x000000000800fd00      0x234 D:/GP/IMP_Files/STM32CubeIDE_1.4.0/STM32CubeIDE/plugins/com.st.stm32cube.ide.mcu.externaltools.gnu-tools-for-stm32.11.3.rel1.win32_1.1.100.202309141235/tools/bin/../lib/gcc/arm-none-eabi/11.3.1/../../../../arm-none-eabi/lib/thumb/v7e-m+fp/hard\libc_nano.a(libc_a-nano-vfprintf.o)
                0x000000000800fd00                _vfprintf_r
                0x000000000800fd00                _vfiprintf_r
 .text.__swbuf_r
                0x000000000800ff34       0x7a D:/GP/IMP_Files/STM32CubeIDE_1.4.0/STM32CubeIDE/plugins/com.st.stm32cube.ide.mcu.externaltools.gnu-tools-for-stm32.11.3.rel1.win32_1.1.100.202309141235/tools/bin/../lib/gcc/arm-none-eabi/11.3.1/../../../../arm-none-eabi/lib/thumb/v7e-m+fp/hard\libc_nano.a(libc_a-wbuf.o)
                0x000000000800ff34                __swbuf_r
 *fill*         0x000000000800ffae        0x2 
 .text.__swsetup_r
                0x000000000800ffb0       0xb0 D:/GP/IMP_Files/STM32CubeIDE_1.4.0/STM32CubeIDE/plugins/com.st.stm32cube.ide.mcu.externaltools.gnu-tools-for-stm32.11.3.rel1.win32_1.1.100.202309141235/tools/bin/../lib/gcc/arm-none-eabi/11.3.1/../../../../arm-none-eabi/lib/thumb/v7e-m+fp/hard\libc_nano.a(libc_a-wsetup.o)
                0x000000000800ffb0                __swsetup_r
 .text._raise_r