../Core/Src/main.c:98:5:main	8	static
../Core/Src/main.c:190:6:SystemClock_Config	88	static
../Core/Src/main.c:238:13:MX_I2C1_Init	8	static
../Core/Src/main.c:272:13:MX_I2C2_Init	8	static
../Core/Src/main.c:306:13:MX_I2C3_Init	8	static
../Core/Src/main.c:340:13:MX_TIM2_Init	32	static
../Core/Src/main.c:393:13:MX_TIM3_Init	48	static
../Core/Src/main.c:454:13:MX_TIM6_Init	16	static
../Core/Src/main.c:492:13:MX_TIM12_Init	40	static
../Core/Src/main.c:534:13:MX_UART5_Init	8	static
../Core/Src/main.c:567:13:MX_USART1_UART_Init	8	static
../Core/Src/main.c:600:13:MX_USART3_UART_Init	8	static
../Core/Src/main.c:633:13:MX_GPIO_Init	48	static
../Core/Src/main.c:673:6:HAL_TIM_IC_CaptureCallback	16	static
../Core/Src/main.c:689:6:StartDefaultTask	16	static
../Core/Src/main.c:708:6:HAL_TIM_PeriodElapsedCallback	16	static
../Core/Src/main.c:725:6:Error_Handler	4	static,ignoring_inline_asm
