../Core/Src/main.c:97:5:main	64	static,ignoring_inline_asm
../Core/Src/main.c:212:6:SystemClock_Config	88	static
../Core/Src/main.c:260:13:MX_I2C1_Init	8	static
../Core/Src/main.c:294:13:MX_I2C3_Init	8	static
../Core/Src/main.c:328:13:MX_TIM2_Init	32	static
../Core/Src/main.c:381:13:MX_TIM3_Init	48	static
../Core/Src/main.c:442:13:MX_TIM6_Init	16	static
../Core/Src/main.c:480:13:MX_TIM12_Init	40	static
../Core/Src/main.c:522:13:MX_UART5_Init	8	static
../Core/Src/main.c:555:13:MX_USART1_UART_Init	8	static
../Core/Src/main.c:588:13:MX_USART3_UART_Init	8	static
../Core/Src/main.c:621:13:MX_USART6_UART_Init	8	static
../Core/Src/main.c:654:13:MX_GPIO_Init	48	static
../Core/Src/main.c:715:6:HAL_TIM_PeriodElapsedCallback	16	static
../Core/Src/main.c:732:6:Error_Handler	4	static,ignoring_inline_asm
