../Core/Src/stm32f4xx_it.c:92:6:NMI_Handler	4	static
../Core/Src/stm32f4xx_it.c:107:6:HardFault_Handler	4	static
../Core/Src/stm32f4xx_it.c:122:6:MemManage_Handler	4	static
../Core/Src/stm32f4xx_it.c:137:6:BusFault_Handler	4	static
../Core/Src/stm32f4xx_it.c:152:6:UsageFault_Handler	4	static
../Core/Src/stm32f4xx_it.c:174:6:TIM2_IRQHandler	16	static
../Core/Src/stm32f4xx_it.c:207:6:USART1_IRQHandler	8	static
../Core/Src/stm32f4xx_it.c:221:6:USART3_IRQHandler	8	static
../Core/Src/stm32f4xx_it.c:235:6:UART5_IRQHandler	8	static
../Core/Src/stm32f4xx_it.c:249:6:TIM7_IRQHandler	8	static
