../Core/Src/stm32f4xx_it.c:94:6:NMI_Handler	4	static
../Core/Src/stm32f4xx_it.c:109:6:HardFault_Handler	4	static
../Core/Src/stm32f4xx_it.c:124:6:MemManage_Handler	4	static
../Core/Src/stm32f4xx_it.c:139:6:BusFault_Handler	4	static
../Core/Src/stm32f4xx_it.c:154:6:UsageFault_Handler	4	static
../Core/Src/stm32f4xx_it.c:176:6:TIM2_IRQHandler	16	static
../Core/Src/stm32f4xx_it.c:215:6:USART1_IRQHandler	8	static
../Core/Src/stm32f4xx_it.c:229:6:USART3_IRQHandler	8	static
../Core/Src/stm32f4xx_it.c:243:6:UART4_IRQHandler	8	static
../Core/Src/stm32f4xx_it.c:257:6:UART5_IRQHandler	8	static
../Core/Src/stm32f4xx_it.c:271:6:TIM7_IRQHandler	8	static
../Core/Src/stm32f4xx_it.c:285:6:USART6_IRQHandler	8	static
