../Core/Src/LightSensor.c:27:6:LightSensor_voidInit	8	static
../Core/Src/LightSensor.c:46:6:LightSensor_uint8ReadIntensity	48	static
../Core/Src/LightSensor.c:106:6:LightSensor_voidCallBackFunction	24	static
../Core/Src/LightSensor.c:146:6:LightSensor_voidSetInterruptTest	8	static
../Core/Src/LightSensor.c:152:6:LightSensor_voidClearInterrupt	8	static
../Core/Src/LightSensor.c:158:13:TSL2561_GetChannelsReadings	24	static
../Core/Src/LightSensor.c:177:13:TSL2561_Reset	8	static
../Core/Src/LightSensor.c:190:13:TSL2561_WriteByte	32	static
../Core/Src/LightSensor.c:195:13:TSL2561_ReadByte	32	static
