../Core/Src/main.c:141:5:main	56	static,ignoring_inline_asm
../Core/Src/main.c:268:6:SystemClock_Config	88	static
../Core/Src/main.c:310:13:MX_I2C1_Init	8	static
../Core/Src/main.c:344:13:MX_I2C2_Init	8	static
../Core/Src/main.c:378:13:MX_TIM2_Init	32	static
../Core/Src/main.c:430:13:MX_TIM3_Init	48	static
../Core/Src/main.c:491:13:MX_TIM6_Init	16	static
../Core/Src/main.c:529:13:MX_TIM10_Init	8	static
../Core/Src/main.c:560:13:MX_TIM12_Init	40	static
../Core/Src/main.c:602:13:MX_UART4_Init	8	static
../Core/Src/main.c:635:13:MX_USART1_UART_Init	8	static
../Core/Src/main.c:668:13:MX_USART3_UART_Init	8	static
../Core/Src/main.c:701:13:MX_USART6_UART_Init	8	static
../Core/Src/main.c:734:13:MX_GPIO_Init	48	static
../Core/Src/main.c:801:6:HAL_TIM_PeriodElapsedCallback	16	static
../Core/Src/main.c:818:6:Error_Handler	4	static,ignoring_inline_asm
