../Core/Src/main.c:101:5:main	72	static,ignoring_inline_asm
../Core/Src/main.c:233:6:SystemClock_Config	88	static
../Core/Src/main.c:281:13:MX_I2C1_Init	8	static
../Core/Src/main.c:315:13:MX_I2C2_Init	8	static
../Core/Src/main.c:349:13:MX_I2C3_Init	8	static
../Core/Src/main.c:383:13:MX_TIM2_Init	48	static
../Core/Src/main.c:436:13:MX_TIM3_Init	48	static
../Core/Src/main.c:497:13:MX_TIM6_Init	16	static
../Core/Src/main.c:535:13:MX_TIM12_Init	40	static
../Core/Src/main.c:577:13:MX_UART5_Init	8	static
../Core/Src/main.c:610:13:MX_USART1_UART_Init	8	static
../Core/Src/main.c:643:13:MX_USART3_UART_Init	8	static
../Core/Src/main.c:676:13:MX_USART6_UART_Init	8	static
../Core/Src/main.c:709:13:MX_GPIO_Init	48	static
../Core/Src/main.c:762:6:HAL_TIM_PeriodElapsedCallback	16	static
../Core/Src/main.c:779:6:Error_Handler	4	static,ignoring_inline_asm
