../Core/Src/stm32f4xx_it.c:90:6:NMI_Handler	4	static
../Core/Src/stm32f4xx_it.c:105:6:HardFault_Handler	4	static
../Core/Src/stm32f4xx_it.c:120:6:MemManage_Handler	4	static
../Core/Src/stm32f4xx_it.c:135:6:BusFault_Handler	4	static
../Core/Src/stm32f4xx_it.c:150:6:UsageFault_Handler	4	static
../Core/Src/stm32f4xx_it.c:172:6:USART1_IRQHandler	8	static
../Core/Src/stm32f4xx_it.c:186:6:USART3_IRQHandler	8	static
../Core/Src/stm32f4xx_it.c:200:6:UART4_IRQHandler	8	static
../Core/Src/stm32f4xx_it.c:214:6:TIM7_IRQHandler	8	static
