UartRingbuffer.c:42:6:Ringbuf_init	4	static
UartRingbuffer.c:55:6:store_char	24	static
UartRingbuffer.c:82:12:check_for	32	static
UartRingbuffer.c:117:5:Uart_read	16	static
UartRingbuffer.c:134:6:Uart_write	24	static
UartRingbuffer.c:150:5:IsDataAvailable	4	static
UartRingbuffer.c:157:6:Uart_sendstring	16	static
UartRingbuffer.c:162:6:GetDataFromBuffer	56	static
UartRingbuffer.c:219:6:Uart_flush	8	static
UartRingbuffer.c:226:5:Uart_peek	4	static
UartRingbuffer.c:244:5:Copy_upto	32	static
UartRingbuffer.c:282:5:Get_after	32	static
UartRingbuffer.c:298:5:Wait_for	24	static
UartRingbuffer.c:343:6:Uart_isr	32	static
