Archive member included to satisfy reference by file (symbol)

D:/GP/IMP_Files/STM32CubeIDE_1.4.0/STM32CubeIDE/plugins/com.st.stm32cube.ide.mcu.externaltools.gnu-tools-for-stm32.11.3.rel1.win32_1.1.100.202309141235/tools/bin/../lib/gcc/arm-none-eabi/11.3.1/../../../../arm-none-eabi/lib/thumb/v7e-m+fp/hard\libc_nano.a(libc_a-atoi.o)
                              ./Core/Src/NMEA.o (atoi)
D:/GP/IMP_Files/STM32CubeIDE_1.4.0/STM32CubeIDE/plugins/com.st.stm32cube.ide.mcu.externaltools.gnu-tools-for-stm32.11.3.rel1.win32_1.1.100.202309141235/tools/bin/../lib/gcc/arm-none-eabi/11.3.1/../../../../arm-none-eabi/lib/thumb/v7e-m+fp/hard\libc_nano.a(libc_a-exit.o)
                              D:/GP/IMP_Files/STM32CubeIDE_1.4.0/STM32CubeIDE/plugins/com.st.stm32cube.ide.mcu.externaltools.gnu-tools-for-stm32.11.3.rel1.win32_1.1.100.202309141235/tools/bin/../lib/gcc/arm-none-eabi/11.3.1/../../../../arm-none-eabi/lib/thumb/v7e-m+fp/hard/crt0.o (exit)
D:/GP/IMP_Files/STM32CubeIDE_1.4.0/STM32CubeIDE/plugins/com.st.stm32cube.ide.mcu.externaltools.gnu-tools-for-stm32.11.3.rel1.win32_1.1.100.202309141235/tools/bin/../lib/gcc/arm-none-eabi/11.3.1/../../../../arm-none-eabi/lib/thumb/v7e-m+fp/hard\libc_nano.a(libc_a-strtod.o)
                              ./Core/Src/NMEA.o (strtof)
D:/GP/IMP_Files/STM32CubeIDE_1.4.0/STM32CubeIDE/plugins/com.st.stm32cube.ide.mcu.externaltools.gnu-tools-for-stm32.11.3.rel1.win32_1.1.100.202309141235/tools/bin/../lib/gcc/arm-none-eabi/11.3.1/../../../../arm-none-eabi/lib/thumb/v7e-m+fp/hard\libc_nano.a(libc_a-strtol.o)
                              D:/GP/IMP_Files/STM32CubeIDE_1.4.0/STM32CubeIDE/plugins/com.st.stm32cube.ide.mcu.externaltools.gnu-tools-for-stm32.11.3.rel1.win32_1.1.100.202309141235/tools/bin/../lib/gcc/arm-none-eabi/11.3.1/../../../../arm-none-eabi/lib/thumb/v7e-m+fp/hard\libc_nano.a(libc_a-atoi.o) (_strtol_r)
D:/GP/IMP_Files/STM32CubeIDE_1.4.0/STM32CubeIDE/plugins/com.st.stm32cube.ide.mcu.externaltools.gnu-tools-for-stm32.11.3.rel1.win32_1.1.100.202309141235/tools/bin/../lib/gcc/arm-none-eabi/11.3.1/../../../../arm-none-eabi/lib/thumb/v7e-m+fp/hard\libc_nano.a(libc_a-ctype_.o)
                              D:/GP/IMP_Files/STM32CubeIDE_1.4.0/STM32CubeIDE/plugins/com.st.stm32cube.ide.mcu.externaltools.gnu-tools-for-stm32.11.3.rel1.win32_1.1.100.202309141235/tools/bin/../lib/gcc/arm-none-eabi/11.3.1/../../../../arm-none-eabi/lib/thumb/v7e-m+fp/hard\libc_nano.a(libc_a-strtol.o) (_ctype_)
D:/GP/IMP_Files/STM32CubeIDE_1.4.0/STM32CubeIDE/plugins/com.st.stm32cube.ide.mcu.externaltools.gnu-tools-for-stm32.11.3.rel1.win32_1.1.100.202309141235/tools/bin/../lib/gcc/arm-none-eabi/11.3.1/../../../../arm-none-eabi/lib/thumb/v7e-m+fp/hard\libc_nano.a(libc_a-nano-vfprintf_float.o)
                              (_printf_float)
D:/GP/IMP_Files/STM32CubeIDE_1.4.0/STM32CubeIDE/plugins/com.st.stm32cube.ide.mcu.externaltools.gnu-tools-for-stm32.11.3.rel1.win32_1.1.100.202309141235/tools/bin/../lib/gcc/arm-none-eabi/11.3.1/../../../../arm-none-eabi/lib/thumb/v7e-m+fp/hard\libc_nano.a(libc_a-nano-vfprintf_i.o)
                              D:/GP/IMP_Files/STM32CubeIDE_1.4.0/STM32CubeIDE/plugins/com.st.stm32cube.ide.mcu.externaltools.gnu-tools-for-stm32.11.3.rel1.win32_1.1.100.202309141235/tools/bin/../lib/gcc/arm-none-eabi/11.3.1/../../../../arm-none-eabi/lib/thumb/v7e-m+fp/hard\libc_nano.a(libc_a-nano-vfprintf_float.o) (_printf_common)
D:/GP/IMP_Files/STM32CubeIDE_1.4.0/STM32CubeIDE/plugins/com.st.stm32cube.ide.mcu.externaltools.gnu-tools-for-stm32.11.3.rel1.win32_1.1.100.202309141235/tools/bin/../lib/gcc/arm-none-eabi/11.3.1/../../../../arm-none-eabi/lib/thumb/v7e-m+fp/hard\libc_nano.a(libc_a-findfp.o)
                              D:/GP/IMP_Files/STM32CubeIDE_1.4.0/STM32CubeIDE/plugins/com.st.stm32cube.ide.mcu.externaltools.gnu-tools-for-stm32.11.3.rel1.win32_1.1.100.202309141235/tools/bin/../lib/gcc/arm-none-eabi/11.3.1/../../../../arm-none-eabi/lib/thumb/v7e-m+fp/hard\libc_nano.a(libc_a-exit.o) (__stdio_exit_handler)
D:/GP/IMP_Files/STM32CubeIDE_1.4.0/STM32CubeIDE/plugins/com.st.stm32cube.ide.mcu.externaltools.gnu-tools-for-stm32.11.3.rel1.win32_1.1.100.202309141235/tools/bin/../lib/gcc/arm-none-eabi/11.3.1/../../../../arm-none-eabi/lib/thumb/v7e-m+fp/hard\libc_nano.a(libc_a-fwalk.o)
                              D:/GP/IMP_Files/STM32CubeIDE_1.4.0/STM32CubeIDE/plugins/com.st.stm32cube.ide.mcu.externaltools.gnu-tools-for-stm32.11.3.rel1.win32_1.1.100.202309141235/tools/bin/../lib/gcc/arm-none-eabi/11.3.1/../../../../arm-none-eabi/lib/thumb/v7e-m+fp/hard\libc_nano.a(libc_a-findfp.o) (_fwalk_sglue)
D:/GP/IMP_Files/STM32CubeIDE_1.4.0/STM32CubeIDE/plugins/com.st.stm32cube.ide.mcu.externaltools.gnu-tools-for-stm32.11.3.rel1.win32_1.1.100.202309141235/tools/bin/../lib/gcc/arm-none-eabi/11.3.1/../../../../arm-none-eabi/lib/thumb/v7e-m+fp/hard\libc_nano.a(libc_a-snprintf.o)
                              ./Core/Src/Build_msg.o (snprintf)
[...]
Memory Configuration

Name             Origin             Length             Attributes
RAM              0x0000000020000000 0x0000000000020000 xrw
FLASH            0x0000000008000000 0x0000000000080000 xr
*default*        0x0000000000000000 0xffffffffffffffff

Linker script and memory map

LOAD D:/GP/IMP_Files/STM32CubeIDE_1.4.0/STM32CubeIDE/plugins/com.st.stm32cube.ide.mcu.externaltools.gnu-tools-for-stm32.11.3.rel1.win32_1.1.100.202309141235/tools/bin/../lib/gcc/arm-none-eabi/11.3.1/thumb/v7e-m+fp/hard/crti.o
LOAD D:/GP/IMP_Files/STM32CubeIDE_1.4.0/STM32CubeIDE/plugins/com.st.stm32cube.ide.mcu.externaltools.gnu-tools-for-stm32.11.3.rel1.win32_1.1.100.202309141235/tools/bin/../lib/gcc/arm-none-eabi/11.3.1/thumb/v7e-m+fp/hard/crtbegin.o
LOAD D:/GP/IMP_Files/STM32CubeIDE_1.4.0/STM32CubeIDE/plugins/com.st.stm32cube.ide.mcu.externaltools.gnu-tools-for-stm32.11.3.rel1.win32_1.1.100.202309141235/tools/bin/../lib/gcc/arm-none-eabi/11.3.1/../../../../arm-none-eabi/lib/thumb/v7e-m+fp/hard/crt0.o
LOAD ./Core/Src/Build_msg.o
LOAD ./Core/Src/Buzzer.o
LOAD ./Core/Src/Call_Back_functions.o
LOAD ./Core/Src/Car_Control.o
LOAD ./Core/Src/GPS.o
LOAD ./Core/Src/Help_Functions.o
LOAD ./Core/Src/LCD_I2C.o
LOAD ./Core/Src/NMEA.o
LOAD ./Core/Src/Tasks.o
LOAD ./Core/Src/UartRingbuffer.o
LOAD ./Core/Src/bluetooth.o
LOAD ./Core/Src/calculateSpeed.o
LOAD ./Core/Src/main.o
LOAD ./Core/Src/stm32f4xx_hal_msp.o
LOAD ./Core/Src/stm32f4xx_hal_timebase_tim.o
LOAD ./Core/Src/stm32f4xx_it.o
LOAD ./Core/Src/syscalls.o
LOAD ./Core/Src/system_stm32f4xx.o
LOAD ./Core/Startup/startup_stm32f446retx.o
LOAD ./Drivers/STM32F4xx_HAL_Driver/Src/stm32f4xx_hal.o
LOAD ./Drivers/STM32F4xx_HAL_Driver/Src/stm32f4xx_hal_cortex.o
LOAD ./Drivers/STM32F4xx_HAL_Driver/Src/stm32f4xx_hal_dma.o
LOAD ./Drivers/STM32F4xx_HAL_Driver/Src/stm32f4xx_hal_dma_ex.o
LOAD ./Drivers/STM32F4xx_HAL_Driver/Src/stm32f4xx_hal_exti.o
LOAD ./Drivers/STM32F4xx_HAL_Driver/Src/stm32f4xx_hal_flash.o
LOAD ./Drivers/STM32F4xx_HAL_Driver/Src/stm32f4xx_hal_flash_ex.o
LOAD ./Drivers/STM32F4xx_HAL_Driver/Src/stm32f4xx_hal_flash_ramfunc.o
LOAD ./Drivers/STM32F4xx_HAL_Driver/Src/stm32f4xx_hal_gpio.o
LOAD ./Drivers/STM32F4xx_HAL_Driver/Src/stm32f4xx_hal_i2c.o
LOAD ./Drivers/STM32F4xx_HAL_Driver/Src/stm32f4xx_hal_i2c_ex.o
LOAD ./Drivers/STM32F4xx_HAL_Driver/Src/stm32f4xx_hal_pwr.o
LOAD ./Drivers/STM32F4xx_HAL_Driver/Src/stm32f4xx_hal_pwr_ex.o
LOAD ./Drivers/STM32F4xx_HAL_Driver/Src/stm32f4xx_hal_rcc.o
LOAD ./Drivers/STM32F4xx_HAL_Driver/Src/stm32f4xx_hal_rcc_ex.o
LOAD ./Drivers/STM32F4xx_HAL_Driver/Src/stm32f4xx_hal_tim.o
LOAD ./Drivers/STM32F4xx_HAL_Driver/Src/stm32f4xx_hal_tim_ex.o
LOAD ./Drivers/STM32F4xx_HAL_Driver/Src/stm32f4xx_hal_uart.o
LOAD ./ThirdParty/FreeRTOS/croutine.o
LOAD ./ThirdParty/FreeRTOS/event_groups.o
LOAD ./ThirdParty/FreeRTOS/list.o
LOAD ./ThirdParty/FreeRTOS/queue.o
LOAD ./ThirdParty/FreeRTOS/stream_buffer.o
LOAD ./ThirdParty/FreeRTOS/tasks.o
LOAD ./ThirdParty/FreeRTOS/timers.o
LOAD ./ThirdParty/FreeRTOS/portable/GCC/ARM_CM4F/port.o
LOAD ./ThirdParty/FreeRTOS/portable/MemMang/heap_4.o
LOAD ./ThirdParty/SEGGER/Config/SEGGER_SYSVIEW_Config_FreeRTOS.o
LOAD ./ThirdParty/SEGGER/OS/SEGGER_SYSVIEW_FreeRTOS.o
LOAD ./ThirdParty/SEGGER/SEGGER/SEGGER_RTT.o
LOAD ./ThirdParty/SEGGER/SEGGER/SEGGER_RTT_ASM_ARMv7M.o
LOAD ./ThirdParty/SEGGER/SEGGER/SEGGER_RTT_printf.o
LOAD ./ThirdParty/SEGGER/SEGGER/SEGGER_SYSVIEW.o
LOAD ./ThirdParty/SEGGER/SEGGER/Syscalls/SEGGER_RTT_Syscalls_GCC.o
START GROUP
LOAD D:/GP/IMP_Files/STM32CubeIDE_1.4.0/STM32CubeIDE/plugins/com.st.stm32cube.ide.mcu.externaltools.gnu-tools-for-stm32.11.3.rel1.win32_1.1.100.202309141235/tools/bin/../lib/gcc/arm-none-eabi/11.3.1/../../../../arm-none-eabi/lib/thumb/v7e-m+fp/hard\libc_nano.a
LOAD D:/GP/IMP_Files/STM32CubeIDE_1.4.0/STM32CubeIDE/plugins/com.st.stm32cube.ide.mcu.externaltools.gnu-tools-for-stm32.11.3.rel1.win32_1.1.100.202309141235/tools/bin/../lib/gcc/arm-none-eabi/11.3.1/../../../../arm-none-eabi/lib/thumb/v7e-m+fp/hard\libm.a
END GROUP
START GROUP
LOAD D:/GP/IMP_Files/STM32CubeIDE_1.4.0/STM32CubeIDE/plugins/com.st.stm32cube.ide.mcu.externaltools.gnu-tools-for-stm32.11.3.rel1.win32_1.1.100.202309141235/tools/bin/../lib/gcc/arm-none-eabi/11.3.1/thumb/v7e-m+fp/hard\libgcc.a
LOAD D:/GP/IMP_Files/STM32CubeIDE_1.4.0/STM32CubeIDE/plugins/com.st.stm32cube.ide.mcu.externaltools.gnu-tools-for-stm32.11.3.rel1.win32_1.1.100.202309141235/tools/bin/../lib/gcc/arm-none-eabi/11.3.1/../../../../arm-none-eabi/lib/thumb/v7e-m+fp/hard\libc_nano.a
END GROUP
START GROUP
LOAD D:/GP/IMP_Files/STM32CubeIDE_1.4.0/STM32CubeIDE/plugins/com.st.stm32cube.ide.mcu.externaltools.gnu-tools-for-stm32.11.3.rel1.win32_1.1.100.202309141235/tools/bin/../lib/gcc/arm-none-eabi/11.3.1/thumb/v7e-m+fp/hard\libgcc.a
LOAD D:/GP/IMP_Files/STM32CubeIDE_1.4.0/STM32CubeIDE/plugins/com.st.stm32cube.ide.mcu.externaltools.gnu-tools-for-stm32.11.3.rel1.win32_1.1.100.202309141235/tools/bin/../lib/gcc/arm-none-eabi/11.3.1/../../../../arm-none-eabi/lib/thumb/v7e-m+fp/hard\libc_nano.a
LOAD D:/GP/IMP_Files/STM32CubeIDE_1.4.0/STM32CubeIDE/plugins/com.st.stm32cube.ide.mcu.externaltools.gnu-tools-for-stm32.11.3.rel1.win32_1.1.100.202309141235/tools/bin/../lib/gcc/arm-none-eabi/11.3.1/../../../../arm-none-eabi/lib/thumb/v7e-m+fp/hard\libnosys.a
END GROUP
START GROUP
LOAD D:/GP/IMP_Files/STM32CubeIDE_1.4.0/STM32CubeIDE/plugins/com.st.stm32cube.ide.mcu.externaltools.gnu-tools-for-stm32.11.3.rel1.win32_1.1.100.202309141235/tools/bin/../lib/gcc/arm-none-eabi/11.3.1/thumb/v7e-m+fp/hard\libgcc.a
LOAD D:/GP/IMP_Files/STM32CubeIDE_1.4.0/STM32CubeIDE/plugins/com.st.stm32cube.ide.mcu.externaltools.gnu-tools-for-stm32.11.3.rel1.win32_1.1.100.202309141235/tools/bin/../lib/gcc/arm-none-eabi/11.3.1/../../../../arm-none-eabi/lib/thumb/v7e-m+fp/hard\libc_nano.a
LOAD D:/GP/IMP_Files/STM32CubeIDE_1.4.0/STM32CubeIDE/plugins/com.st.stm32cube.ide.mcu.externaltools.gnu-tools-for-stm32.11.3.rel1.win32_1.1.100.202309141235/tools/bin/../lib/gcc/arm-none-eabi/11.3.1/../../../../arm-none-eabi/lib/thumb/v7e-m+fp/hard\libnosys.a
END GROUP
LOAD D:/GP/IMP_Files/STM32CubeIDE_1.4.0/STM32CubeIDE/plugins/com.st.stm32cube.ide.mcu.externaltools.gnu-tools-for-stm32.11.3.rel1.win32_1.1.100.202309141235/tools/bin/../lib/gcc/arm-none-eabi/11.3.1/thumb/v7e-m+fp/hard/crtend.o
LOAD D:/GP/IMP_Files/STM32CubeIDE_1.4.0/STM32CubeIDE/plugins/com.st.stm32cube.ide.mcu.externaltools.gnu-tools-for-stm32.11.3.rel1.win32_1.1.100.202309141235/tools/bin/../lib/gcc/arm-none-eabi/11.3.1/thumb/v7e-m+fp/hard/crtn.o
                0x0000000020020000                _estack = (ORIGIN (RAM) + LENGTH (RAM))
                0x0000000000000200                _Min_Heap_Size = 0x200
                0x0000000000000400                _Min_Stack_Size = 0x400

.isr_vector     0x0000000008000000      0x1c4
                0x0000000008000000                . = ALIGN (0x4)
 *(.isr_vector)
 .isr_vector    0x0000000008000000      0x1c4 ./Core/Startup/startup_stm32f446retx.o
                0x0000000008000000                g_pfnVectors
                0x00000000080001c4                . = ALIGN (0x4)

.text           0x00000000080001d0    0x10678
                0x00000000080001d0                . = ALIGN (0x4)
 *(.text)
 .text          0x00000000080001d0       0x40 D:/GP/IMP_Files/STM32CubeIDE_1.4.0/STM32CubeIDE/plugins/com.st.stm32cube.ide.mcu.externaltools.gnu-tools-for-stm32.11.3.rel1.win32_1.1.100.202309141235/tools/bin/../lib/gcc/arm-none-eabi/11.3.1/thumb/v7e-m+fp/hard/crtbegin.o
 .text          0x0000000008000210       0x94 ./ThirdParty/SEGGER/SEGGER/SEGGER_RTT_ASM_ARMv7M.o
                0x0000000008000210                SEGGER_RTT_ASM_WriteSkipNoLock
 *fill*         0x00000000080002a4        0xc 
 .text          0x00000000080002b0       0xa0 D:/GP/IMP_Files/STM32CubeIDE_1.4.0/STM32CubeIDE/plugins/com.st.stm32cube.ide.mcu.externaltools.gnu-tools-for-stm32.11.3.rel1.win32_1.1.100.202309141235/tools/bin/../lib/gcc/arm-none-eabi/11.3.1/../../../../arm-none-eabi/lib/thumb/v7e-m+fp/hard\libc_nano.a(libc_a-memchr.o)
                0x00000000080002b0                memchr
 .text          0x0000000008000350       0x10 D:/GP/IMP_Files/STM32CubeIDE_1.4.0/STM32CubeIDE/plugins/com.st.stm32cube.ide.mcu.externaltools.gnu-tools-for-stm32.11.3.rel1.win32_1.1.100.202309141235/tools/bin/../lib/gcc/arm-none-eabi/11.3.1/../../../../arm-none-eabi/lib/thumb/v7e-m+fp/hard\libc_nano.a(libc_a-strlen.o)
                0x0000000008000350                strlen
 .text          0x0000000008000360      0x378 D:/GP/IMP_Files/STM32CubeIDE_1.4.0/STM32CubeIDE/plugins/com.st.stm32cube.ide.mcu.externaltools.gnu-tools-for-stm32.11.3.rel1.win32_1.1.100.202309141235/tools/bin/../lib/gcc/arm-none-eabi/11.3.1/thumb/v7e-m+fp/hard\libgcc.a(_arm_addsubdf3.o)
                0x0000000008000360                __aeabi_drsub
                0x0000000008000368                __aeabi_dsub
                0x0000000008000368                __subdf3
                0x000000000800036c                __aeabi_dadd
                0x000000000800036c                __adddf3
                0x00000000080005e4                __floatunsidf
                0x00000000080005e4                __aeabi_ui2d
                0x0000000008000604                __floatsidf
                0x0000000008000604                __aeabi_i2d
                0x0000000008000628                __aeabi_f2d
                0x0000000008000628                __extendsfdf2
                0x000000000800066c                __floatundidf
                0x000000000800066c                __aeabi_ul2d
                0x000000000800067c                __floatdidf
                0x000000000800067c                __aeabi_l2d
 .text          0x00000000080006d8      0x424 D:/GP/IMP_Files/STM32CubeIDE_1.4.0/STM32CubeIDE/plugins/com.st.stm32cube.ide.mcu.externaltools.gnu-tools-for-stm32.11.3.rel1.win32_1.1.100.202309141235/tools/bin/../lib/gcc/arm-none-eabi/11.3.1/thumb/v7e-m+fp/hard\libgcc.a(_arm_muldivdf3.o)
                0x00000000080006d8                __aeabi_dmul
                0x00000000080006d8                __muldf3
                0x000000000800092c                __divdf3
                0x000000000800092c                __aeabi_ddiv
 .text          0x0000000008000afc      0x110 D:/GP/IMP_Files/STM32CubeIDE_1.4.0/STM32CubeIDE/plugins/com.st.stm32cube.ide.mcu.externaltools.gnu-tools-for-stm32.11.3.rel1.win32_1.1.100.202309141235/tools/bin/../lib/gcc/arm-none-eabi/11.3.1/thumb/v7e-m+fp/hard\libgcc.a(_arm_cmpdf2.o)
                0x0000000008000afc                __gtdf2
                0x0000000008000afc                __gedf2
                0x0000000008000b04                __ltdf2
                0x0000000008000b04                __ledf2
                0x0000000008000b0c                __nedf2
                0x0000000008000b0c                __eqdf2
                0x0000000008000b0c                __cmpdf2
                0x0000000008000b88                __aeabi_cdrcmple
                0x0000000008000b98                __aeabi_cdcmpeq
                0x0000000008000b98                __aeabi_cdcmple
                0x0000000008000ba8                __aeabi_dcmpeq
                0x0000000008000bbc                __aeabi_dcmplt
                0x0000000008000bd0                __aeabi_dcmple
                0x0000000008000be4                __aeabi_dcmpge
                0x0000000008000bf8                __aeabi_dcmpgt
 .text          0x0000000008000c0c       0x2c D:/GP/IMP_Files/STM32CubeIDE_1.4.0/STM32CubeIDE/plugins/com.st.stm32cube.ide.mcu.externaltools.gnu-tools-for-stm32.11.3.rel1.win32_1.1.100.202309141235/tools/bin/../lib/gcc/arm-none-eabi/11.3.1/thumb/v7e-m+fp/hard\libgcc.a(_arm_unorddf2.o)
                0x0000000008000c0c                __unorddf2
                0x0000000008000c0c                __aeabi_dcmpun
 .text          0x0000000008000c38       0x50 D:/GP/IMP_Files/STM32CubeIDE_1.4.0/STM32CubeIDE/plugins/com.st.stm32cube.ide.mcu.externaltools.gnu-tools-for-stm32.11.3.rel1.win32_1.1.100.202309141235/tools/bin/../lib/gcc/arm-none-eabi/11.3.1/thumb/v7e-m+fp/hard\libgcc.a(_arm_fixdfsi.o)
                0x0000000008000c38                __aeabi_d2iz
                0x0000000008000c38                __fixdfsi
 .text          0x0000000008000c88       0x40 D:/GP/IMP_Files/STM32CubeIDE_1.4.0/STM32CubeIDE/plugins/com.st.stm32cube.ide.mcu.externaltools.gnu-tools-for-stm32.11.3.rel1.win32_1.1.100.202309141235/tools/bin/../lib/gcc/arm-none-eabi/11.3.1/thumb/v7e-m+fp/hard\libgcc.a(_arm_fixunsdfsi.o)
                0x0000000008000c88                __aeabi_d2uiz
                0x0000000008000c88                __fixunsdfsi
 .text          0x0000000008000cc8       0xa0 D:/GP/IMP_Files/STM32CubeIDE_1.4.0/STM32CubeIDE/plugins/com.st.stm32cube.ide.mcu.externaltools.gnu-tools-for-stm32.11.3.rel1.win32_1.1.100.202309141235/tools/bin/../lib/gcc/arm-none-eabi/11.3.1/thumb/v7e-m+fp/hard\libgcc.a(_arm_truncdfsf2.o)
                0x0000000008000cc8                __truncdfsf2
                0x0000000008000cc8                __aeabi_d2f
 .text          0x0000000008000d68       0x30 D:/GP/IMP_Files/STM32CubeIDE_1.4.0/STM32CubeIDE/plugins/com.st.stm32cube.ide.mcu.externaltools.gnu-tools-for-stm32.11.3.rel1.win32_1.1.100.202309141235/tools/bin/../lib/gcc/arm-none-eabi/11.3.1/thumb/v7e-m+fp/hard\libgcc.a(_aeabi_uldivmod.o)
                0x0000000008000d68                __aeabi_uldivmod
 .text          0x0000000008000d98      0x2c8 D:/GP/IMP_Files/STM32CubeIDE_1.4.0/STM32CubeIDE/plugins/com.st.stm32cube.ide.mcu.externaltools.gnu-tools-for-stm32.11.3.rel1.win32_1.1.100.202309141235/tools/bin/../lib/gcc/arm-none-eabi/11.3.1/thumb/v7e-m+fp/hard\libgcc.a(_udivmoddi4.o)
                0x0000000008000d98                __udivmoddi4
 .text          0x0000000008001060        0x4 D:/GP/IMP_Files/STM32CubeIDE_1.4.0/STM32CubeIDE/plugins/com.st.stm32cube.ide.mcu.externaltools.gnu-tools-for-stm32.11.3.rel1.win32_1.1.100.202309141235/tools/bin/../lib/gcc/arm-none-eabi/11.3.1/thumb/v7e-m+fp/hard\libgcc.a(_dvmd_tls.o)
                0x0000000008001060                __aeabi_idiv0
                0x0000000008001060                __aeabi_ldiv0
 *(.text*)
 .text.GPSSPEED_voidBuildMsg
                0x0000000008001064      0x200 ./Core/Src/Build_msg.o
                0x0000000008001064                GPSSPEED_voidBuildMsg
 .text.Buzzer_voidHighSound
                0x0000000008001264       0x20 ./Core/Src/Buzzer.o
                0x0000000008001264                Buzzer_voidHighSound
 .text.Buzzer_voidStop
                0x0000000008001284       0x14 ./Core/Src/Buzzer.o
                0x0000000008001284                Buzzer_voidStop
 .text.HAL_TIM_IC_CaptureCallback
                0x0000000008001298       0x3c ./Core/Src/Call_Back_functions.o
                0x0000000008001298                HAL_TIM_IC_CaptureCallback
 .text.HAL_UART_RxCpltCallback
                0x00000000080012d4       0x88 ./Core/Src/Call_Back_functions.o
                0x00000000080012d4                HAL_UART_RxCpltCallback
 .text.vApplicationIdleHook
                0x000000000800135c       0x10 ./Core/Src/Call_Back_functions.o
                0x000000000800135c                vApplicationIdleHook
 .text.CallBack_TimerLightStop
                0x000000000800136c       0x34 ./Core/Src/Call_Back_functions.o
                0x000000000800136c                CallBack_TimerLightStop
 .text.Car_Move_Forward_High_Speed
                0x00000000080013a0       0x5c ./Core/Src/Car_Control.o
                0x00000000080013a0                Car_Move_Forward_High_Speed
 .text.Car_Move_Backward
                0x00000000080013fc       0x5c ./Core/Src/Car_Control.o
                0x00000000080013fc                Car_Move_Backward
 .text.Car_Rotate_Right
                0x0000000008001458       0x5c ./Core/Src/Car_Control.o
                0x0000000008001458                Car_Rotate_Right
 .text.Car_Rotate_Left
                0x00000000080014b4       0x5c ./Core/Src/Car_Control.o
                0x00000000080014b4                Car_Rotate_Left
 .text.Car_Rotate_RightForward
                0x0000000008001510       0x5c ./Core/Src/Car_Control.o
                0x0000000008001510                Car_Rotate_RightForward
 .text.Car_Rotate_LeftForward
                0x000000000800156c       0x5c ./Core/Src/Car_Control.o
                0x000000000800156c                Car_Rotate_LeftForward
 .text.Car_Stop
                0x00000000080015c8       0x30 ./Core/Src/Car_Control.o
                0x00000000080015c8                Car_Stop
 .text.Light_On
                0x00000000080015f8       0x18 ./Core/Src/Car_Control.o
                0x00000000080015f8                Light_On
 .text.Light_OFF
                0x0000000008001610       0x18 ./Core/Src/Car_Control.o
                0x0000000008001610                Light_OFF
 .text.Motors_Disabling
                0x0000000008001628       0x68 ./Core/Src/Car_Control.o
 .text.Motor1_Rotate_CW
                0x0000000008001690       0x24 ./Core/Src/Car_Control.o
                0x0000000008001690                Motor1_Rotate_CW
 .text.Motor1_Rotate_CCW
                0x00000000080016b4       0x24 ./Core/Src/Car_Control.o
                0x00000000080016b4                Motor1_Rotate_CCW
 .text.Motor2_Rotate_CW
                0x00000000080016d8       0x20 ./Core/Src/Car_Control.o
                0x00000000080016d8                Motor2_Rotate_CW
 .text.Motor2_Rotate_CCW
                0x00000000080016f8       0x20 ./Core/Src/Car_Control.o
                0x00000000080016f8                Motor2_Rotate_CCW
 .text.Motor3_Rotate_CW
                0x0000000008001718       0x24 ./Core/Src/Car_Control.o
                0x0000000008001718                Motor3_Rotate_CW
 .text.Motor3_Rotate_CCW
                0x000000000800173c       0x24 ./Core/Src/Car_Control.o
                0x000000000800173c                Motor3_Rotate_CCW
 .text.Motor4_Rotate_CW
                0x0000000008001760       0x24 ./Core/Src/Car_Control.o
                0x0000000008001760                Motor4_Rotate_CW
 .text.Motor4_Rotate_CCW
                0x0000000008001784       0x24 ./Core/Src/Car_Control.o
                0x0000000008001784                Motor4_Rotate_CCW
 .text.GPS_uint8DecodeGGAData
                0x00000000080017a8       0xa8 ./Core/Src/GPS.o
                0x00000000080017a8                GPS_uint8DecodeGGAData
 .text.LCD_HighLightIntensity_Warning
                0x0000000008001850       0x30 ./Core/Src/Help_Functions.o
                0x0000000008001850                LCD_HighLightIntensity_Warning
 .text.LCD_Print_WarningSign
                0x0000000008001880      0x12c ./Core/Src/Help_Functions.o
 .text.LCD_voidInit
                0x00000000080019ac       0x5c ./Core/Src/LCD_I2C.o
                0x00000000080019ac                LCD_voidInit
 .text.LCD_voidSendCommand
                0x0000000008001a08       0x60 ./Core/Src/LCD_I2C.o
                0x0000000008001a08                LCD_voidSendCommand
 .text.LCD_voidSendCharachter
                0x0000000008001a68       0x60 ./Core/Src/LCD_I2C.o
                0x0000000008001a68                LCD_voidSendCharachter
 .text.LCD_voidSendString
                0x0000000008001ac8       0x38 ./Core/Src/LCD_I2C.o
                0x0000000008001ac8                LCD_voidSendString
 .text.LCD_voidSetPositionXY
                0x0000000008001b00       0x8c ./Core/Src/LCD_I2C.o
                0x0000000008001b00                LCD_voidSetPositionXY
 .text.LCD_voidClearDisplay
                0x0000000008001b8c        0xe ./Core/Src/LCD_I2C.o
                0x0000000008001b8c                LCD_voidClearDisplay
 .text.LCD_voidDrawSpecialCharachter
                0x0000000008001b9a       0x68 ./Core/Src/LCD_I2C.o
                0x0000000008001b9a                LCD_voidDrawSpecialCharachter
 *fill*         0x0000000008001c02        0x6 
 .text.decodeGGA
                0x0000000008001c08      0x744 ./Core/Src/NMEA.o
                0x0000000008001c08                decodeGGA
 .text.TASK_GPS
                0x000000000800234c       0x58 ./Core/Src/Tasks.o
                0x000000000800234c                TASK_GPS
 .text.TASK_CarControl
                0x00000000080023a4      0x1a8 ./Core/Src/Tasks.o
                0x00000000080023a4                TASK_CarControl
 .text.TASK_ESPSend_PeriodicData
                0x000000000800254c       0x78 ./Core/Src/Tasks.o
                0x000000000800254c                TASK_ESPSend_PeriodicData
 .text.TASK_ESP_SendStatus
                0x00000000080025c4       0x60 ./Core/Src/Tasks.o
                0x00000000080025c4                TASK_ESP_SendStatus
 .text.TASK_ESP_Receive
                0x0000000008002624       0x64 ./Core/Src/Tasks.o
                0x0000000008002624                TASK_ESP_Receive
 .text.store_char
                0x0000000008002688       0x46 ./Core/Src/UartRingbuffer.o
                0x0000000008002688                store_char
 *fill*         0x00000000080026ce        0x2 
 .text.Uart_read
                0x00000000080026d0       0x58 ./Core/Src/UartRingbuffer.o
                0x00000000080026d0                Uart_read
 .text.IsDataAvailable
                0x0000000008002728       0x34 ./Core/Src/UartRingbuffer.o
                0x0000000008002728                IsDataAvailable
 .text.Uart_peek
                0x000000000800275c       0x3c ./Core/Src/UartRingbuffer.o
                0x000000000800275c                Uart_peek
 .text.Copy_upto
                0x0000000008002798      0x100 ./Core/Src/UartRingbuffer.o
                0x0000000008002798                Copy_upto
 .text.Wait_for
                0x0000000008002898      0x110 ./Core/Src/UartRingbuffer.o
                0x0000000008002898                Wait_for
 .text.Uart_isr
                0x00000000080029a8       0xbc ./Core/Src/UartRingbuffer.o
                0x00000000080029a8                Uart_isr
 .text.Calculate_Car_Speed
                0x0000000008002a64       0x54 ./Core/Src/calculateSpeed.o
                0x0000000008002a64                Calculate_Car_Speed
 .text.main     0x0000000008002ab8      0x218 ./Core/Src/main.o
                0x0000000008002ab8                main
 .text.SystemClock_Config
                0x0000000008002cd0       0xc0 ./Core/Src/main.o
                0x0000000008002cd0                SystemClock_Config
 .text.MX_I2C1_Init
                0x0000000008002d90       0x5c ./Core/Src/main.o
 .text.MX_I2C3_Init
                0x0000000008002dec       0x5c ./Core/Src/main.o
 .text.MX_TIM2_Init
                0x0000000008002e48       0xc0 ./Core/Src/main.o
 .text.MX_TIM3_Init
                0x0000000008002f08       0xf4 ./Core/Src/main.o
 .text.MX_TIM6_Init
                0x0000000008002ffc       0x6c ./Core/Src/main.o
 .text.MX_TIM12_Init
                0x0000000008003068       0x88 ./Core/Src/main.o
 .text.MX_UART4_Init
                0x00000000080030f0       0x54 ./Core/Src/main.o
 .text.MX_UART5_Init
                0x0000000008003144       0x54 ./Core/Src/main.o
 .text.MX_USART1_UART_Init
                0x0000000008003198       0x54 ./Core/Src/main.o
 .text.MX_USART3_UART_Init
                0x00000000080031ec       0x54 ./Core/Src/main.o
 .text.MX_USART6_UART_Init
                0x0000000008003240       0x54 ./Core/Src/main.o
 .text.MX_GPIO_Init
                0x0000000008003294      0x11c ./Core/Src/main.o
 .text.HAL_TIM_PeriodElapsedCallback
                0x00000000080033b0       0x24 ./Core/Src/main.o
                0x00000000080033b0                HAL_TIM_PeriodElapsedCallback
 .text.Error_Handler
                0x00000000080033d4        0xa ./Core/Src/main.o
                0x00000000080033d4                Error_Handler
 *fill*         0x00000000080033de        0x2 
 .text.HAL_MspInit
                0x00000000080033e0       0x50 ./Core/Src/stm32f4xx_hal_msp.o
                0x00000000080033e0                HAL_MspInit
 .text.HAL_I2C_MspInit
                0x0000000008003430      0x138 ./Core/Src/stm32f4xx_hal_msp.o
                0x0000000008003430                HAL_I2C_MspInit
 .text.HAL_TIM_IC_MspInit
                0x0000000008003568       0x9c ./Core/Src/stm32f4xx_hal_msp.o
                0x0000000008003568                HAL_TIM_IC_MspInit
 .text.HAL_TIM_PWM_MspInit
                0x0000000008003604       0x70 ./Core/Src/stm32f4xx_hal_msp.o
                0x0000000008003604                HAL_TIM_PWM_MspInit
 .text.HAL_TIM_Base_MspInit
                0x0000000008003674       0x44 ./Core/Src/stm32f4xx_hal_msp.o
                0x0000000008003674                HAL_TIM_Base_MspInit
 .text.HAL_TIM_MspPostInit
                0x00000000080036b8      0x100 ./Core/Src/stm32f4xx_hal_msp.o
                0x00000000080036b8                HAL_TIM_MspPostInit
 .text.HAL_UART_MspInit
                0x00000000080037b8      0x304 ./Core/Src/stm32f4xx_hal_msp.o
                0x00000000080037b8                HAL_UART_MspInit
 .text.HAL_InitTick
                0x0000000008003abc       0xf8 ./Core/Src/stm32f4xx_hal_timebase_tim.o
                0x0000000008003abc                HAL_InitTick
 .text.NMI_Handler
                0x0000000008003bb4        0x6 ./Core/Src/stm32f4xx_it.o
                0x0000000008003bb4                NMI_Handler
 .text.HardFault_Handler
                0x0000000008003bba        0x6 ./Core/Src/stm32f4xx_it.o
                0x0000000008003bba                HardFault_Handler
 .text.MemManage_Handler
                0x0000000008003bc0        0x6 ./Core/Src/stm32f4xx_it.o
                0x0000000008003bc0                MemManage_Handler
 .text.BusFault_Handler
                0x0000000008003bc6        0x6 ./Core/Src/stm32f4xx_it.o
                0x0000000008003bc6                BusFault_Handler
 .text.UsageFault_Handler
                0x0000000008003bcc        0x6 ./Core/Src/stm32f4xx_it.o
                0x0000000008003bcc                UsageFault_Handler
 *fill*         0x0000000008003bd2        0x2 
 .text.TIM2_IRQHandler
                0x0000000008003bd4       0xa4 ./Core/Src/stm32f4xx_it.o
                0x0000000008003bd4                TIM2_IRQHandler
 .text.USART1_IRQHandler
                0x0000000008003c78       0x14 ./Core/Src/stm32f4xx_it.o
                0x0000000008003c78                USART1_IRQHandler
 .text.USART3_IRQHandler
                0x0000000008003c8c       0x14 ./Core/Src/stm32f4xx_it.o
                0x0000000008003c8c                USART3_IRQHandler
 .text.UART4_IRQHandler
                0x0000000008003ca0       0x14 ./Core/Src/stm32f4xx_it.o
                0x0000000008003ca0                UART4_IRQHandler
 .text.UART5_IRQHandler
                0x0000000008003cb4       0x14 ./Core/Src/stm32f4xx_it.o
                0x0000000008003cb4                UART5_IRQHandler
 .text.TIM7_IRQHandler
                0x0000000008003cc8       0x14 ./Core/Src/stm32f4xx_it.o
                0x0000000008003cc8                TIM7_IRQHandler
 .text._getpid  0x0000000008003cdc       0x10 ./Core/Src/syscalls.o
                0x0000000008003cdc                _getpid
 .text._kill    0x0000000008003cec       0x20 ./Core/Src/syscalls.o
                0x0000000008003cec                _kill
 .text._exit    0x0000000008003d0c       0x14 ./Core/Src/syscalls.o
                0x0000000008003d0c                _exit
 .text._read    0x0000000008003d20       0x3a ./Core/Src/syscalls.o
                0x0000000008003d20                _read
 .text._close   0x0000000008003d5a       0x18 ./Core/Src/syscalls.o
                0x0000000008003d5a                _close
 .text._fstat   0x0000000008003d72       0x20 ./Core/Src/syscalls.o
                0x0000000008003d72                _fstat
 .text._isatty  0x0000000008003d92       0x16 ./Core/Src/syscalls.o
                0x0000000008003d92                _isatty
 .text._lseek   0x0000000008003da8       0x1a ./Core/Src/syscalls.o
                0x0000000008003da8                _lseek
 *fill*         0x0000000008003dc2        0x2 
 .text.SystemInit
                0x0000000008003dc4       0x24 ./Core/Src/system_stm32f4xx.o
                0x0000000008003dc4                SystemInit
 .text.Reset_Handler
                0x0000000008003de8       0x50 ./Core/Startup/startup_stm32f446retx.o
                0x0000000008003de8                Reset_Handler
 .text.Default_Handler
                0x0000000008003e38        0x2 ./Core/Startup/startup_stm32f446retx.o
                0x0000000008003e38                RTC_Alarm_IRQHandler
                0x0000000008003e38                EXTI2_IRQHandler
                0x0000000008003e38                TIM8_CC_IRQHandler
                0x0000000008003e38                DebugMon_Handler
                0x0000000008003e38                FMPI2C1_EV_IRQHandler
                0x0000000008003e38                SPI4_IRQHandler
                0x0000000008003e38                TIM1_CC_IRQHandler
                0x0000000008003e38                DMA2_Stream5_IRQHandler
                0x0000000008003e38                DMA1_Stream5_IRQHandler
                0x0000000008003e38                PVD_IRQHandler
                0x0000000008003e38                SDIO_IRQHandler
                0x0000000008003e38                TAMP_STAMP_IRQHandler
                0x0000000008003e38                CAN2_RX1_IRQHandler
                0x0000000008003e38                EXTI3_IRQHandler
                0x0000000008003e38                TIM8_TRG_COM_TIM14_IRQHandler
                0x0000000008003e38                TIM1_UP_TIM10_IRQHandler
                0x0000000008003e38                TIM8_UP_TIM13_IRQHandler
                0x0000000008003e38                I2C3_ER_IRQHandler
                0x0000000008003e38                EXTI0_IRQHandler
                0x0000000008003e38                I2C2_EV_IRQHandler
                0x0000000008003e38                DMA1_Stream2_IRQHandler
                0x0000000008003e38                CAN1_RX0_IRQHandler
                0x0000000008003e38                FPU_IRQHandler
                0x0000000008003e38                OTG_HS_WKUP_IRQHandler
                0x0000000008003e38                CAN2_SCE_IRQHandler
                0x0000000008003e38                DMA2_Stream2_IRQHandler
                0x0000000008003e38                SPI1_IRQHandler
                0x0000000008003e38                TIM6_DAC_IRQHandler
                0x0000000008003e38                TIM1_BRK_TIM9_IRQHandler
                0x0000000008003e38                DCMI_IRQHandler
                0x0000000008003e38                CAN2_RX0_IRQHandler
                0x0000000008003e38                DMA2_Stream3_IRQHandler
                0x0000000008003e38                SAI2_IRQHandler
                0x0000000008003e38                USART6_IRQHandler
                0x0000000008003e38                CAN1_RX1_IRQHandler
                0x0000000008003e38                DMA2_Stream0_IRQHandler
                0x0000000008003e38                TIM4_IRQHandler
                0x0000000008003e38                QUADSPI_IRQHandler
                0x0000000008003e38                I2C1_EV_IRQHandler
                0x0000000008003e38                DMA1_Stream6_IRQHandler
                0x0000000008003e38                DMA1_Stream1_IRQHandler
                0x0000000008003e38                TIM3_IRQHandler
                0x0000000008003e38                RCC_IRQHandler
                0x0000000008003e38                TIM8_BRK_TIM12_IRQHandler
                0x0000000008003e38                Default_Handler
                0x0000000008003e38                CEC_IRQHandler
                0x0000000008003e38                EXTI15_10_IRQHandler
                0x0000000008003e38                ADC_IRQHandler
                0x0000000008003e38                DMA1_Stream7_IRQHandler
                0x0000000008003e38                CAN2_TX_IRQHandler
                0x0000000008003e38                TIM5_IRQHandler
                0x0000000008003e38                DMA2_Stream7_IRQHandler
                0x0000000008003e38                I2C3_EV_IRQHandler
                0x0000000008003e38                EXTI9_5_IRQHandler
                0x0000000008003e38                RTC_WKUP_IRQHandler
                0x0000000008003e38                SPDIF_RX_IRQHandler
                0x0000000008003e38                SPI2_IRQHandler
                0x0000000008003e38                OTG_HS_EP1_IN_IRQHandler
                0x0000000008003e38                DMA1_Stream0_IRQHandler
                0x0000000008003e38                CAN1_TX_IRQHandler
                0x0000000008003e38                FMPI2C1_ER_IRQHandler
                0x0000000008003e38                EXTI4_IRQHandler
                0x0000000008003e38                OTG_HS_EP1_OUT_IRQHandler
                0x0000000008003e38                WWDG_IRQHandler
                0x0000000008003e38                OTG_FS_WKUP_IRQHandler
                0x0000000008003e38                TIM1_TRG_COM_TIM11_IRQHandler
                0x0000000008003e38                OTG_HS_IRQHandler
                0x0000000008003e38                EXTI1_IRQHandler
                0x0000000008003e38                USART2_IRQHandler
                0x0000000008003e38                I2C2_ER_IRQHandler
                0x0000000008003e38                DMA2_Stream1_IRQHandler
                0x0000000008003e38                CAN1_SCE_IRQHandler
                0x0000000008003e38                FLASH_IRQHandler
                0x0000000008003e38                DMA2_Stream4_IRQHandler
                0x0000000008003e38                OTG_FS_IRQHandler
                0x0000000008003e38                SPI3_IRQHandler
                0x0000000008003e38                DMA1_Stream4_IRQHandler
                0x0000000008003e38                I2C1_ER_IRQHandler
                0x0000000008003e38                FMC_IRQHandler
                0x0000000008003e38                DMA2_Stream6_IRQHandler
                0x0000000008003e38                SAI1_IRQHandler
                0x0000000008003e38                DMA1_Stream3_IRQHandler
 *fill*         0x0000000008003e3a        0x2 
 .text.HAL_Init
                0x0000000008003e3c       0x44 ./Drivers/STM32F4xx_HAL_Driver/Src/stm32f4xx_hal.o
                0x0000000008003e3c                HAL_Init
 .text.HAL_IncTick
                0x0000000008003e80       0x28 ./Drivers/STM32F4xx_HAL_Driver/Src/stm32f4xx_hal.o
                0x0000000008003e80                HAL_IncTick
 .text.HAL_GetTick
                0x0000000008003ea8       0x18 ./Drivers/STM32F4xx_HAL_Driver/Src/stm32f4xx_hal.o
                0x0000000008003ea8                HAL_GetTick
 .text.HAL_Delay
                0x0000000008003ec0       0x48 ./Drivers/STM32F4xx_HAL_Driver/Src/stm32f4xx_hal.o
                0x0000000008003ec0                HAL_Delay
 .text.__NVIC_SetPriorityGrouping
                0x0000000008003f08       0x48 ./Drivers/STM32F4xx_HAL_Driver/Src/stm32f4xx_hal_cortex.o
 .text.__NVIC_GetPriorityGrouping
                0x0000000008003f50       0x1c ./Drivers/STM32F4xx_HAL_Driver/Src/stm32f4xx_hal_cortex.o
 .text.__NVIC_EnableIRQ
                0x0000000008003f6c       0x3c ./Drivers/STM32F4xx_HAL_Driver/Src/stm32f4xx_hal_cortex.o
 .text.__NVIC_SetPriority
                0x0000000008003fa8       0x54 ./Drivers/STM32F4xx_HAL_Driver/Src/stm32f4xx_hal_cortex.o
 .text.NVIC_EncodePriority
                0x0000000008003ffc       0x66 ./Drivers/STM32F4xx_HAL_Driver/Src/stm32f4xx_hal_cortex.o
 .text.HAL_NVIC_SetPriorityGrouping
                0x0000000008004062       0x16 ./Drivers/STM32F4xx_HAL_Driver/Src/stm32f4xx_hal_cortex.o
                0x0000000008004062                HAL_NVIC_SetPriorityGrouping
 .text.HAL_NVIC_SetPriority
                0x0000000008004078       0x38 ./Drivers/STM32F4xx_HAL_Driver/Src/stm32f4xx_hal_cortex.o
                0x0000000008004078                HAL_NVIC_SetPriority
 .text.HAL_NVIC_EnableIRQ
                0x00000000080040b0       0x1c ./Drivers/STM32F4xx_HAL_Driver/Src/stm32f4xx_hal_cortex.o
                0x00000000080040b0                HAL_NVIC_EnableIRQ
 .text.HAL_DMA_Abort
                0x00000000080040cc       0xe0 ./Drivers/STM32F4xx_HAL_Driver/Src/stm32f4xx_hal_dma.o
                0x00000000080040cc                HAL_DMA_Abort
 .text.HAL_DMA_Abort_IT
                0x00000000080041ac       0x44 ./Drivers/STM32F4xx_HAL_Driver/Src/stm32f4xx_hal_dma.o
                0x00000000080041ac                HAL_DMA_Abort_IT
 .text.HAL_GPIO_Init
                0x00000000080041f0      0x328 ./Drivers/STM32F4xx_HAL_Driver/Src/stm32f4xx_hal_gpio.o
                0x00000000080041f0                HAL_GPIO_Init
 .text.HAL_GPIO_WritePin
                0x0000000008004518       0x32 ./Drivers/STM32F4xx_HAL_Driver/Src/stm32f4xx_hal_gpio.o
                0x0000000008004518                HAL_GPIO_WritePin
 *fill*         0x000000000800454a        0x2 
 .text.HAL_I2C_Init
                0x000000000800454c      0x288 ./Drivers/STM32F4xx_HAL_Driver/Src/stm32f4xx_hal_i2c.o
                0x000000000800454c                HAL_I2C_Init
 .text.HAL_I2C_Master_Transmit
                0x00000000080047d4      0x1fc ./Drivers/STM32F4xx_HAL_Driver/Src/stm32f4xx_hal_i2c.o
                0x00000000080047d4                HAL_I2C_Master_Transmit
 .text.I2C_MasterRequestWrite
                0x00000000080049d0      0x104 ./Drivers/STM32F4xx_HAL_Driver/Src/stm32f4xx_hal_i2c.o
 .text.I2C_WaitOnFlagUntilTimeout
                0x0000000008004ad4       0xae ./Drivers/STM32F4xx_HAL_Driver/Src/stm32f4xx_hal_i2c.o
 .text.I2C_WaitOnMasterAddressFlagUntilTimeout
                0x0000000008004b82       0xfe ./Drivers/STM32F4xx_HAL_Driver/Src/stm32f4xx_hal_i2c.o
 .text.I2C_WaitOnTXEFlagUntilTimeout
                0x0000000008004c80       0x82 ./Drivers/STM32F4xx_HAL_Driver/Src/stm32f4xx_hal_i2c.o
 .text.I2C_WaitOnBTFFlagUntilTimeout
                0x0000000008004d02       0x82 ./Drivers/STM32F4xx_HAL_Driver/Src/stm32f4xx_hal_i2c.o
 .text.I2C_IsAcknowledgeFailed
                0x0000000008004d84       0x5e ./Drivers/STM32F4xx_HAL_Driver/Src/stm32f4xx_hal_i2c.o
 *fill*         0x0000000008004de2        0x2 
 .text.HAL_PWR_EnterSLEEPMode
                0x0000000008004de4       0x38 ./Drivers/STM32F4xx_HAL_Driver/Src/stm32f4xx_hal_pwr.o
                0x0000000008004de4                HAL_PWR_EnterSLEEPMode
 .text.HAL_RCC_ClockConfig
                0x0000000008004e1c      0x1cc ./Drivers/STM32F4xx_HAL_Driver/Src/stm32f4xx_hal_rcc.o
                0x0000000008004e1c                HAL_RCC_ClockConfig
 .text.HAL_RCC_GetHCLKFreq
                0x0000000008004fe8       0x18 ./Drivers/STM32F4xx_HAL_Driver/Src/stm32f4xx_hal_rcc.o
                0x0000000008004fe8                HAL_RCC_GetHCLKFreq
 .text.HAL_RCC_GetPCLK1Freq
                0x0000000008005000       0x28 ./Drivers/STM32F4xx_HAL_Driver/Src/stm32f4xx_hal_rcc.o
                0x0000000008005000                HAL_RCC_GetPCLK1Freq
 .text.HAL_RCC_GetPCLK2Freq
                0x0000000008005028       0x28 ./Drivers/STM32F4xx_HAL_Driver/Src/stm32f4xx_hal_rcc.o
                0x0000000008005028                HAL_RCC_GetPCLK2Freq
 .text.HAL_RCC_GetClockConfig
                0x0000000008005050       0x64 ./Drivers/STM32F4xx_HAL_Driver/Src/stm32f4xx_hal_rcc.o
                0x0000000008005050                HAL_RCC_GetClockConfig
 .text.HAL_RCC_GetSysClockFreq
                0x00000000080050b4      0x354 ./Drivers/STM32F4xx_HAL_Driver/Src/stm32f4xx_hal_rcc_ex.o
                0x00000000080050b4                HAL_RCC_GetSysClockFreq
 .text.HAL_RCC_OscConfig
                0x0000000008005408      0x53c ./Drivers/STM32F4xx_HAL_Driver/Src/stm32f4xx_hal_rcc_ex.o
                0x0000000008005408                HAL_RCC_OscConfig
 .text.HAL_TIM_Base_Init
                0x0000000008005944       0x9e ./Drivers/STM32F4xx_HAL_Driver/Src/stm32f4xx_hal_tim.o
                0x0000000008005944                HAL_TIM_Base_Init
 *fill*         0x00000000080059e2        0x2 
 .text.HAL_TIM_Base_Start_IT
                0x00000000080059e4       0xe0 ./Drivers/STM32F4xx_HAL_Driver/Src/stm32f4xx_hal_tim.o
                0x00000000080059e4                HAL_TIM_Base_Start_IT
 .text.HAL_TIM_PWM_Init
                0x0000000008005ac4       0x9e ./Drivers/STM32F4xx_HAL_Driver/Src/stm32f4xx_hal_tim.o
                0x0000000008005ac4                HAL_TIM_PWM_Init
 *fill*         0x0000000008005b62        0x2 
 .text.HAL_TIM_PWM_Start
                0x0000000008005b64      0x190 ./Drivers/STM32F4xx_HAL_Driver/Src/stm32f4xx_hal_tim.o
                0x0000000008005b64                HAL_TIM_PWM_Start
 .text.HAL_TIM_PWM_Stop
                0x0000000008005cf4       0xe0 ./Drivers/STM32F4xx_HAL_Driver/Src/stm32f4xx_hal_tim.o
                0x0000000008005cf4                HAL_TIM_PWM_Stop
 .text.HAL_TIM_IC_Init
                0x0000000008005dd4       0x9e ./Drivers/STM32F4xx_HAL_Driver/Src/stm32f4xx_hal_tim.o
                0x0000000008005dd4                HAL_TIM_IC_Init
 *fill*         0x0000000008005e72        0x2 
 .text.HAL_TIM_IC_Start_IT
                0x0000000008005e74      0x250 ./Drivers/STM32F4xx_HAL_Driver/Src/stm32f4xx_hal_tim.o
                0x0000000008005e74                HAL_TIM_IC_Start_IT
 .text.HAL_TIM_IRQHandler
                0x00000000080060c4      0x210 ./Drivers/STM32F4xx_HAL_Driver/Src/stm32f4xx_hal_tim.o
                0x00000000080060c4                HAL_TIM_IRQHandler
 .text.HAL_TIM_IC_ConfigChannel
                0x00000000080062d4      0x138 ./Drivers/STM32F4xx_HAL_Driver/Src/stm32f4xx_hal_tim.o
                0x00000000080062d4                HAL_TIM_IC_ConfigChannel
 .text.HAL_TIM_PWM_ConfigChannel
                0x000000000800640c      0x184 ./Drivers/STM32F4xx_HAL_Driver/Src/stm32f4xx_hal_tim.o
                0x000000000800640c                HAL_TIM_PWM_ConfigChannel
 .text.HAL_TIM_OC_DelayElapsedCallback
                0x0000000008006590       0x14 ./Drivers/STM32F4xx_HAL_Driver/Src/stm32f4xx_hal_tim.o
                0x0000000008006590                HAL_TIM_OC_DelayElapsedCallback
 .text.HAL_TIM_PWM_PulseFinishedCallback
                0x00000000080065a4       0x14 ./Drivers/STM32F4xx_HAL_Driver/Src/stm32f4xx_hal_tim.o
                0x00000000080065a4                HAL_TIM_PWM_PulseFinishedCallback
 .text.HAL_TIM_TriggerCallback
                0x00000000080065b8       0x14 ./Drivers/STM32F4xx_HAL_Driver/Src/stm32f4xx_hal_tim.o
                0x00000000080065b8                HAL_TIM_TriggerCallback
 .text.TIM_Base_SetConfig
                0x00000000080065cc      0x140 ./Drivers/STM32F4xx_HAL_Driver/Src/stm32f4xx_hal_tim.o
                0x00000000080065cc                TIM_Base_SetConfig
 .text.TIM_OC1_SetConfig
                0x000000000800670c       0xe0 ./Drivers/STM32F4xx_HAL_Driver/Src/stm32f4xx_hal_tim.o
 .text.TIM_OC2_SetConfig
                0x00000000080067ec       0xec ./Drivers/STM32F4xx_HAL_Driver/Src/stm32f4xx_hal_tim.o
                0x00000000080067ec                TIM_OC2_SetConfig
 .text.TIM_OC3_SetConfig
                0x00000000080068d8       0xe8 ./Drivers/STM32F4xx_HAL_Driver/Src/stm32f4xx_hal_tim.o
 .text.TIM_OC4_SetConfig
                0x00000000080069c0       0xac ./Drivers/STM32F4xx_HAL_Driver/Src/stm32f4xx_hal_tim.o
 .text.TIM_TI1_SetConfig
                0x0000000008006a6c       0xe8 ./Drivers/STM32F4xx_HAL_Driver/Src/stm32f4xx_hal_tim.o
                0x0000000008006a6c                TIM_TI1_SetConfig
 .text.TIM_TI2_SetConfig
                0x0000000008006b54       0x7a ./Drivers/STM32F4xx_HAL_Driver/Src/stm32f4xx_hal_tim.o
 .text.TIM_TI3_SetConfig
                0x0000000008006bce       0x78 ./Drivers/STM32F4xx_HAL_Driver/Src/stm32f4xx_hal_tim.o
 .text.TIM_TI4_SetConfig
                0x0000000008006c46       0x7a ./Drivers/STM32F4xx_HAL_Driver/Src/stm32f4xx_hal_tim.o
 .text.TIM_CCxChannelCmd
                0x0000000008006cc0       0x4a ./Drivers/STM32F4xx_HAL_Driver/Src/stm32f4xx_hal_tim.o
                0x0000000008006cc0                TIM_CCxChannelCmd
 *fill*         0x0000000008006d0a        0x2 
 .text.HAL_TIMEx_MasterConfigSynchronization
                0x0000000008006d0c       0xf8 ./Drivers/STM32F4xx_HAL_Driver/Src/stm32f4xx_hal_tim_ex.o
                0x0000000008006d0c                HAL_TIMEx_MasterConfigSynchronization
 .text.HAL_TIMEx_CommutCallback
                0x0000000008006e04       0x14 ./Drivers/STM32F4xx_HAL_Driver/Src/stm32f4xx_hal_tim_ex.o
                0x0000000008006e04                HAL_TIMEx_CommutCallback
 .text.HAL_TIMEx_BreakCallback
                0x0000000008006e18       0x14 ./Drivers/STM32F4xx_HAL_Driver/Src/stm32f4xx_hal_tim_ex.o
                0x0000000008006e18                HAL_TIMEx_BreakCallback
 .text.HAL_UART_Init
                0x0000000008006e2c       0x9a ./Drivers/STM32F4xx_HAL_Driver/Src/stm32f4xx_hal_uart.o
                0x0000000008006e2c                HAL_UART_Init
 .text.HAL_UART_Transmit
                0x0000000008006ec6      0x124 ./Drivers/STM32F4xx_HAL_Driver/Src/stm32f4xx_hal_uart.o
                0x0000000008006ec6                HAL_UART_Transmit
 .text.HAL_UART_Receive_IT
                0x0000000008006fea       0x60 ./Drivers/STM32F4xx_HAL_Driver/Src/stm32f4xx_hal_uart.o
                0x0000000008006fea                HAL_UART_Receive_IT
 *fill*         0x000000000800704a        0x2 
 .text.HAL_UART_IRQHandler
                0x000000000800704c      0x51c ./Drivers/STM32F4xx_HAL_Driver/Src/stm32f4xx_hal_uart.o
                0x000000000800704c                HAL_UART_IRQHandler
 .text.HAL_UART_TxCpltCallback
                0x0000000008007568       0x14 ./Drivers/STM32F4xx_HAL_Driver/Src/stm32f4xx_hal_uart.o
                0x0000000008007568                HAL_UART_TxCpltCallback
 .text.HAL_UART_ErrorCallback
                0x000000000800757c       0x14 ./Drivers/STM32F4xx_HAL_Driver/Src/stm32f4xx_hal_uart.o
                0x000000000800757c                HAL_UART_ErrorCallback
 .text.HAL_UARTEx_RxEventCallback
                0x0000000008007590       0x18 ./Drivers/STM32F4xx_HAL_Driver/Src/stm32f4xx_hal_uart.o
                0x0000000008007590                HAL_UARTEx_RxEventCallback
 .text.UART_WaitOnFlagUntilTimeout
                0x00000000080075a8       0xdc ./Drivers/STM32F4xx_HAL_Driver/Src/stm32f4xx_hal_uart.o
 .text.UART_Start_Receive_IT
                0x0000000008007684       0x7c ./Drivers/STM32F4xx_HAL_Driver/Src/stm32f4xx_hal_uart.o
                0x0000000008007684                UART_Start_Receive_IT
 .text.UART_EndRxTransfer
                0x0000000008007700       0xc6 ./Drivers/STM32F4xx_HAL_Driver/Src/stm32f4xx_hal_uart.o
 .text.UART_DMAAbortOnError
                0x00000000080077c6       0x28 ./Drivers/STM32F4xx_HAL_Driver/Src/stm32f4xx_hal_uart.o
 .text.UART_Transmit_IT
                0x00000000080077ee       0xa0 ./Drivers/STM32F4xx_HAL_Driver/Src/stm32f4xx_hal_uart.o
 .text.UART_EndTransmit_IT
                0x000000000800788e       0x30 ./Drivers/STM32F4xx_HAL_Driver/Src/stm32f4xx_hal_uart.o
 .text.UART_Receive_IT
                0x00000000080078be      0x176 ./Drivers/STM32F4xx_HAL_Driver/Src/stm32f4xx_hal_uart.o
 .text.UART_SetConfig
                0x0000000008007a34      0x4e8 ./Drivers/STM32F4xx_HAL_Driver/Src/stm32f4xx_hal_uart.o
 .text.vListInitialise
                0x0000000008007f1c       0x40 ./ThirdParty/FreeRTOS/list.o
                0x0000000008007f1c                vListInitialise
 .text.vListInitialiseItem
                0x0000000008007f5c       0x1a ./ThirdParty/FreeRTOS/list.o
                0x0000000008007f5c                vListInitialiseItem
 .text.vListInsert
                0x0000000008007f76       0x72 ./ThirdParty/FreeRTOS/list.o
                0x0000000008007f76                vListInsert
 .text.uxListRemove
                0x0000000008007fe8       0x54 ./ThirdParty/FreeRTOS/list.o
                0x0000000008007fe8                uxListRemove
 .text.xQueueGenericReset
                0x000000000800803c      0x120 ./ThirdParty/FreeRTOS/queue.o
                0x000000000800803c                xQueueGenericReset
 .text.xQueueGenericCreate
                0x000000000800815c       0x9c ./ThirdParty/FreeRTOS/queue.o
                0x000000000800815c                xQueueGenericCreate
 .text.prvInitialiseNewQueue
                0x00000000080081f8       0x52 ./ThirdParty/FreeRTOS/queue.o
 *fill*         0x000000000800824a        0x2 
 .text.xQueueGenericSend
                0x000000000800824c      0x24c ./ThirdParty/FreeRTOS/queue.o
                0x000000000800824c                xQueueGenericSend
 .text.xQueueGenericSendFromISR
                0x0000000008008498      0x18c ./ThirdParty/FreeRTOS/queue.o
                0x0000000008008498                xQueueGenericSendFromISR
 .text.xQueueReceive
                0x0000000008008624      0x220 ./ThirdParty/FreeRTOS/queue.o
                0x0000000008008624                xQueueReceive
 .text.prvCopyDataToQueue
                0x0000000008008844       0xd4 ./ThirdParty/FreeRTOS/queue.o
 .text.prvCopyDataFromQueue
                0x0000000008008918       0x4c ./ThirdParty/FreeRTOS/queue.o
 .text.prvUnlockQueue
                0x0000000008008964       0xa4 ./ThirdParty/FreeRTOS/queue.o
 .text.prvIsQueueEmpty
                0x0000000008008a08       0x2c ./ThirdParty/FreeRTOS/queue.o
 .text.prvIsQueueFull
                0x0000000008008a34       0x30 ./ThirdParty/FreeRTOS/queue.o
 .text.vQueueAddToRegistry
                0x0000000008008a64       0xac ./ThirdParty/FreeRTOS/queue.o
                0x0000000008008a64                vQueueAddToRegistry
 .text.vQueueWaitForMessageRestricted
                0x0000000008008b10       0x68 ./ThirdParty/FreeRTOS/queue.o
                0x0000000008008b10                vQueueWaitForMessageRestricted
 .text.xTaskCreate
                0x0000000008008b78       0x8c ./ThirdParty/FreeRTOS/tasks.o
                0x0000000008008b78                xTaskCreate
 .text.prvInitialiseNewTask
                0x0000000008008c04      0x11c ./ThirdParty/FreeRTOS/tasks.o
 .text.prvAddNewTaskToReadyList
                0x0000000008008d20      0x168 ./ThirdParty/FreeRTOS/tasks.o
 .text.vTaskDelay
                0x0000000008008e88       0x70 ./ThirdParty/FreeRTOS/tasks.o
                0x0000000008008e88                vTaskDelay
 .text.vTaskStartScheduler
                0x0000000008008ef8       0xc4 ./ThirdParty/FreeRTOS/tasks.o
                0x0000000008008ef8                vTaskStartScheduler
 .text.vTaskSuspendAll
                0x0000000008008fbc       0x1c ./ThirdParty/FreeRTOS/tasks.o
                0x0000000008008fbc                vTaskSuspendAll
 .text.xTaskResumeAll
                0x0000000008008fd8      0x200 ./ThirdParty/FreeRTOS/tasks.o
                0x0000000008008fd8                xTaskResumeAll
 .text.xTaskGetTickCount
                0x00000000080091d8       0x20 ./ThirdParty/FreeRTOS/tasks.o
                0x00000000080091d8                xTaskGetTickCount
 .text.uxTaskGetNumberOfTasks
                0x00000000080091f8       0x18 ./ThirdParty/FreeRTOS/tasks.o
                0x00000000080091f8                uxTaskGetNumberOfTasks
 .text.xTaskIncrementTick
                0x0000000008009210      0x234 ./ThirdParty/FreeRTOS/tasks.o
                0x0000000008009210                xTaskIncrementTick
 .text.vTaskSwitchContext
                0x0000000008009444       0xd4 ./ThirdParty/FreeRTOS/tasks.o
                0x0000000008009444                vTaskSwitchContext
 .text.vTaskPlaceOnEventList
                0x0000000008009518       0x48 ./ThirdParty/FreeRTOS/tasks.o
                0x0000000008009518                vTaskPlaceOnEventList
 .text.vTaskPlaceOnEventListRestricted
                0x0000000008009560       0x90 ./ThirdParty/FreeRTOS/tasks.o
                0x0000000008009560                vTaskPlaceOnEventListRestricted
 .text.xTaskRemoveFromEventList
                0x00000000080095f0      0x1b0 ./ThirdParty/FreeRTOS/tasks.o
                0x00000000080095f0                xTaskRemoveFromEventList
 .text.vTaskInternalSetTimeOutState
                0x00000000080097a0       0x2c ./ThirdParty/FreeRTOS/tasks.o
                0x00000000080097a0                vTaskInternalSetTimeOutState
 .text.xTaskCheckForTimeOut
                0x00000000080097cc       0xcc ./ThirdParty/FreeRTOS/tasks.o
                0x00000000080097cc                xTaskCheckForTimeOut
 .text.vTaskMissedYield
                0x0000000008009898       0x18 ./ThirdParty/FreeRTOS/tasks.o
                0x0000000008009898                vTaskMissedYield
 .text.prvIdleTask
                0x00000000080098b0       0x34 ./ThirdParty/FreeRTOS/tasks.o
 .text.prvInitialiseTaskLists
                0x00000000080098e4       0x80 ./ThirdParty/FreeRTOS/tasks.o
 .text.prvCheckTasksWaitingTermination
                0x0000000008009964       0x5c ./ThirdParty/FreeRTOS/tasks.o
 .text.prvDeleteTCB
                0x00000000080099c0       0x20 ./ThirdParty/FreeRTOS/tasks.o
 .text.prvResetNextTaskUnblockTime
                0x00000000080099e0       0x38 ./ThirdParty/FreeRTOS/tasks.o
 .text.xTaskGetSchedulerState
                0x0000000008009a18       0x3c ./ThirdParty/FreeRTOS/tasks.o
                0x0000000008009a18                xTaskGetSchedulerState
 .text.xTaskPriorityDisinherit
                0x0000000008009a54      0x158 ./ThirdParty/FreeRTOS/tasks.o
                0x0000000008009a54                xTaskPriorityDisinherit
 .text.xTaskGenericNotifyWait
                0x0000000008009bac      0x110 ./ThirdParty/FreeRTOS/tasks.o
                0x0000000008009bac                xTaskGenericNotifyWait
 .text.xTaskGenericNotify
                0x0000000008009cbc      0x268 ./ThirdParty/FreeRTOS/tasks.o
                0x0000000008009cbc                xTaskGenericNotify
 .text.xTaskGenericNotifyFromISR
                0x0000000008009f24      0x2dc ./ThirdParty/FreeRTOS/tasks.o
                0x0000000008009f24                xTaskGenericNotifyFromISR
 .text.prvAddCurrentTaskToDelayedList
                0x000000000800a200      0x100 ./ThirdParty/FreeRTOS/tasks.o
 .text.xTimerCreateTimerTask
                0x000000000800a300       0x64 ./ThirdParty/FreeRTOS/timers.o
                0x000000000800a300                xTimerCreateTimerTask
 .text.xTimerCreate
                0x000000000800a364       0x42 ./ThirdParty/FreeRTOS/timers.o
                0x000000000800a364                xTimerCreate
 .text.prvInitialiseNewTimer
                0x000000000800a3a6       0x70 ./ThirdParty/FreeRTOS/timers.o
 *fill*         0x000000000800a416        0x2 
 .text.xTimerGenericCommand
                0x000000000800a418       0x9c ./ThirdParty/FreeRTOS/timers.o
                0x000000000800a418                xTimerGenericCommand
 .text.prvReloadTimer
                0x000000000800a4b4       0x42 ./ThirdParty/FreeRTOS/timers.o
 *fill*         0x000000000800a4f6        0x2 
 .text.prvProcessExpiredTimer
                0x000000000800a4f8       0x60 ./ThirdParty/FreeRTOS/timers.o
 .text.prvTimerTask
                0x000000000800a558       0x24 ./ThirdParty/FreeRTOS/timers.o
 .text.prvProcessTimerOrBlockTask
                0x000000000800a57c       0x9c ./ThirdParty/FreeRTOS/timers.o
 .text.prvGetNextExpireTime
                0x000000000800a618       0x48 ./ThirdParty/FreeRTOS/timers.o
 .text.prvSampleTimeNow
                0x000000000800a660       0x40 ./ThirdParty/FreeRTOS/timers.o
 .text.prvInsertTimerInActiveList
                0x000000000800a6a0       0x84 ./ThirdParty/FreeRTOS/timers.o
 .text.prvProcessReceivedCommands
                0x000000000800a724      0x17c ./ThirdParty/FreeRTOS/timers.o
 .text.prvSwitchTimerLists
                0x000000000800a8a0       0x4c ./ThirdParty/FreeRTOS/timers.o
 .text.prvCheckForValidListAndQueue
                0x000000000800a8ec       0x6c ./ThirdParty/FreeRTOS/timers.o
 .text.pxPortInitialiseStack
                0x000000000800a958       0x68 ./ThirdParty/FreeRTOS/portable/GCC/ARM_CM4F/port.o
                0x000000000800a958                pxPortInitialiseStack
 .text.prvTaskExitError
                0x000000000800a9c0       0x58 ./ThirdParty/FreeRTOS/portable/GCC/ARM_CM4F/port.o
 *fill*         0x000000000800aa18        0x8 
 .text.SVC_Handler
                0x000000000800aa20       0x28 ./ThirdParty/FreeRTOS/portable/GCC/ARM_CM4F/port.o
                0x000000000800aa20                SVC_Handler
 .text.prvPortStartFirstTask
                0x000000000800aa48       0x2c ./ThirdParty/FreeRTOS/portable/GCC/ARM_CM4F/port.o
 .text.xPortStartScheduler
                0x000000000800aa74      0x144 ./ThirdParty/FreeRTOS/portable/GCC/ARM_CM4F/port.o
                0x000000000800aa74                xPortStartScheduler
 .text.vPortEnterCritical
                0x000000000800abb8       0x60 ./ThirdParty/FreeRTOS/portable/GCC/ARM_CM4F/port.o
                0x000000000800abb8                vPortEnterCritical
 .text.vPortExitCritical
                0x000000000800ac18       0x54 ./ThirdParty/FreeRTOS/portable/GCC/ARM_CM4F/port.o
                0x000000000800ac18                vPortExitCritical
 *fill*         0x000000000800ac6c        0x4 
 .text.PendSV_Handler
                0x000000000800ac70       0x68 ./ThirdParty/FreeRTOS/portable/GCC/ARM_CM4F/port.o
                0x000000000800ac70                PendSV_Handler
 .text.SysTick_Handler
                0x000000000800acd8       0x54 ./ThirdParty/FreeRTOS/portable/GCC/ARM_CM4F/port.o
                0x000000000800acd8                SysTick_Handler
 .text.vPortSetupTimerInterrupt
                0x000000000800ad2c       0x48 ./ThirdParty/FreeRTOS/portable/GCC/ARM_CM4F/port.o
                0x000000000800ad2c                vPortSetupTimerInterrupt
 .text.vPortEnableVFP
                0x000000000800ad74       0x18 ./ThirdParty/FreeRTOS/portable/GCC/ARM_CM4F/port.o
 .text.vPortValidateInterruptPriority
                0x000000000800ad8c       0x80 ./ThirdParty/FreeRTOS/portable/GCC/ARM_CM4F/port.o
                0x000000000800ad8c                vPortValidateInterruptPriority
 .text.pvPortMalloc
                0x000000000800ae0c      0x174 ./ThirdParty/FreeRTOS/portable/MemMang/heap_4.o
                0x000000000800ae0c                pvPortMalloc
 .text.vPortFree
                0x000000000800af80       0xb8 ./ThirdParty/FreeRTOS/portable/MemMang/heap_4.o
                0x000000000800af80                vPortFree
 .text.prvHeapInit
                0x000000000800b038       0xb8 ./ThirdParty/FreeRTOS/portable/MemMang/heap_4.o
 .text.prvInsertBlockIntoFreeList
                0x000000000800b0f0       0xb4 ./ThirdParty/FreeRTOS/portable/MemMang/heap_4.o
 .text.SYSVIEW_AddTask
                0x000000000800b1a4       0xd0 ./ThirdParty/SEGGER/OS/SEGGER_SYSVIEW_FreeRTOS.o
                0x000000000800b1a4                SYSVIEW_AddTask
 .text.SYSVIEW_SendTaskInfo
                0x000000000800b274       0x42 ./ThirdParty/SEGGER/OS/SEGGER_SYSVIEW_FreeRTOS.o
                0x000000000800b274                SYSVIEW_SendTaskInfo
 *fill*         0x000000000800b2b6        0x2 
 .text._DoInit  0x000000000800b2b8       0xb0 ./ThirdParty/SEGGER/SEGGER/SEGGER_RTT.o
 .text._WriteBlocking
                0x000000000800b368       0xba ./ThirdParty/SEGGER/SEGGER/SEGGER_RTT.o
 .text._WriteNoCheck
                0x000000000800b422       0x90 ./ThirdParty/SEGGER/SEGGER/SEGGER_RTT.o
 .text._GetAvailWriteSpace
                0x000000000800b4b2       0x46 ./ThirdParty/SEGGER/SEGGER/SEGGER_RTT.o
 .text.SEGGER_RTT_ReadNoLock
                0x000000000800b4f8      0x10c ./ThirdParty/SEGGER/SEGGER/SEGGER_RTT.o
                0x000000000800b4f8                SEGGER_RTT_ReadNoLock
 .text.SEGGER_RTT_WriteNoLock
                0x000000000800b604       0xa0 ./ThirdParty/SEGGER/SEGGER/SEGGER_RTT.o
                0x000000000800b604                SEGGER_RTT_WriteNoLock
 .text.SEGGER_RTT_Write
                0x000000000800b6a4       0x4c ./ThirdParty/SEGGER/SEGGER/SEGGER_RTT.o
                0x000000000800b6a4                SEGGER_RTT_Write
 .text._EncodeStr
                0x000000000800b6f0       0x9a ./ThirdParty/SEGGER/SEGGER/SEGGER_SYSVIEW.o
 .text._PreparePacket
                0x000000000800b78a       0x18 ./ThirdParty/SEGGER/SEGGER/SEGGER_SYSVIEW.o
 *fill*         0x000000000800b7a2        0x2 
 .text._HandleIncomingPacket
                0x000000000800b7a4       0xe0 ./ThirdParty/SEGGER/SEGGER/SEGGER_SYSVIEW.o
 .text._TrySendOverflowPacket
                0x000000000800b884       0xe4 ./ThirdParty/SEGGER/SEGGER/SEGGER_SYSVIEW.o
 .text._SendPacket
                0x000000000800b968      0x1cc ./ThirdParty/SEGGER/SEGGER/SEGGER_SYSVIEW.o
 .text.SEGGER_SYSVIEW_RecordVoid
                0x000000000800bb34       0x3c ./ThirdParty/SEGGER/SEGGER/SEGGER_SYSVIEW.o
                0x000000000800bb34                SEGGER_SYSVIEW_RecordVoid
 .text.SEGGER_SYSVIEW_RecordU32
                0x000000000800bb70       0x78 ./ThirdParty/SEGGER/SEGGER/SEGGER_SYSVIEW.o
                0x000000000800bb70                SEGGER_SYSVIEW_RecordU32
 .text.SEGGER_SYSVIEW_RecordU32x2
                0x000000000800bbe8       0xb4 ./ThirdParty/SEGGER/SEGGER/SEGGER_SYSVIEW.o
                0x000000000800bbe8                SEGGER_SYSVIEW_RecordU32x2
 .text.SEGGER_SYSVIEW_RecordU32x3
                0x000000000800bc9c       0xec ./ThirdParty/SEGGER/SEGGER/SEGGER_SYSVIEW.o
                0x000000000800bc9c                SEGGER_SYSVIEW_RecordU32x3
 .text.SEGGER_SYSVIEW_RecordU32x4
                0x000000000800bd88      0x124 ./ThirdParty/SEGGER/SEGGER/SEGGER_SYSVIEW.o
                0x000000000800bd88                SEGGER_SYSVIEW_RecordU32x4
 .text.SEGGER_SYSVIEW_RecordU32x5
                0x000000000800beac      0x15c ./ThirdParty/SEGGER/SEGGER/SEGGER_SYSVIEW.o
                0x000000000800beac                SEGGER_SYSVIEW_RecordU32x5
 .text.SEGGER_SYSVIEW_Start
                0x000000000800c008      0x174 ./ThirdParty/SEGGER/SEGGER/SEGGER_SYSVIEW.o
                0x000000000800c008                SEGGER_SYSVIEW_Start
 .text.SEGGER_SYSVIEW_Stop
                0x000000000800c17c       0x4c ./ThirdParty/SEGGER/SEGGER/SEGGER_SYSVIEW.o
                0x000000000800c17c                SEGGER_SYSVIEW_Stop
 .text.SEGGER_SYSVIEW_GetSysDesc
                0x000000000800c1c8      0x134 ./ThirdParty/SEGGER/SEGGER/SEGGER_SYSVIEW.o
                0x000000000800c1c8                SEGGER_SYSVIEW_GetSysDesc
 .text.SEGGER_SYSVIEW_SendTaskInfo
                0x000000000800c2fc      0x1c8 ./ThirdParty/SEGGER/SEGGER/SEGGER_SYSVIEW.o
                0x000000000800c2fc                SEGGER_SYSVIEW_SendTaskInfo
 .text.SEGGER_SYSVIEW_SendTaskList
                0x000000000800c4c4       0x28 ./ThirdParty/SEGGER/SEGGER/SEGGER_SYSVIEW.o
                0x000000000800c4c4                SEGGER_SYSVIEW_SendTaskList
 .text.SEGGER_SYSVIEW_RecordSystime
                0x000000000800c4ec       0x64 ./ThirdParty/SEGGER/SEGGER/SEGGER_SYSVIEW.o
                0x000000000800c4ec                SEGGER_SYSVIEW_RecordSystime
 .text.SEGGER_SYSVIEW_RecordEnterISR
                0x000000000800c550       0x84 ./ThirdParty/SEGGER/SEGGER/SEGGER_SYSVIEW.o
                0x000000000800c550                SEGGER_SYSVIEW_RecordEnterISR
 .text.SEGGER_SYSVIEW_RecordExitISR
                0x000000000800c5d4       0x38 ./ThirdParty/SEGGER/SEGGER/SEGGER_SYSVIEW.o
                0x000000000800c5d4                SEGGER_SYSVIEW_RecordExitISR
 .text.SEGGER_SYSVIEW_RecordExitISRToScheduler
                0x000000000800c60c       0x38 ./ThirdParty/SEGGER/SEGGER/SEGGER_SYSVIEW.o
                0x000000000800c60c                SEGGER_SYSVIEW_RecordExitISRToScheduler
 .text.SEGGER_SYSVIEW_OnIdle
                0x000000000800c644       0x38 ./ThirdParty/SEGGER/SEGGER/SEGGER_SYSVIEW.o
                0x000000000800c644                SEGGER_SYSVIEW_OnIdle
 .text.SEGGER_SYSVIEW_OnTaskCreate
                0x000000000800c67c       0x84 ./ThirdParty/SEGGER/SEGGER/SEGGER_SYSVIEW.o
                0x000000000800c67c                SEGGER_SYSVIEW_OnTaskCreate
 .text.SEGGER_SYSVIEW_OnTaskStartExec
                0x000000000800c700       0x84 ./ThirdParty/SEGGER/SEGGER/SEGGER_SYSVIEW.o
                0x000000000800c700                SEGGER_SYSVIEW_OnTaskStartExec
 .text.SEGGER_SYSVIEW_OnTaskStartReady
                0x000000000800c784       0x84 ./ThirdParty/SEGGER/SEGGER/SEGGER_SYSVIEW.o
                0x000000000800c784                SEGGER_SYSVIEW_OnTaskStartReady
 .text.SEGGER_SYSVIEW_ShrinkId
                0x000000000800c808       0x20 ./ThirdParty/SEGGER/SEGGER/SEGGER_SYSVIEW.o
                0x000000000800c808                SEGGER_SYSVIEW_ShrinkId
 .text.SEGGER_SYSVIEW_SendModule
                0x000000000800c828      0x100 ./ThirdParty/SEGGER/SEGGER/SEGGER_SYSVIEW.o
                0x000000000800c828                SEGGER_SYSVIEW_SendModule
 .text.SEGGER_SYSVIEW_SendModuleDescription
                0x000000000800c928       0x3c ./ThirdParty/SEGGER/SEGGER/SEGGER_SYSVIEW.o
                0x000000000800c928                SEGGER_SYSVIEW_SendModuleDescription
 .text.SEGGER_SYSVIEW_SendNumModules
                0x000000000800c964       0x7c ./ThirdParty/SEGGER/SEGGER/SEGGER_SYSVIEW.o
                0x000000000800c964                SEGGER_SYSVIEW_SendNumModules
 .text.SEGGER_SYSVIEW_Warn
                0x000000000800c9e0       0xb8 ./ThirdParty/SEGGER/SEGGER/SEGGER_SYSVIEW.o
                0x000000000800c9e0                SEGGER_SYSVIEW_Warn
 .text._write_r
                0x000000000800ca98       0x22 ./ThirdParty/SEGGER/SEGGER/Syscalls/SEGGER_RTT_Syscalls_GCC.o
                0x000000000800ca98                _write_r
 .text.atoi     0x000000000800caba        0x8 D:/GP/IMP_Files/STM32CubeIDE_1.4.0/STM32CubeIDE/plugins/com.st.stm32cube.ide.mcu.externaltools.gnu-tools-for-stm32.11.3.rel1.win32_1.1.100.202309141235/tools/bin/../lib/gcc/arm-none-eabi/11.3.1/../../../../arm-none-eabi/lib/thumb/v7e-m+fp/hard\libc_nano.a(libc_a-atoi.o)
                0x000000000800caba                atoi
 *fill*         0x000000000800cac2        0x2 
 .text._strtol_l.constprop.0
                0x000000000800cac4      0x104 D:/GP/IMP_Files/STM32CubeIDE_1.4.0/STM32CubeIDE/plugins/com.st.stm32cube.ide.mcu.externaltools.gnu-tools-for-stm32.11.3.rel1.win32_1.1.100.202309141235/tools/bin/../lib/gcc/arm-none-eabi/11.3.1/../../../../arm-none-eabi/lib/thumb/v7e-m+fp/hard\libc_nano.a(libc_a-strtol.o)
 .text.strtol   0x000000000800cbc8       0x14 D:/GP/IMP_Files/STM32CubeIDE_1.4.0/STM32CubeIDE/plugins/com.st.stm32cube.ide.mcu.externaltools.gnu-tools-for-stm32.11.3.rel1.win32_1.1.100.202309141235/tools/bin/../lib/gcc/arm-none-eabi/11.3.1/../../../../arm-none-eabi/lib/thumb/v7e-m+fp/hard\libc_nano.a(libc_a-strtol.o)
                0x000000000800cbc8                strtol
 .text.__cvt    0x000000000800cbdc       0xc4 D:/GP/IMP_Files/STM32CubeIDE_1.4.0/STM32CubeIDE/plugins/com.st.stm32cube.ide.mcu.externaltools.gnu-tools-for-stm32.11.3.rel1.win32_1.1.100.202309141235/tools/bin/../lib/gcc/arm-none-eabi/11.3.1/../../../../arm-none-eabi/lib/thumb/v7e-m+fp/hard\libc_nano.a(libc_a-nano-vfprintf_float.o)
                0x000000000800cbdc                __cvt
 .text.__exponent
                0x000000000800cca0       0x7c D:/GP/IMP_Files/STM32CubeIDE_1.4.0/STM32CubeIDE/plugins/com.st.stm32cube.ide.mcu.externaltools.gnu-tools-for-stm32.11.3.rel1.win32_1.1.100.202309141235/tools/bin/../lib/gcc/arm-none-eabi/11.3.1/../../../../arm-none-eabi/lib/thumb/v7e-m+fp/hard\libc_nano.a(libc_a-nano-vfprintf_float.o)
                0x000000000800cca0                __exponent
 .text._printf_float
                0x000000000800cd1c      0x46c D:/GP/IMP_Files/STM32CubeIDE_1.4.0/STM32CubeIDE/plugins/com.st.stm32cube.ide.mcu.externaltools.gnu-tools-for-stm32.11.3.rel1.win32_1.1.100.202309141235/tools/bin/../lib/gcc/arm-none-eabi/11.3.1/../../../../arm-none-eabi/lib/thumb/v7e-m+fp/hard\libc_nano.a(libc_a-nano-vfprintf_float.o)
                0x000000000800cd1c                _printf_float
 .text._printf_common
                0x000000000800d188       0xda D:/GP/IMP_Files/STM32CubeIDE_1.4.0/STM32CubeIDE/plugins/com.st.stm32cube.ide.mcu.externaltools.gnu-tools-for-stm32.11.3.rel1.win32_1.1.100.202309141235/tools/bin/../lib/gcc/arm-none-eabi/11.3.1/../../../../arm-none-eabi/lib/thumb/v7e-m+fp/hard\libc_nano.a(libc_a-nano-vfprintf_i.o)
                0x000000000800d188                _printf_common
 *fill*         0x000000000800d262        0x2 
 .text._printf_i
                0x000000000800d264      0x244 D:/GP/IMP_Files/STM32CubeIDE_1.4.0/STM32CubeIDE/plugins/com.st.stm32cube.ide.mcu.externaltools.gnu-tools-for-stm32.11.3.rel1.win32_1.1.100.202309141235/tools/bin/../lib/gcc/arm-none-eabi/11.3.1/../../../../arm-none-eabi/lib/thumb/v7e-m+fp/hard\libc_nano.a(libc_a-nano-vfprintf_i.o)
                0x000000000800d264                _printf_i
 .text.std      0x000000000800d4a8       0x6c D:/GP/IMP_Files/STM32CubeIDE_1.4.0/STM32CubeIDE/plugins/com.st.stm32cube.ide.mcu.externaltools.gnu-tools-for-stm32.11.3.rel1.win32_1.1.100.202309141235/tools/bin/../lib/gcc/arm-none-eabi/11.3.1/../../../../arm-none-eabi/lib/thumb/v7e-m+fp/hard\libc_nano.a(libc_a-findfp.o)
 .text.stdio_exit_handler
                0x000000000800d514       0x18 D:/GP/IMP_Files/STM32CubeIDE_1.4.0/STM32CubeIDE/plugins/com.st.stm32cube.ide.mcu.externaltools.gnu-tools-for-stm32.11.3.rel1.win32_1.1.100.202309141235/tools/bin/../lib/gcc/arm-none-eabi/11.3.1/../../../../arm-none-eabi/lib/thumb/v7e-m+fp/hard\libc_nano.a(libc_a-findfp.o)
 .text.cleanup_stdio
                0x000000000800d52c       0x40 D:/GP/IMP_Files/STM32CubeIDE_1.4.0/STM32CubeIDE/plugins/com.st.stm32cube.ide.mcu.externaltools.gnu-tools-for-stm32.11.3.rel1.win32_1.1.100.202309141235/tools/bin/../lib/gcc/arm-none-eabi/11.3.1/../../../../arm-none-eabi/lib/thumb/v7e-m+fp/hard\libc_nano.a(libc_a-findfp.o)
 .text.global_stdio_init.part.0
                0x000000000800d56c       0x3c D:/GP/IMP_Files/STM32CubeIDE_1.4.0/STM32CubeIDE/plugins/com.st.stm32cube.ide.mcu.externaltools.gnu-tools-for-stm32.11.3.rel1.win32_1.1.100.202309141235/tools/bin/../lib/gcc/arm-none-eabi/11.3.1/../../../../arm-none-eabi/lib/thumb/v7e-m+fp/hard\libc_nano.a(libc_a-findfp.o)
 .text.__sfp_lock_acquire
                0x000000000800d5a8        0xc D:/GP/IMP_Files/STM32CubeIDE_1.4.0/STM32CubeIDE/plugins/com.st.stm32cube.ide.mcu.externaltools.gnu-tools-for-stm32.11.3.rel1.win32_1.1.100.202309141235/tools/bin/../lib/gcc/arm-none-eabi/11.3.1/../../../../arm-none-eabi/lib/thumb/v7e-m+fp/hard\libc_nano.a(libc_a-findfp.o)
                0x000000000800d5a8                __sfp_lock_acquire
 .text.__sfp_lock_release
                0x000000000800d5b4        0xc D:/GP/IMP_Files/STM32CubeIDE_1.4.0/STM32CubeIDE/plugins/com.st.stm32cube.ide.mcu.externaltools.gnu-tools-for-stm32.11.3.rel1.win32_1.1.100.202309141235/tools/bin/../lib/gcc/arm-none-eabi/11.3.1/../../../../arm-none-eabi/lib/thumb/v7e-m+fp/hard\libc_nano.a(libc_a-findfp.o)
                0x000000000800d5b4                __sfp_lock_release
 .text.__sinit  0x000000000800d5c0       0x30 D:/GP/IMP_Files/STM32CubeIDE_1.4.0/STM32CubeIDE/plugins/com.st.stm32cube.ide.mcu.externaltools.gnu-tools-for-stm32.11.3.rel1.win32_1.1.100.202309141235/tools/bin/../lib/gcc/arm-none-eabi/11.3.1/../../../../arm-none-eabi/lib/thumb/v7e-m+fp/hard\libc_nano.a(libc_a-findfp.o)
                0x000000000800d5c0                __sinit
 .text._fwalk_sglue
                0x000000000800d5f0       0x3c D:/GP/IMP_Files/STM32CubeIDE_1.4.0/STM32CubeIDE/plugins/com.st.stm32cube.ide.mcu.externaltools.gnu-tools-for-stm32.11.3.rel1.win32_1.1.100.202309141235/tools/bin/../lib/gcc/arm-none-eabi/11.3.1/../../../../arm-none-eabi/lib/thumb/v7e-m+fp/hard\libc_nano.a(libc_a-fwalk.o)
                0x000000000800d5f0                _fwalk_sglue
 .text.snprintf
                0x000000000800d62c       0x68 D:/GP/IMP_Files/STM32CubeIDE_1.4.0/STM32CubeIDE/plugins/com.st.stm32cube.ide.mcu.externaltools.gnu-tools-for-stm32.11.3.rel1.win32_1.1.100.202309141235/tools/bin/../lib/gcc/arm-none-eabi/11.3.1/../../../../arm-none-eabi/lib/thumb/v7e-m+fp/hard\libc_nano.a(libc_a-snprintf.o)
                0x000000000800d62c                sniprintf
                0x000000000800d62c                snprintf
 .text.__sread  0x000000000800d694       0x22 D:/GP/IMP_Files/STM32CubeIDE_1.4.0/STM32CubeIDE/plugins/com.st.stm32cube.ide.mcu.externaltools.gnu-tools-for-stm32.11.3.rel1.win32_1.1.100.202309141235/tools/bin/../lib/gcc/arm-none-eabi/11.3.1/../../../../arm-none-eabi/lib/thumb/v7e-m+fp/hard\libc_nano.a(libc_a-stdio.o)
                0x000000000800d694                __sread
 .text.__swrite
                0x000000000800d6b6       0x38 D:/GP/IMP_Files/STM32CubeIDE_1.4.0/STM32CubeIDE/plugins/com.st.stm32cube.ide.mcu.externaltools.gnu-tools-for-stm32.11.3.rel1.win32_1.1.100.202309141235/tools/bin/../lib/gcc/arm-none-eabi/11.3.1/../../../../arm-none-eabi/lib/thumb/v7e-m+fp/hard\libc_nano.a(libc_a-stdio.o)
                0x000000000800d6b6                __swrite
 .text.__sseek  0x000000000800d6ee       0x24 D:/GP/IMP_Files/STM32CubeIDE_1.4.0/STM32CubeIDE/plugins/com.st.stm32cube.ide.mcu.externaltools.gnu-tools-for-stm32.11.3.rel1.win32_1.1.100.202309141235/tools/bin/../lib/gcc/arm-none-eabi/11.3.1/../../../../arm-none-eabi/lib/thumb/v7e-m+fp/hard\libc_nano.a(libc_a-stdio.o)
                0x000000000800d6ee                __sseek
 .text.__sclose
                0x000000000800d712        0x8 D:/GP/IMP_Files/STM32CubeIDE_1.4.0/STM32CubeIDE/plugins/com.st.stm32cube.ide.mcu.externaltools.gnu-tools-for-stm32.11.3.rel1.win32_1.1.100.202309141235/tools/bin/../lib/gcc/arm-none-eabi/11.3.1/../../../../arm-none-eabi/lib/thumb/v7e-m+fp/hard\libc_nano.a(libc_a-stdio.o)
                0x000000000800d712                __sclose
 .text.memcmp   0x000000000800d71a       0x20 D:/GP/IMP_Files/STM32CubeIDE_1.4.0/STM32CubeIDE/plugins/com.st.stm32cube.ide.mcu.externaltools.gnu-tools-for-stm32.11.3.rel1.win32_1.1.100.202309141235/tools/bin/../lib/gcc/arm-none-eabi/11.3.1/../../../../arm-none-eabi/lib/thumb/v7e-m+fp/hard\libc_nano.a(libc_a-memcmp.o)
                0x000000000800d71a                memcmp
 .text.memset   0x000000000800d73a       0x10 D:/GP/IMP_Files/STM32CubeIDE_1.4.0/STM32CubeIDE/plugins/com.st.stm32cube.ide.mcu.externaltools.gnu-tools-for-stm32.11.3.rel1.win32_1.1.100.202309141235/tools/bin/../lib/gcc/arm-none-eabi/11.3.1/../../../../arm-none-eabi/lib/thumb/v7e-m+fp/hard\libc_nano.a(libc_a-memset.o)
                0x000000000800d73a                memset
 *fill*         0x000000000800d74a        0x2 
 .text._localeconv_r
                0x000000000800d74c        0x8 D:/GP/IMP_Files/STM32CubeIDE_1.4.0/STM32CubeIDE/plugins/com.st.stm32cube.ide.mcu.externaltools.gnu-tools-for-stm32.11.3.rel1.win32_1.1.100.202309141235/tools/bin/../lib/gcc/arm-none-eabi/11.3.1/../../../../arm-none-eabi/lib/thumb/v7e-m+fp/hard\libc_nano.a(libc_a-localeconv.o)
                0x000000000800d74c                _localeconv_r
 .text._close_r
                0x000000000800d754       0x20 D:/GP/IMP_Files/STM32CubeIDE_1.4.0/STM32CubeIDE/plugins/com.st.stm32cube.ide.mcu.externaltools.gnu-tools-for-stm32.11.3.rel1.win32_1.1.100.202309141235/tools/bin/../lib/gcc/arm-none-eabi/11.3.1/../../../../arm-none-eabi/lib/thumb/v7e-m+fp/hard\libc_nano.a(libc_a-closer.o)
                0x000000000800d754                _close_r
 .text._lseek_r
                0x000000000800d774       0x24 D:/GP/IMP_Files/STM32CubeIDE_1.4.0/STM32CubeIDE/plugins/com.st.stm32cube.ide.mcu.externaltools.gnu-tools-for-stm32.11.3.rel1.win32_1.1.100.202309141235/tools/bin/../lib/gcc/arm-none-eabi/11.3.1/../../../../arm-none-eabi/lib/thumb/v7e-m+fp/hard\libc_nano.a(libc_a-lseekr.o)
                0x000000000800d774                _lseek_r
 .text._read_r  0x000000000800d798       0x24 D:/GP/IMP_Files/STM32CubeIDE_1.4.0/STM32CubeIDE/plugins/com.st.stm32cube.ide.mcu.externaltools.gnu-tools-for-stm32.11.3.rel1.win32_1.1.100.202309141235/tools/bin/../lib/gcc/arm-none-eabi/11.3.1/../../../../arm-none-eabi/lib/thumb/v7e-m+fp/hard\libc_nano.a(libc_a-readr.o)
                0x000000000800d798                _read_r
 .text.__errno  0x000000000800d7bc        0xc D:/GP/IMP_Files/STM32CubeIDE_1.4.0/STM32CubeIDE/plugins/com.st.stm32cube.ide.mcu.externaltools.gnu-tools-for-stm32.11.3.rel1.win32_1.1.100.202309141235/tools/bin/../lib/gcc/arm-none-eabi/11.3.1/../../../../arm-none-eabi/lib/thumb/v7e-m+fp/hard\libc_nano.a(libc_a-errno.o)
                0x000000000800d7bc                __errno
 .text.__libc_init_array
                0x000000000800d7c8       0x48 D:/GP/IMP_Files/STM32CubeIDE_1.4.0/STM32CubeIDE/plugins/com.st.stm32cube.ide.mcu.externaltools.gnu-tools-for-stm32.11.3.rel1.win32_1.1.100.202309141235/tools/bin/../lib/gcc/arm-none-eabi/11.3.1/../../../../arm-none-eabi/lib/thumb/v7e-m+fp/hard\libc_nano.a(libc_a-init.o)
                0x000000000800d7c8                __libc_init_array
 .text.__retarget_lock_init_recursive
                0x000000000800d810        0x2 D:/GP/IMP_Files/STM32CubeIDE_1.4.0/STM32CubeIDE/plugins/com.st.stm32cube.ide.mcu.externaltools.gnu-tools-for-stm32.11.3.rel1.win32_1.1.100.202309141235/tools/bin/../lib/gcc/arm-none-eabi/11.3.1/../../../../arm-none-eabi/lib/thumb/v7e-m+fp/hard\libc_nano.a(libc_a-lock.o)
                0x000000000800d810                __retarget_lock_init_recursive
 .text.__retarget_lock_acquire_recursive
                0x000000000800d812        0x2 D:/GP/IMP_Files/STM32CubeIDE_1.4.0/STM32CubeIDE/plugins/com.st.stm32cube.ide.mcu.externaltools.gnu-tools-for-stm32.11.3.rel1.win32_1.1.100.202309141235/tools/bin/../lib/gcc/arm-none-eabi/11.3.1/../../../../arm-none-eabi/lib/thumb/v7e-m+fp/hard\libc_nano.a(libc_a-lock.o)
                0x000000000800d812                __retarget_lock_acquire_recursive
 .text.__retarget_lock_release_recursive
                0x000000000800d814        0x2 D:/GP/IMP_Files/STM32CubeIDE_1.4.0/STM32CubeIDE/plugins/com.st.stm32cube.ide.mcu.externaltools.gnu-tools-for-stm32.11.3.rel1.win32_1.1.100.202309141235/tools/bin/../lib/gcc/arm-none-eabi/11.3.1/../../../../arm-none-eabi/lib/thumb/v7e-m+fp/hard\libc_nano.a(libc_a-lock.o)
                0x000000000800d814                __retarget_lock_release_recursive
 .text.memcpy   0x000000000800d816       0x1c D:/GP/IMP_Files/STM32CubeIDE_1.4.0/STM32CubeIDE/plugins/com.st.stm32cube.ide.mcu.externaltools.gnu-tools-for-stm32.11.3.rel1.win32_1.1.100.202309141235/tools/bin/../lib/gcc/arm-none-eabi/11.3.1/../../../../arm-none-eabi/lib/thumb/v7e-m+fp/hard\libc_nano.a(libc_a-memcpy-stub.o)
                0x000000000800d816                memcpy
 .text.quorem   0x000000000800d832      0x110 D:/GP/IMP_Files/STM32CubeIDE_1.4.0/STM32CubeIDE/plugins/com.st.stm32cube.ide.mcu.externaltools.gnu-tools-for-stm32.11.3.rel1.win32_1.1.100.202309141235/tools/bin/../lib/gcc/arm-none-eabi/11.3.1/../../../../arm-none-eabi/lib/thumb/v7e-m+fp/hard\libc_nano.a(libc_a-dtoa.o)
 *fill*         0x000000000800d942        0x6 
 .text._dtoa_r  0x000000000800d948      0xbe4 D:/GP/IMP_Files/STM32CubeIDE_1.4.0/STM32CubeIDE/plugins/com.st.stm32cube.ide.mcu.externaltools.gnu-tools-for-stm32.11.3.rel1.win32_1.1.100.202309141235/tools/bin/../lib/gcc/arm-none-eabi/11.3.1/../../../../arm-none-eabi/lib/thumb/v7e-m+fp/hard\libc_nano.a(libc_a-dtoa.o)
                0x000000000800d948                _dtoa_r
 .text._free_r  0x000000000800e52c       0x98 D:/GP/IMP_Files/STM32CubeIDE_1.4.0/STM32CubeIDE/plugins/com.st.stm32cube.ide.mcu.externaltools.gnu-tools-for-stm32.11.3.rel1.win32_1.1.100.202309141235/tools/bin/../lib/gcc/arm-none-eabi/11.3.1/../../../../arm-none-eabi/lib/thumb/v7e-m+fp/hard\libc_nano.a(libc_a-freer.o)
                0x000000000800e52c                _free_r
 .text.malloc   0x000000000800e5c4       0x10 D:/GP/IMP_Files/STM32CubeIDE_1.4.0/STM32CubeIDE/plugins/com.st.stm32cube.ide.mcu.externaltools.gnu-tools-for-stm32.11.3.rel1.win32_1.1.100.202309141235/tools/bin/../lib/gcc/arm-none-eabi/11.3.1/../../../../arm-none-eabi/lib/thumb/v7e-m+fp/hard\libc_nano.a(libc_a-malloc.o)
                0x000000000800e5c4                malloc
 .text.sbrk_aligned
                0x000000000800e5d4       0x40 D:/GP/IMP_Files/STM32CubeIDE_1.4.0/STM32CubeIDE/plugins/com.st.stm32cube.ide.mcu.externaltools.gnu-tools-for-stm32.11.3.rel1.win32_1.1.100.202309141235/tools/bin/../lib/gcc/arm-none-eabi/11.3.1/../../../../arm-none-eabi/lib/thumb/v7e-m+fp/hard\libc_nano.a(libc_a-mallocr.o)
 .text._malloc_r
                0x000000000800e614      0x100 D:/GP/IMP_Files/STM32CubeIDE_1.4.0/STM32CubeIDE/plugins/com.st.stm32cube.ide.mcu.externaltools.gnu-tools-for-stm32.11.3.rel1.win32_1.1.100.202309141235/tools/bin/../lib/gcc/arm-none-eabi/11.3.1/../../../../arm-none-eabi/lib/thumb/v7e-m+fp/hard\libc_nano.a(libc_a-mallocr.o)
                0x000000000800e614                _malloc_r
 .text.__ascii_mbtowc
                0x000000000800e714       0x24 D:/GP/IMP_Files/STM32CubeIDE_1.4.0/STM32CubeIDE/plugins/com.st.stm32cube.ide.mcu.externaltools.gnu-tools-for-stm32.11.3.rel1.win32_1.1.100.202309141235/tools/bin/../lib/gcc/arm-none-eabi/11.3.1/../../../../arm-none-eabi/lib/thumb/v7e-m+fp/hard\libc_nano.a(libc_a-mbtowc_r.o)
                0x000000000800e714                __ascii_mbtowc
 .text.__malloc_lock
                0x000000000800e738        0xc D:/GP/IMP_Files/STM32CubeIDE_1.4.0/STM32CubeIDE/plugins/com.st.stm32cube.ide.mcu.externaltools.gnu-tools-for-stm32.11.3.rel1.win32_1.1.100.202309141235/tools/bin/../lib/gcc/arm-none-eabi/11.3.1/../../../../arm-none-eabi/lib/thumb/v7e-m+fp/hard\libc_nano.a(libc_a-mlock.o)
                0x000000000800e738                __malloc_lock
 .text.__malloc_unlock
                0x000000000800e744        0xc D:/GP/IMP_Files/STM32CubeIDE_1.4.0/STM32CubeIDE/plugins/com.st.stm32cube.ide.mcu.externaltools.gnu-tools-for-stm32.11.3.rel1.win32_1.1.100.202309141235/tools/bin/../lib/gcc/arm-none-eabi/11.3.1/../../../../arm-none-eabi/lib/thumb/v7e-m+fp/hard\libc_nano.a(libc_a-mlock.o)
                0x000000000800e744                __malloc_unlock
 .text._Balloc  0x000000000800e750       0x80 D:/GP/IMP_Files/STM32CubeIDE_1.4.0/STM32CubeIDE/plugins/com.st.stm32cube.ide.mcu.externaltools.gnu-tools-for-stm32.11.3.rel1.win32_1.1.100.202309141235/tools/bin/../lib/gcc/arm-none-eabi/11.3.1/../../../../arm-none-eabi/lib/thumb/v7e-m+fp/hard\libc_nano.a(libc_a-mprec.o)
                0x000000000800e750                _Balloc
 .text._Bfree   0x000000000800e7d0       0x44 D:/GP/IMP_Files/STM32CubeIDE_1.4.0/STM32CubeIDE/plugins/com.st.stm32cube.ide.mcu.externaltools.gnu-tools-for-stm32.11.3.rel1.win32_1.1.100.202309141235/tools/bin/../lib/gcc/arm-none-eabi/11.3.1/../../../../arm-none-eabi/lib/thumb/v7e-m+fp/hard\libc_nano.a(libc_a-mprec.o)
                0x000000000800e7d0                _Bfree
 .text.__multadd
                0x000000000800e814       0x8c D:/GP/IMP_Files/STM32CubeIDE_1.4.0/STM32CubeIDE/plugins/com.st.stm32cube.ide.mcu.externaltools.gnu-tools-for-stm32.11.3.rel1.win32_1.1.100.202309141235/tools/bin/../lib/gcc/arm-none-eabi/11.3.1/../../../../arm-none-eabi/lib/thumb/v7e-m+fp/hard\libc_nano.a(libc_a-mprec.o)
                0x000000000800e814                __multadd
 .text.__hi0bits
                0x000000000800e8a0       0x40 D:/GP/IMP_Files/STM32CubeIDE_1.4.0/STM32CubeIDE/plugins/com.st.stm32cube.ide.mcu.externaltools.gnu-tools-for-stm32.11.3.rel1.win32_1.1.100.202309141235/tools/bin/../lib/gcc/arm-none-eabi/11.3.1/../../../../arm-none-eabi/lib/thumb/v7e-m+fp/hard\libc_nano.a(libc_a-mprec.o)
                0x000000000800e8a0                __hi0bits
 .text.__lo0bits
                0x000000000800e8e0       0x5a D:/GP/IMP_Files/STM32CubeIDE_1.4.0/STM32CubeIDE/plugins/com.st.stm32cube.ide.mcu.externaltools.gnu-tools-for-stm32.11.3.rel1.win32_1.1.100.202309141235/tools/bin/../lib/gcc/arm-none-eabi/11.3.1/../../../../arm-none-eabi/lib/thumb/v7e-m+fp/hard\libc_nano.a(libc_a-mprec.o)
                0x000000000800e8e0                __lo0bits
 *fill*         0x000000000800e93a        0x2 
 .text.__i2b    0x000000000800e93c       0x2c D:/GP/IMP_Files/STM32CubeIDE_1.4.0/STM32CubeIDE/plugins/com.st.stm32cube.ide.mcu.externaltools.gnu-tools-for-stm32.11.3.rel1.win32_1.1.100.202309141235/tools/bin/../lib/gcc/arm-none-eabi/11.3.1/../../../../arm-none-eabi/lib/thumb/v7e-m+fp/hard\libc_nano.a(libc_a-mprec.o)
                0x000000000800e93c                __i2b
 .text.__multiply
                0x000000000800e968      0x154 D:/GP/IMP_Files/STM32CubeIDE_1.4.0/STM32CubeIDE/plugins/com.st.stm32cube.ide.mcu.externaltools.gnu-tools-for-stm32.11.3.rel1.win32_1.1.100.202309141235/tools/bin/../lib/gcc/arm-none-eabi/11.3.1/../../../../arm-none-eabi/lib/thumb/v7e-m+fp/hard\libc_nano.a(libc_a-mprec.o)
                0x000000000800e968                __multiply
 .text.__pow5mult
                0x000000000800eabc       0xb4 D:/GP/IMP_Files/STM32CubeIDE_1.4.0/STM32CubeIDE/plugins/com.st.stm32cube.ide.mcu.externaltools.gnu-tools-for-stm32.11.3.rel1.win32_1.1.100.202309141235/tools/bin/../lib/gcc/arm-none-eabi/11.3.1/../../../../arm-none-eabi/lib/thumb/v7e-m+fp/hard\libc_nano.a(libc_a-mprec.o)
                0x000000000800eabc                __pow5mult
 .text.__lshift
                0x000000000800eb70       0xd8 D:/GP/IMP_Files/STM32CubeIDE_1.4.0/STM32CubeIDE/plugins/com.st.stm32cube.ide.mcu.externaltools.gnu-tools-for-stm32.11.3.rel1.win32_1.1.100.202309141235/tools/bin/../lib/gcc/arm-none-eabi/11.3.1/../../../../arm-none-eabi/lib/thumb/v7e-m+fp/hard\libc_nano.a(libc_a-mprec.o)
                0x000000000800eb70                __lshift
 .text.__mcmp   0x000000000800ec48       0x38 D:/GP/IMP_Files/STM32CubeIDE_1.4.0/STM32CubeIDE/plugins/com.st.stm32cube.ide.mcu.externaltools.gnu-tools-for-stm32.11.3.rel1.win32_1.1.100.202309141235/tools/bin/../lib/gcc/arm-none-eabi/11.3.1/../../../../arm-none-eabi/lib/thumb/v7e-m+fp/hard\libc_nano.a(libc_a-mprec.o)
                0x000000000800ec48                __mcmp
 .text.__mdiff  0x000000000800ec80      0x114 D:/GP/IMP_Files/STM32CubeIDE_1.4.0/STM32CubeIDE/plugins/com.st.stm32cube.ide.mcu.externaltools.gnu-tools-for-stm32.11.3.rel1.win32_1.1.100.202309141235/tools/bin/../lib/gcc/arm-none-eabi/11.3.1/../../../../arm-none-eabi/lib/thumb/v7e-m+fp/hard\libc_nano.a(libc_a-mprec.o)
                0x000000000800ec80                __mdiff
 .text.__d2b    0x000000000800ed94       0xb4 D:/GP/IMP_Files/STM32CubeIDE_1.4.0/STM32CubeIDE/plugins/com.st.stm32cube.ide.mcu.externaltools.gnu-tools-for-stm32.11.3.rel1.win32_1.1.100.202309141235/tools/bin/../lib/gcc/arm-none-eabi/11.3.1/../../../../arm-none-eabi/lib/thumb/v7e-m+fp/hard\libc_nano.a(libc_a-mprec.o)
                0x000000000800ed94                __d2b
 .text.__ascii_wctomb
                0x000000000800ee48       0x1a D:/GP/IMP_Files/STM32CubeIDE_1.4.0/STM32CubeIDE/plugins/com.st.stm32cube.ide.mcu.externaltools.gnu-tools-for-stm32.11.3.rel1.win32_1.1.100.202309141235/tools/bin/../lib/gcc/arm-none-eabi/11.3.1/../../../../arm-none-eabi/lib/thumb/v7e-m+fp/hard\libc_nano.a(libc_a-wctomb_r.o)
                0x000000000800ee48                __ascii_wctomb
 .text.__ssputs_r
                0x000000000800ee62       0xb4 D:/GP/IMP_Files/STM32CubeIDE_1.4.0/STM32CubeIDE/plugins/com.st.stm32cube.ide.mcu.externaltools.gnu-tools-for-stm32.11.3.rel1.win32_1.1.100.202309141235/tools/bin/../lib/gcc/arm-none-eabi/11.3.1/../../../../arm-none-eabi/lib/thumb/v7e-m+fp/hard\libc_nano.a(libc_a-nano-svfprintf.o)
                0x000000000800ee62                __ssputs_r
 *fill*         0x000000000800ef16        0x2 
 .text._svfprintf_r
                0x000000000800ef18      0x1fc D:/GP/IMP_Files/STM32CubeIDE_1.4.0/STM32CubeIDE/plugins/com.st.stm32cube.ide.mcu.externaltools.gnu-tools-for-stm32.11.3.rel1.win32_1.1.100.202309141235/tools/bin/../lib/gcc/arm-none-eabi/11.3.1/../../../../arm-none-eabi/lib/thumb/v7e-m+fp/hard\libc_nano.a(libc_a-nano-svfprintf.o)
                0x000000000800ef18                _svfiprintf_r
                0x000000000800ef18                _svfprintf_r
 .text.__sflush_r
                0x000000000800f114      0x10c D:/GP/IMP_Files/STM32CubeIDE_1.4.0/STM32CubeIDE/plugins/com.st.stm32cube.ide.mcu.externaltools.gnu-tools-for-stm32.11.3.rel1.win32_1.1.100.202309141235/tools/bin/../lib/gcc/arm-none-eabi/11.3.1/../../../../arm-none-eabi/lib/thumb/v7e-m+fp/hard\libc_nano.a(libc_a-fflush.o)
                0x000000000800f114                __sflush_r
 .text._fflush_r
                0x000000000800f220       0x50 D:/GP/IMP_Files/STM32CubeIDE_1.4.0/STM32CubeIDE/plugins/com.st.stm32cube.ide.mcu.externaltools.gnu-tools-for-stm32.11.3.rel1.win32_1.1.100.202309141235/tools/bin/../lib/gcc/arm-none-eabi/11.3.1/../../../../arm-none-eabi/lib/thumb/v7e-m+fp/hard\libc_nano.a(libc_a-fflush.o)
                0x000000000800f220                _fflush_r
 .text.memmove  0x000000000800f270       0x34 D:/GP/IMP_Files/STM32CubeIDE_1.4.0/STM32CubeIDE/plugins/com.st.stm32cube.ide.mcu.externaltools.gnu-tools-for-stm32.11.3.rel1.win32_1.1.100.202309141235/tools/bin/../lib/gcc/arm-none-eabi/11.3.1/../../../../arm-none-eabi/lib/thumb/v7e-m+fp/hard\libc_nano.a(libc_a-memmove.o)
                0x000000000800f270                memmove
 .text._sbrk_r  0x000000000800f2a4       0x20 D:/GP/IMP_Files/STM32CubeIDE_1.4.0/STM32CubeIDE/plugins/com.st.stm32cube.ide.mcu.externaltools.gnu-tools-for-stm32.11.3.rel1.win32_1.1.100.202309141235/tools/bin/../lib/gcc/arm-none-eabi/11.3.1/../../../../arm-none-eabi/lib/thumb/v7e-m+fp/hard\libc_nano.a(libc_a-sbrkr.o)
                0x000000000800f2a4                _sbrk_r
 .text.__assert_func
                0x000000000800f2c4       0x3c D:/GP/IMP_Files/STM32CubeIDE_1.4.0/STM32CubeIDE/plugins/com.st.stm32cube.ide.mcu.externaltools.gnu-tools-for-stm32.11.3.rel1.win32_1.1.100.202309141235/tools/bin/../lib/gcc/arm-none-eabi/11.3.1/../../../../arm-none-eabi/lib/thumb/v7e-m+fp/hard\libc_nano.a(libc_a-assert.o)
                0x000000000800f2c4                __assert_func
 .text._calloc_r
                0x000000000800f300       0x2c D:/GP/IMP_Files/STM32CubeIDE_1.4.0/STM32CubeIDE/plugins/com.st.stm32cube.ide.mcu.externaltools.gnu-tools-for-stm32.11.3.rel1.win32_1.1.100.202309141235/tools/bin/../lib/gcc/arm-none-eabi/11.3.1/../../../../arm-none-eabi/lib/thumb/v7e-m+fp/hard\libc_nano.a(libc_a-callocr.o)
                0x000000000800f300                _calloc_r
 .text._realloc_r
                0x000000000800f32c       0x5e D:/GP/IMP_Files/STM32CubeIDE_1.4.0/STM32CubeIDE/plugins/com.st.stm32cube.ide.mcu.externaltools.gnu-tools-for-stm32.11.3.rel1.win32_1.1.100.202309141235/tools/bin/../lib/gcc/arm-none-eabi/11.3.1/../../../../arm-none-eabi/lib/thumb/v7e-m+fp/hard\libc_nano.a(libc_a-reallocr.o)
                0x000000000800f32c                _realloc_r
 *fill*         0x000000000800f38a        0x2 
 .text.fprintf  0x000000000800f38c       0x24 D:/GP/IMP_Files/STM32CubeIDE_1.4.0/STM32CubeIDE/plugins/com.st.stm32cube.ide.mcu.externaltools.gnu-tools-for-stm32.11.3.rel1.win32_1.1.100.202309141235/tools/bin/../lib/gcc/arm-none-eabi/11.3.1/../../../../arm-none-eabi/lib/thumb/v7e-m+fp/hard\libc_nano.a(libc_a-fprintf.o)
                0x000000000800f38c                fiprintf
                0x000000000800f38c                fprintf
 .text.abort    0x000000000800f3b0        0xe D:/GP/IMP_Files/STM32CubeIDE_1.4.0/STM32CubeIDE/plugins/com.st.stm32cube.ide.mcu.externaltools.gnu-tools-for-stm32.11.3.rel1.win32_1.1.100.202309141235/tools/bin/../lib/gcc/arm-none-eabi/11.3.1/../../../../arm-none-eabi/lib/thumb/v7e-m+fp/hard\libc_nano.a(libc_a-abort.o)
                0x000000000800f3b0                abort
 .text._malloc_usable_size_r
                0x000000000800f3be       0x10 D:/GP/IMP_Files/STM32CubeIDE_1.4.0/STM32CubeIDE/plugins/com.st.stm32cube.ide.mcu.externaltools.gnu-tools-for-stm32.11.3.rel1.win32_1.1.100.202309141235/tools/bin/../lib/gcc/arm-none-eabi/11.3.1/../../../../arm-none-eabi/lib/thumb/v7e-m+fp/hard\libc_nano.a(libc_a-msizer.o)
                0x000000000800f3be                _malloc_usable_size_r
 .text.__sfputc_r
                0x000000000800f3ce       0x2e D:/GP/IMP_Files/STM32CubeIDE_1.4.0/STM32CubeIDE/plugins/com.st.stm32cube.ide.mcu.externaltools.gnu-tools-for-stm32.11.3.rel1.win32_1.1.100.202309141235/tools/bin/../lib/gcc/arm-none-eabi/11.3.1/../../../../arm-none-eabi/lib/thumb/v7e-m+fp/hard\libc_nano.a(libc_a-nano-vfprintf.o)
 .text.__sfputs_r
                0x000000000800f3fc       0x24 D:/GP/IMP_Files/STM32CubeIDE_1.4.0/STM32CubeIDE/plugins/com.st.stm32cube.ide.mcu.externaltools.gnu-tools-for-stm32.11.3.rel1.win32_1.1.100.202309141235/tools/bin/../lib/gcc/arm-none-eabi/11.3.1/../../../../arm-none-eabi/lib/thumb/v7e-m+fp/hard\libc_nano.a(libc_a-nano-vfprintf.o)
                0x000000000800f3fc                __sfputs_r
 .text._vfprintf_r
                0x000000000800f420      0x234 D:/GP/IMP_Files/STM32CubeIDE_1.4.0/STM32CubeIDE/plugins/com.st.stm32cube.ide.mcu.externaltools.gnu-tools-for-stm32.11.3.rel1.win32_1.1.100.202309141235/tools/bin/../lib/gcc/arm-none-eabi/11.3.1/../../../../arm-none-eabi/lib/thumb/v7e-m+fp/hard\libc_nano.a(libc_a-nano-vfprintf.o)
                0x000000000800f420                _vfprintf_r
                0x000000000800f420                _vfiprintf_r
 .text.__swbuf_r
                0x000000000800f654       0x7a D:/GP/IMP_Files/STM32CubeIDE_1.4.0/STM32CubeIDE/plugins/com.st.stm32cube.ide.mcu.externaltools.gnu-tools-for-stm32.11.3.rel1.win32_1.1.100.202309141235/tools/bin/../lib/gcc/arm-none-eabi/11.3.1/../../../../arm-none-eabi/lib/thumb/v7e-m+fp/hard\libc_nano.a(libc_a-wbuf.o)
                0x000000000800f654                __swbuf_r
 *fill*         0x000000000800f6ce        0x2 
 .text.__swsetup_r
                0x000000000800f6d0       0xb0 D:/GP/IMP_Files/STM32CubeIDE_1.4.0/STM32CubeIDE/plugins/com.st.stm32cube.ide.mcu.externaltools.gnu-tools-for-stm32.11.3.rel1.win32_1.1.100.202309141235/tools/bin/../lib/gcc/arm-none-eabi/11.3.1/../../../../arm-none-eabi/lib/thumb/v7e-m+fp/hard\libc_nano.a(libc_a-wsetup.o)
                0x000000000800f6d0                __swsetup_r
 .text._raise_r
                0x000000000800f780       0x50 D:/GP/IMP_Files/STM32CubeIDE_1.4.0/STM32CubeIDE/plugins/com.st.stm32cube.ide.mcu.externaltools.gnu-tools-for-stm32.11.3.rel1.win32_1.1.100.202309141235/tools/bin/../lib/gcc/arm-none-eabi/11.3.1/../../../../arm-none-eabi/lib/thumb/v7e-m+fp/hard\libc_nano.a(libc_a-signal.o)
                0x000000000800f780                _raise_r